[0.044s] Invoking command in '/home/alexnew/bumperbot_ws/build/bumperbot_description': CMAKE_PREFIX_PATH=${CMAKE_PREFIX_PATH}:/home/alexnew/bumperbot_ws/install/bumperbot_py_examples:/opt/ros/humble /usr/bin/cmake /home/alexnew/bumperbot_ws/src/bumperbot_description -DCMAKE_INSTALL_PREFIX=/home/alexnew/bumperbot_ws/install/bumperbot_description
[0.099s] -- Found ament_cmake: 1.3.14 (/opt/ros/humble/share/ament_cmake/cmake)
[0.294s] -- Override CMake install command with custom implementation using symlinks instead of copying resources
[0.370s] -- Found urdf: 2.6.1 (/opt/ros/humble/share/urdf/cmake)
[0.480s] -- Found ament_lint_auto: 0.12.15 (/opt/ros/humble/share/ament_lint_auto/cmake)
[0.623s] -- Added test 'copyright' to check source files copyright and LICENSE
[0.627s] -- Added test 'flake8' to check Python code syntax and style conventions
[0.628s] -- Added test 'lint_cmake' to check CMake code style
[0.629s] -- Added test 'pep257' to check Python code against some of the docstring style conventions in PEP 257
[0.631s] -- Added test 'xmllint' to check XML markup files
[0.637s] -- Configuring done
[0.646s] -- Generating done
[0.651s] -- Build files have been written to: /home/alexnew/bumperbot_ws/build/bumperbot_description
[0.661s] Invoked command in '/home/alexnew/bumperbot_ws/build/bumperbot_description' returned '0': CMAKE_PREFIX_PATH=${CMAKE_PREFIX_PATH}:/home/alexnew/bumperbot_ws/install/bumperbot_py_examples:/opt/ros/humble /usr/bin/cmake /home/alexnew/bumperbot_ws/src/bumperbot_description -DCMAKE_INSTALL_PREFIX=/home/alexnew/bumperbot_ws/install/bumperbot_description
[0.661s] Invoking command in '/home/alexnew/bumperbot_ws/build/bumperbot_description': CMAKE_PREFIX_PATH=${CMAKE_PREFIX_PATH}:/home/alexnew/bumperbot_ws/install/bumperbot_py_examples:/opt/ros/humble /usr/bin/cmake --build /home/alexnew/bumperbot_ws/build/bumperbot_description -- -j4 -l4
[0.763s] Invoked command in '/home/alexnew/bumperbot_ws/build/bumperbot_description' returned '0': CMAKE_PREFIX_PATH=${CMAKE_PREFIX_PATH}:/home/alexnew/bumperbot_ws/install/bumperbot_py_examples:/opt/ros/humble /usr/bin/cmake --build /home/alexnew/bumperbot_ws/build/bumperbot_description -- -j4 -l4
[0.791s] Invoking command in '/home/alexnew/bumperbot_ws/build/bumperbot_description': CMAKE_PREFIX_PATH=${CMAKE_PREFIX_PATH}:/home/alexnew/bumperbot_ws/install/bumperbot_py_examples:/opt/ros/humble /usr/bin/cmake --install /home/alexnew/bumperbot_ws/build/bumperbot_description
[0.807s] -- Install configuration: ""
[0.807s] -- Execute custom install script
[0.808s] -- Up-to-date symlink: /home/alexnew/bumperbot_ws/install/bumperbot_description/share/bumperbot_description/launch/display.launch.py
[0.809s] -- Up-to-date symlink: /home/alexnew/bumperbot_ws/install/bumperbot_description/share/bumperbot_description/launch/gazebo.launch.py
[0.810s] -- Up-to-date symlink: /home/alexnew/bumperbot_ws/install/bumperbot_description/share/bumperbot_description/meshes/base_link.STL
[0.810s] -- Up-to-date symlink: /home/alexnew/bumperbot_ws/install/bumperbot_description/share/bumperbot_description/meshes/caster_front_link.STL
[0.810s] -- Up-to-date symlink: /home/alexnew/bumperbot_ws/install/bumperbot_description/share/bumperbot_description/meshes/caster_rear_link.STL
[0.813s] -- Up-to-date symlink: /home/alexnew/bumperbot_ws/install/bumperbot_description/share/bumperbot_description/meshes/imu_link.STL
[0.814s] -- Up-to-date symlink: /home/alexnew/bumperbot_ws/install/bumperbot_description/share/bumperbot_description/meshes/wheel_left_link.STL
[0.814s] -- Up-to-date symlink: /home/alexnew/bumperbot_ws/install/bumperbot_description/share/bumperbot_description/meshes/wheel_right_link.STL
[0.814s] -- Up-to-date symlink: /home/alexnew/bumperbot_ws/install/bumperbot_description/share/bumperbot_description/urdf/bumperbot.urdf.xacro
[0.814s] -- Up-to-date symlink: /home/alexnew/bumperbot_ws/install/bumperbot_description/share/bumperbot_description/urdf/bumperbot_gazebo.xacro
[0.814s] -- Up-to-date symlink: /home/alexnew/bumperbot_ws/install/bumperbot_description/share/bumperbot_description/urdf/bumperbot_ros2_control.xacro
[0.814s] -- Up-to-date symlink: /home/alexnew/bumperbot_ws/install/bumperbot_description/share/bumperbot_description/rviz/display.rviz
[0.815s] -- Up-to-date symlink: /home/alexnew/bumperbot_ws/install/bumperbot_description/share/bumperbot_description/worlds/bumperbot_gps.sdf
[0.816s] -- Up-to-date symlink: /home/alexnew/bumperbot_ws/install/bumperbot_description/share/ament_index/resource_index/package_run_dependencies/bumperbot_description
[0.816s] -- Up-to-date symlink: /home/alexnew/bumperbot_ws/install/bumperbot_description/share/ament_index/resource_index/parent_prefix_path/bumperbot_description
[0.817s] -- Up-to-date symlink: /home/alexnew/bumperbot_ws/install/bumperbot_description/share/bumperbot_description/environment/ament_prefix_path.sh
[0.817s] -- Up-to-date symlink: /home/alexnew/bumperbot_ws/install/bumperbot_description/share/bumperbot_description/environment/ament_prefix_path.dsv
[0.817s] -- Up-to-date symlink: /home/alexnew/bumperbot_ws/install/bumperbot_description/share/bumperbot_description/environment/path.sh
[0.818s] -- Up-to-date symlink: /home/alexnew/bumperbot_ws/install/bumperbot_description/share/bumperbot_description/environment/path.dsv
[0.820s] -- Up-to-date symlink: /home/alexnew/bumperbot_ws/install/bumperbot_description/share/bumperbot_description/local_setup.bash
[0.822s] -- Up-to-date symlink: /home/alexnew/bumperbot_ws/install/bumperbot_description/share/bumperbot_description/local_setup.sh
[0.823s] -- Up-to-date symlink: /home/alexnew/bumperbot_ws/install/bumperbot_description/share/bumperbot_description/local_setup.zsh
[0.823s] -- Up-to-date symlink: /home/alexnew/bumperbot_ws/install/bumperbot_description/share/bumperbot_description/local_setup.dsv
[0.825s] -- Symlinking: /home/alexnew/bumperbot_ws/install/bumperbot_description/share/bumperbot_description/package.dsv
[0.839s] -- Up-to-date symlink: /home/alexnew/bumperbot_ws/install/bumperbot_description/share/ament_index/resource_index/packages/bumperbot_description
[0.839s] -- Up-to-date symlink: /home/alexnew/bumperbot_ws/install/bumperbot_description/share/bumperbot_description/cmake/bumperbot_descriptionConfig.cmake
[0.840s] -- Up-to-date symlink: /home/alexnew/bumperbot_ws/install/bumperbot_description/share/bumperbot_description/cmake/bumperbot_descriptionConfig-version.cmake
[0.840s] -- Up-to-date symlink: /home/alexnew/bumperbot_ws/install/bumperbot_description/share/bumperbot_description/package.xml
[0.842s] Invoked command in '/home/alexnew/bumperbot_ws/build/bumperbot_description' returned '0': CMAKE_PREFIX_PATH=${CMAKE_PREFIX_PATH}:/home/alexnew/bumperbot_ws/install/bumperbot_py_examples:/opt/ros/humble /usr/bin/cmake --install /home/alexnew/bumperbot_ws/build/bumperbot_description
