[0.059s] Invoking command in '/home/alexnew/bumperbot_ws/build/bumperbot_localization': CMAKE_PREFIX_PATH=${CMAKE_PREFIX_PATH}:/home/alexnew/bumperbot_ws/install/bumperbot_py_examples:/opt/ros/humble /usr/bin/cmake --build /home/alexnew/bumperbot_ws/build/bumperbot_localization -- -j4 -l4
[0.196s] [ 50%] Built target kalman_filter
[0.323s] [ 50%] Built target ament_cmake_python_symlink_bumperbot_localization
[0.402s] [100%] Built target imu_republisher
[0.837s] running egg_info
[0.843s] writing bumperbot_localization.egg-info/PKG-INFO
[0.854s] writing dependency_links to bumperbot_localization.egg-info/dependency_links.txt
[0.854s] writing top-level names to bumperbot_localization.egg-info/top_level.txt
[0.873s] reading manifest file 'bumperbot_localization.egg-info/SOURCES.txt'
[0.873s] writing manifest file 'bumperbot_localization.egg-info/SOURCES.txt'
[0.962s] [100%] Built target ament_cmake_python_build_bumperbot_localization_egg
[1.006s] Invoked command in '/home/alexnew/bumperbot_ws/build/bumperbot_localization' returned '0': CMAKE_PREFIX_PATH=${CMAKE_PREFIX_PATH}:/home/alexnew/bumperbot_ws/install/bumperbot_py_examples:/opt/ros/humble /usr/bin/cmake --build /home/alexnew/bumperbot_ws/build/bumperbot_localization -- -j4 -l4
[1.017s] Invoking command in '/home/alexnew/bumperbot_ws/build/bumperbot_localization': CMAKE_PREFIX_PATH=${CMAKE_PREFIX_PATH}:/home/alexnew/bumperbot_ws/install/bumperbot_py_examples:/opt/ros/humble /usr/bin/cmake --install /home/alexnew/bumperbot_ws/build/bumperbot_localization
[1.049s] -- Install configuration: ""
[1.054s] -- Execute custom install script
[1.054s] -- Up-to-date symlink: /home/alexnew/bumperbot_ws/install/bumperbot_localization/share/bumperbot_localization/environment/pythonpath.sh
[1.054s] -- Up-to-date symlink: /home/alexnew/bumperbot_ws/install/bumperbot_localization/share/bumperbot_localization/environment/pythonpath.dsv
[1.054s] -- Up-to-date symlink: /home/alexnew/bumperbot_ws/install/bumperbot_localization/local/lib/python3.10/dist-packages/bumperbot_localization-0.0.0-py3.10.egg-info/PKG-INFO
[1.054s] -- Up-to-date symlink: /home/alexnew/bumperbot_ws/install/bumperbot_localization/local/lib/python3.10/dist-packages/bumperbot_localization-0.0.0-py3.10.egg-info/SOURCES.txt
[1.054s] -- Up-to-date symlink: /home/alexnew/bumperbot_ws/install/bumperbot_localization/local/lib/python3.10/dist-packages/bumperbot_localization-0.0.0-py3.10.egg-info/dependency_links.txt
[1.059s] -- Up-to-date symlink: /home/alexnew/bumperbot_ws/install/bumperbot_localization/local/lib/python3.10/dist-packages/bumperbot_localization-0.0.0-py3.10.egg-info/top_level.txt
[1.063s] -- Up-to-date symlink: /home/alexnew/bumperbot_ws/install/bumperbot_localization/local/lib/python3.10/dist-packages/bumperbot_localization/__init__.py
[1.067s] -- Up-to-date symlink: /home/alexnew/bumperbot_ws/install/bumperbot_localization/local/lib/python3.10/dist-packages/bumperbot_localization/ann_trainer.py
[1.068s] -- Up-to-date symlink: /home/alexnew/bumperbot_ws/install/bumperbot_localization/local/lib/python3.10/dist-packages/bumperbot_localization/complementary_filter.py
[1.068s] -- Up-to-date symlink: /home/alexnew/bumperbot_ws/install/bumperbot_localization/local/lib/python3.10/dist-packages/bumperbot_localization/gps_odom_republisher.py
[1.073s] -- Up-to-date symlink: /home/alexnew/bumperbot_ws/install/bumperbot_localization/local/lib/python3.10/dist-packages/bumperbot_localization/gps_republisher.py
[1.073s] -- Up-to-date symlink: /home/alexnew/bumperbot_ws/install/bumperbot_localization/local/lib/python3.10/dist-packages/bumperbot_localization/imu_republisher.py
[1.073s] -- Up-to-date symlink: /home/alexnew/bumperbot_ws/install/bumperbot_localization/local/lib/python3.10/dist-packages/bumperbot_localization/imu_sim_republisher.py
[1.073s] -- Up-to-date symlink: /home/alexnew/bumperbot_ws/install/bumperbot_localization/local/lib/python3.10/dist-packages/bumperbot_localization/kalman_filter.py
[1.073s] -- Up-to-date symlink: /home/alexnew/bumperbot_ws/install/bumperbot_localization/include/include/bumperbot_localization/kalman_filter.hpp
[1.077s] -- Up-to-date symlink: /home/alexnew/bumperbot_ws/install/bumperbot_localization/lib/bumperbot_localization/kalman_filter
[1.077s] -- Up-to-date symlink: /home/alexnew/bumperbot_ws/install/bumperbot_localization/lib/bumperbot_localization/imu_republisher
[1.079s] -- Up-to-date symlink: /home/alexnew/bumperbot_ws/install/bumperbot_localization/share/bumperbot_localization/launch/local_localization.launch.py
[1.080s] -- Up-to-date symlink: /home/alexnew/bumperbot_ws/install/bumperbot_localization/share/bumperbot_localization/config/ann_trainer.yaml
[1.084s] -- Up-to-date symlink: /home/alexnew/bumperbot_ws/install/bumperbot_localization/share/bumperbot_localization/config/complementary_filter.yaml
[1.084s] -- Up-to-date symlink: /home/alexnew/bumperbot_ws/install/bumperbot_localization/share/bumperbot_localization/config/ekf.yaml
[1.085s] -- Up-to-date symlink: /home/alexnew/bumperbot_ws/install/bumperbot_localization/share/bumperbot_localization/config/ekf_global.yaml
[1.085s] -- Up-to-date symlink: /home/alexnew/bumperbot_ws/install/bumperbot_localization/share/bumperbot_localization/config/ekf_gps_imu.yaml
[1.087s] -- Up-to-date symlink: /home/alexnew/bumperbot_ws/install/bumperbot_localization/share/bumperbot_localization/config/ekf_gps_odom.yaml
[1.087s] -- Up-to-date symlink: /home/alexnew/bumperbot_ws/install/bumperbot_localization/share/bumperbot_localization/config/navsat_transform.yaml
[1.087s] -- Up-to-date symlink: /home/alexnew/bumperbot_ws/install/bumperbot_localization/lib/bumperbot_localization/kalman_filter.py
[1.090s] -- Up-to-date symlink: /home/alexnew/bumperbot_ws/install/bumperbot_localization/lib/bumperbot_localization/imu_republisher.py
[1.090s] -- Up-to-date symlink: /home/alexnew/bumperbot_ws/install/bumperbot_localization/lib/bumperbot_localization/gps_republisher.py
[1.090s] -- Up-to-date symlink: /home/alexnew/bumperbot_ws/install/bumperbot_localization/lib/bumperbot_localization/gps_odom_republisher.py
[1.091s] -- Up-to-date symlink: /home/alexnew/bumperbot_ws/install/bumperbot_localization/lib/bumperbot_localization/imu_sim_republisher.py
[1.091s] -- Up-to-date symlink: /home/alexnew/bumperbot_ws/install/bumperbot_localization/lib/bumperbot_localization/complementary_filter.py
[1.091s] -- Up-to-date symlink: /home/alexnew/bumperbot_ws/install/bumperbot_localization/lib/bumperbot_localization/ann_trainer.py
[1.092s] -- Up-to-date symlink: /home/alexnew/bumperbot_ws/install/bumperbot_localization/share/ament_index/resource_index/package_run_dependencies/bumperbot_localization
[1.092s] -- Up-to-date symlink: /home/alexnew/bumperbot_ws/install/bumperbot_localization/share/ament_index/resource_index/parent_prefix_path/bumperbot_localization
[1.092s] -- Up-to-date symlink: /home/alexnew/bumperbot_ws/install/bumperbot_localization/share/bumperbot_localization/environment/ament_prefix_path.sh
[1.093s] -- Up-to-date symlink: /home/alexnew/bumperbot_ws/install/bumperbot_localization/share/bumperbot_localization/environment/ament_prefix_path.dsv
[1.093s] -- Up-to-date symlink: /home/alexnew/bumperbot_ws/install/bumperbot_localization/share/bumperbot_localization/environment/path.sh
[1.093s] -- Up-to-date symlink: /home/alexnew/bumperbot_ws/install/bumperbot_localization/share/bumperbot_localization/environment/path.dsv
[1.093s] -- Up-to-date symlink: /home/alexnew/bumperbot_ws/install/bumperbot_localization/share/bumperbot_localization/local_setup.bash
[1.107s] -- Up-to-date symlink: /home/alexnew/bumperbot_ws/install/bumperbot_localization/share/bumperbot_localization/local_setup.sh
[1.111s] -- Up-to-date symlink: /home/alexnew/bumperbot_ws/install/bumperbot_localization/share/bumperbot_localization/local_setup.zsh
[1.111s] -- Up-to-date symlink: /home/alexnew/bumperbot_ws/install/bumperbot_localization/share/bumperbot_localization/local_setup.dsv
[1.111s] -- Symlinking: /home/alexnew/bumperbot_ws/install/bumperbot_localization/share/bumperbot_localization/package.dsv
[1.129s] -- Up-to-date symlink: /home/alexnew/bumperbot_ws/install/bumperbot_localization/share/ament_index/resource_index/packages/bumperbot_localization
[1.132s] -- Up-to-date symlink: /home/alexnew/bumperbot_ws/install/bumperbot_localization/share/bumperbot_localization/cmake/bumperbot_localizationConfig.cmake
[1.132s] -- Up-to-date symlink: /home/alexnew/bumperbot_ws/install/bumperbot_localization/share/bumperbot_localization/cmake/bumperbot_localizationConfig-version.cmake
[1.132s] -- Up-to-date symlink: /home/alexnew/bumperbot_ws/install/bumperbot_localization/share/bumperbot_localization/package.xml
[1.222s] Listing '/home/alexnew/bumperbot_ws/install/bumperbot_localization/local/lib/python3.10/dist-packages/bumperbot_localization'...
[1.237s] Invoked command in '/home/alexnew/bumperbot_ws/build/bumperbot_localization' returned '0': CMAKE_PREFIX_PATH=${CMAKE_PREFIX_PATH}:/home/alexnew/bumperbot_ws/install/bumperbot_py_examples:/opt/ros/humble /usr/bin/cmake --install /home/alexnew/bumperbot_ws/build/bumperbot_localization
