[0.572s] Invoking command in '/home/alexnew/bumperbot_ws/build/bumperbot_py_examples': CMAKE_PREFIX_PATH=/home/alexnew/bumperbot_ws/install/bumperbot_msgs:/home/alexnew/bumperbot_ws/install/bumperbot_cpp_examples:/home/alexnew/bumperbot_ws/install/bumperbot_localization:/home/alexnew/bumperbot_ws/install/bumperbot_description:/home/alexnew/bumperbot_ws/install/bumperbot_controller PYTHONPATH=/home/alexnew/bumperbot_ws/build/bumperbot_py_examples/prefix_override:/usr/lib/python3/dist-packages/colcon_core/task/python/colcon_distutils_commands:/home/alexnew/bumperbot_ws/install/bumperbot_py_examples/lib/python3.10/site-packages:${PYTHONPATH} /usr/bin/python3 -W ignore:setup.py install is deprecated -W ignore:easy_install command is deprecated setup.py develop --editable --build-directory /home/alexnew/bumperbot_ws/build/bumperbot_py_examples/build --no-deps symlink_data
[0.807s] running develop
[0.955s] running egg_info
[0.956s] writing bumperbot_py_examples.egg-info/PKG-INFO
[0.956s] writing dependency_links to bumperbot_py_examples.egg-info/dependency_links.txt
[0.957s] writing entry points to bumperbot_py_examples.egg-info/entry_points.txt
[0.958s] writing requirements to bumperbot_py_examples.egg-info/requires.txt
[0.958s] writing top-level names to bumperbot_py_examples.egg-info/top_level.txt
[0.962s] reading manifest file 'bumperbot_py_examples.egg-info/SOURCES.txt'
[0.963s] writing manifest file 'bumperbot_py_examples.egg-info/SOURCES.txt'
[0.965s] running build_ext
[0.965s] Creating /home/alexnew/bumperbot_ws/install/bumperbot_py_examples/lib/python3.10/site-packages/bumperbot-py-examples.egg-link (link to .)
[0.967s] Installing simple_parameter script to /home/alexnew/bumperbot_ws/install/bumperbot_py_examples/lib/bumperbot_py_examples
[0.968s] Installing simple_publisher script to /home/alexnew/bumperbot_ws/install/bumperbot_py_examples/lib/bumperbot_py_examples
[0.968s] Installing simple_service_client script to /home/alexnew/bumperbot_ws/install/bumperbot_py_examples/lib/bumperbot_py_examples
[0.968s] Installing simple_service_server script to /home/alexnew/bumperbot_ws/install/bumperbot_py_examples/lib/bumperbot_py_examples
[0.968s] Installing simple_subscriber script to /home/alexnew/bumperbot_ws/install/bumperbot_py_examples/lib/bumperbot_py_examples
[0.968s] Installing simple_tf_kinematics script to /home/alexnew/bumperbot_ws/install/bumperbot_py_examples/lib/bumperbot_py_examples
[0.970s] Installing simple_turtlesim_kinematics script to /home/alexnew/bumperbot_ws/install/bumperbot_py_examples/lib/bumperbot_py_examples
[0.970s] 
[0.970s] Installed /home/alexnew/bumperbot_ws/build/bumperbot_py_examples
[0.970s] running symlink_data
[1.004s] Invoked command in '/home/alexnew/bumperbot_ws/build/bumperbot_py_examples' returned '0': CMAKE_PREFIX_PATH=/home/alexnew/bumperbot_ws/install/bumperbot_msgs:/home/alexnew/bumperbot_ws/install/bumperbot_cpp_examples:/home/alexnew/bumperbot_ws/install/bumperbot_localization:/home/alexnew/bumperbot_ws/install/bumperbot_description:/home/alexnew/bumperbot_ws/install/bumperbot_controller PYTHONPATH=/home/alexnew/bumperbot_ws/build/bumperbot_py_examples/prefix_override:/usr/lib/python3/dist-packages/colcon_core/task/python/colcon_distutils_commands:/home/alexnew/bumperbot_ws/install/bumperbot_py_examples/lib/python3.10/site-packages:${PYTHONPATH} /usr/bin/python3 -W ignore:setup.py install is deprecated -W ignore:easy_install command is deprecated setup.py develop --editable --build-directory /home/alexnew/bumperbot_ws/build/bumperbot_py_examples/build --no-deps symlink_data
