[0.027s] Invoking command in '/home/alexnew/bumperbot_ws/build/bumperbot_controller': CMAKE_PREFIX_PATH=${CMAKE_PREFIX_PATH}:/home/alexnew/bumperbot_ws/install/bumperbot_py_examples:/opt/ros/humble /usr/bin/cmake /home/alexnew/bumperbot_ws/src/bumperbot_controller -DAMENT_CMAKE_SYMLINK_INSTALL=1 -DCMAKE_INSTALL_PREFIX=/home/alexnew/bumperbot_ws/install/bumperbot_controller
[0.040s] -- Found ament_cmake: 1.3.14 (/opt/ros/humble/share/ament_cmake/cmake)
[0.165s] -- Override CMake install command with custom implementation using symlinks instead of copying resources
[0.175s] -- Found rclcpp: 16.0.19 (/opt/ros/humble/share/rclcpp/cmake)
[0.185s] -- Found rosidl_generator_c: 3.1.8 (/opt/ros/humble/share/rosidl_generator_c/cmake)
[0.185s] -- Found rosidl_adapter: 3.1.8 (/opt/ros/humble/share/rosidl_adapter/cmake)
[0.190s] -- Found rosidl_generator_cpp: 3.1.8 (/opt/ros/humble/share/rosidl_generator_cpp/cmake)
[0.205s] -- Using all available rosidl_typesupport_c: rosidl_typesupport_fastrtps_c;rosidl_typesupport_introspection_c
[0.206s] -- Using all available rosidl_typesupport_cpp: rosidl_typesupport_fastrtps_cpp;rosidl_typesupport_introspection_cpp
[0.231s] -- Found rmw_implementation_cmake: 6.1.2 (/opt/ros/humble/share/rmw_implementation_cmake/cmake)
[0.232s] -- Found rmw_fastrtps_cpp: 6.2.10 (/opt/ros/humble/share/rmw_fastrtps_cpp/cmake)
[0.353s] -- Using RMW implementation 'rmw_fastrtps_cpp' as default
[0.394s] -- Found rclpy: 3.3.21 (/opt/ros/humble/share/rclpy/cmake)
[0.395s] -- Found geometry_msgs: 4.9.1 (/opt/ros/humble/share/geometry_msgs/cmake)
[0.408s] -- Found sensor_msgs: 4.9.1 (/opt/ros/humble/share/sensor_msgs/cmake)
[0.417s] -- Found nav_msgs: 4.9.1 (/opt/ros/humble/share/nav_msgs/cmake)
[0.430s] -- Found tf2_ros: 0.25.20 (/opt/ros/humble/share/tf2_ros/cmake)
[0.636s] -- Configuring done
[0.663s] -- Generating done
[0.677s] -- Build files have been written to: /home/alexnew/bumperbot_ws/build/bumperbot_controller
[0.709s] Invoked command in '/home/alexnew/bumperbot_ws/build/bumperbot_controller' returned '0': CMAKE_PREFIX_PATH=${CMAKE_PREFIX_PATH}:/home/alexnew/bumperbot_ws/install/bumperbot_py_examples:/opt/ros/humble /usr/bin/cmake /home/alexnew/bumperbot_ws/src/bumperbot_controller -DAMENT_CMAKE_SYMLINK_INSTALL=1 -DCMAKE_INSTALL_PREFIX=/home/alexnew/bumperbot_ws/install/bumperbot_controller
[0.709s] Invoking command in '/home/alexnew/bumperbot_ws/build/bumperbot_controller': CMAKE_PREFIX_PATH=${CMAKE_PREFIX_PATH}:/home/alexnew/bumperbot_ws/install/bumperbot_py_examples:/opt/ros/humble /usr/bin/cmake --build /home/alexnew/bumperbot_ws/build/bumperbot_controller -- -j4 -l4
[0.779s] [35m[1mConsolidate compiler generated dependencies of target noisy_controller[0m
[0.779s] [35m[1mConsolidate compiler generated dependencies of target simple_controller[0m
[0.788s] [ 50%] Built target noisy_controller
[0.816s] [ 50%] Built target ament_cmake_python_symlink_bumperbot_controller
[0.824s] [100%] Built target simple_controller
[1.054s] running egg_info
[1.054s] writing bumperbot_controller.egg-info/PKG-INFO
[1.056s] writing dependency_links to bumperbot_controller.egg-info/dependency_links.txt
[1.056s] writing top-level names to bumperbot_controller.egg-info/top_level.txt
[1.060s] reading manifest file 'bumperbot_controller.egg-info/SOURCES.txt'
[1.060s] writing manifest file 'bumperbot_controller.egg-info/SOURCES.txt'
[1.097s] [100%] Built target ament_cmake_python_build_bumperbot_controller_egg
[1.116s] Invoked command in '/home/alexnew/bumperbot_ws/build/bumperbot_controller' returned '0': CMAKE_PREFIX_PATH=${CMAKE_PREFIX_PATH}:/home/alexnew/bumperbot_ws/install/bumperbot_py_examples:/opt/ros/humble /usr/bin/cmake --build /home/alexnew/bumperbot_ws/build/bumperbot_controller -- -j4 -l4
[1.117s] Invoking command in '/home/alexnew/bumperbot_ws/build/bumperbot_controller': CMAKE_PREFIX_PATH=${CMAKE_PREFIX_PATH}:/home/alexnew/bumperbot_ws/install/bumperbot_py_examples:/opt/ros/humble /usr/bin/cmake --install /home/alexnew/bumperbot_ws/build/bumperbot_controller
[1.125s] -- Install configuration: ""
[1.127s] -- Execute custom install script
[1.128s] -- Up-to-date symlink: /home/alexnew/bumperbot_ws/install/bumperbot_controller/share/bumperbot_controller/environment/pythonpath.sh
[1.128s] -- Up-to-date symlink: /home/alexnew/bumperbot_ws/install/bumperbot_controller/share/bumperbot_controller/environment/pythonpath.dsv
[1.130s] -- Up-to-date symlink: /home/alexnew/bumperbot_ws/install/bumperbot_controller/local/lib/python3.10/dist-packages/bumperbot_controller-0.0.0-py3.10.egg-info/PKG-INFO
[1.131s] -- Up-to-date symlink: /home/alexnew/bumperbot_ws/install/bumperbot_controller/local/lib/python3.10/dist-packages/bumperbot_controller-0.0.0-py3.10.egg-info/SOURCES.txt
[1.131s] -- Up-to-date symlink: /home/alexnew/bumperbot_ws/install/bumperbot_controller/local/lib/python3.10/dist-packages/bumperbot_controller-0.0.0-py3.10.egg-info/dependency_links.txt
[1.131s] -- Up-to-date symlink: /home/alexnew/bumperbot_ws/install/bumperbot_controller/local/lib/python3.10/dist-packages/bumperbot_controller-0.0.0-py3.10.egg-info/top_level.txt
[1.131s] -- Up-to-date symlink: /home/alexnew/bumperbot_ws/install/bumperbot_controller/local/lib/python3.10/dist-packages/bumperbot_controller/__init__.py
[1.131s] -- Up-to-date symlink: /home/alexnew/bumperbot_ws/install/bumperbot_controller/local/lib/python3.10/dist-packages/bumperbot_controller/noisy_controller.py
[1.131s] -- Up-to-date symlink: /home/alexnew/bumperbot_ws/install/bumperbot_controller/local/lib/python3.10/dist-packages/bumperbot_controller/simple_controller.py
[1.132s] -- Up-to-date symlink: /home/alexnew/bumperbot_ws/install/bumperbot_controller/include/include/bumperbot_controller/noisy_controller.hpp
[1.132s] -- Up-to-date symlink: /home/alexnew/bumperbot_ws/install/bumperbot_controller/include/include/bumperbot_controller/simple_controller.hpp
[1.132s] -- Up-to-date symlink: /home/alexnew/bumperbot_ws/install/bumperbot_controller/lib/bumperbot_controller/simple_controller
[1.132s] -- Up-to-date symlink: /home/alexnew/bumperbot_ws/install/bumperbot_controller/lib/bumperbot_controller/noisy_controller
[1.133s] -- Up-to-date symlink: /home/alexnew/bumperbot_ws/install/bumperbot_controller/share/bumperbot_controller/launch/controller.launch.py
[1.133s] -- Up-to-date symlink: /home/alexnew/bumperbot_ws/install/bumperbot_controller/share/bumperbot_controller/launch/joystick_teleop.launch.py
[1.133s] -- Up-to-date symlink: /home/alexnew/bumperbot_ws/install/bumperbot_controller/share/bumperbot_controller/config/bumperbot_controllers.yaml
[1.135s] -- Up-to-date symlink: /home/alexnew/bumperbot_ws/install/bumperbot_controller/share/bumperbot_controller/config/joy_config.yaml
[1.135s] -- Up-to-date symlink: /home/alexnew/bumperbot_ws/install/bumperbot_controller/share/bumperbot_controller/config/joy_teleop.yaml
[1.135s] -- Up-to-date symlink: /home/alexnew/bumperbot_ws/install/bumperbot_controller/lib/bumperbot_controller/simple_controller.py
[1.135s] -- Up-to-date symlink: /home/alexnew/bumperbot_ws/install/bumperbot_controller/lib/bumperbot_controller/noisy_controller.py
[1.136s] -- Up-to-date symlink: /home/alexnew/bumperbot_ws/install/bumperbot_controller/share/ament_index/resource_index/package_run_dependencies/bumperbot_controller
[1.136s] -- Up-to-date symlink: /home/alexnew/bumperbot_ws/install/bumperbot_controller/share/ament_index/resource_index/parent_prefix_path/bumperbot_controller
[1.136s] -- Up-to-date symlink: /home/alexnew/bumperbot_ws/install/bumperbot_controller/share/bumperbot_controller/environment/ament_prefix_path.sh
[1.136s] -- Up-to-date symlink: /home/alexnew/bumperbot_ws/install/bumperbot_controller/share/bumperbot_controller/environment/ament_prefix_path.dsv
[1.136s] -- Up-to-date symlink: /home/alexnew/bumperbot_ws/install/bumperbot_controller/share/bumperbot_controller/environment/path.sh
[1.136s] -- Up-to-date symlink: /home/alexnew/bumperbot_ws/install/bumperbot_controller/share/bumperbot_controller/environment/path.dsv
[1.136s] -- Up-to-date symlink: /home/alexnew/bumperbot_ws/install/bumperbot_controller/share/bumperbot_controller/local_setup.bash
[1.137s] -- Up-to-date symlink: /home/alexnew/bumperbot_ws/install/bumperbot_controller/share/bumperbot_controller/local_setup.sh
[1.137s] -- Up-to-date symlink: /home/alexnew/bumperbot_ws/install/bumperbot_controller/share/bumperbot_controller/local_setup.zsh
[1.137s] -- Up-to-date symlink: /home/alexnew/bumperbot_ws/install/bumperbot_controller/share/bumperbot_controller/local_setup.dsv
[1.137s] -- Symlinking: /home/alexnew/bumperbot_ws/install/bumperbot_controller/share/bumperbot_controller/package.dsv
[1.151s] -- Up-to-date symlink: /home/alexnew/bumperbot_ws/install/bumperbot_controller/share/ament_index/resource_index/packages/bumperbot_controller
[1.151s] -- Up-to-date symlink: /home/alexnew/bumperbot_ws/install/bumperbot_controller/share/bumperbot_controller/cmake/bumperbot_controllerConfig.cmake
[1.151s] -- Up-to-date symlink: /home/alexnew/bumperbot_ws/install/bumperbot_controller/share/bumperbot_controller/cmake/bumperbot_controllerConfig-version.cmake
[1.151s] -- Up-to-date symlink: /home/alexnew/bumperbot_ws/install/bumperbot_controller/share/bumperbot_controller/package.xml
[1.181s] Listing '/home/alexnew/bumperbot_ws/install/bumperbot_controller/local/lib/python3.10/dist-packages/bumperbot_controller'...
[1.184s] Invoked command in '/home/alexnew/bumperbot_ws/build/bumperbot_controller' returned '0': CMAKE_PREFIX_PATH=${CMAKE_PREFIX_PATH}:/home/alexnew/bumperbot_ws/install/bumperbot_py_examples:/opt/ros/humble /usr/bin/cmake --install /home/alexnew/bumperbot_ws/build/bumperbot_controller
