[0.027s] Invoking command in '/home/alexnew/bumperbot_ws/build/bumperbot_controller': CMAKE_PREFIX_PATH=${CMAKE_PREFIX_PATH}:/home/alexnew/bumperbot_ws/install/bumperbot_py_examples:/opt/ros/humble /usr/bin/cmake --build /home/alexnew/bumperbot_ws/build/bumperbot_controller -- -j4 -l4
[0.134s] [  0%] Built target ament_cmake_python_symlink_bumperbot_controller
[0.140s] [ 50%] Built target simple_controller
[0.143s] [100%] Built target noisy_controller
[0.394s] running egg_info
[0.396s] writing bumperbot_controller.egg-info/PKG-INFO
[0.396s] writing dependency_links to bumperbot_controller.egg-info/dependency_links.txt
[0.397s] writing top-level names to bumperbot_controller.egg-info/top_level.txt
[0.398s] reading manifest file 'bumperbot_controller.egg-info/SOURCES.txt'
[0.400s] writing manifest file 'bumperbot_controller.egg-info/SOURCES.txt'
[0.437s] [100%] Built target ament_cmake_python_build_bumperbot_controller_egg
[0.453s] Invoked command in '/home/alexnew/bumperbot_ws/build/bumperbot_controller' returned '0': CMAKE_PREFIX_PATH=${CMAKE_PREFIX_PATH}:/home/alexnew/bumperbot_ws/install/bumperbot_py_examples:/opt/ros/humble /usr/bin/cmake --build /home/alexnew/bumperbot_ws/build/bumperbot_controller -- -j4 -l4
[0.474s] Invoking command in '/home/alexnew/bumperbot_ws/build/bumperbot_controller': CMAKE_PREFIX_PATH=${CMAKE_PREFIX_PATH}:/home/alexnew/bumperbot_ws/install/bumperbot_py_examples:/opt/ros/humble /usr/bin/cmake --install /home/alexnew/bumperbot_ws/build/bumperbot_controller
[0.487s] -- Install configuration: ""
[0.487s] -- Execute custom install script
[0.488s] -- Up-to-date symlink: /home/alexnew/bumperbot_ws/install/bumperbot_controller/share/bumperbot_controller/environment/pythonpath.sh
[0.488s] -- Up-to-date symlink: /home/alexnew/bumperbot_ws/install/bumperbot_controller/share/bumperbot_controller/environment/pythonpath.dsv
[0.488s] -- Up-to-date symlink: /home/alexnew/bumperbot_ws/install/bumperbot_controller/local/lib/python3.10/dist-packages/bumperbot_controller-0.0.0-py3.10.egg-info/PKG-INFO
[0.489s] -- Up-to-date symlink: /home/alexnew/bumperbot_ws/install/bumperbot_controller/local/lib/python3.10/dist-packages/bumperbot_controller-0.0.0-py3.10.egg-info/SOURCES.txt
[0.490s] -- Up-to-date symlink: /home/alexnew/bumperbot_ws/install/bumperbot_controller/local/lib/python3.10/dist-packages/bumperbot_controller-0.0.0-py3.10.egg-info/dependency_links.txt
[0.490s] -- Up-to-date symlink: /home/alexnew/bumperbot_ws/install/bumperbot_controller/local/lib/python3.10/dist-packages/bumperbot_controller-0.0.0-py3.10.egg-info/top_level.txt
[0.490s] -- Up-to-date symlink: /home/alexnew/bumperbot_ws/install/bumperbot_controller/local/lib/python3.10/dist-packages/bumperbot_controller/__init__.py
[0.491s] -- Up-to-date symlink: /home/alexnew/bumperbot_ws/install/bumperbot_controller/local/lib/python3.10/dist-packages/bumperbot_controller/noisy_controller.py
[0.491s] -- Up-to-date symlink: /home/alexnew/bumperbot_ws/install/bumperbot_controller/local/lib/python3.10/dist-packages/bumperbot_controller/simple_controller.py
[0.491s] -- Up-to-date symlink: /home/alexnew/bumperbot_ws/install/bumperbot_controller/include/include/bumperbot_controller/noisy_controller.hpp
[0.492s] -- Up-to-date symlink: /home/alexnew/bumperbot_ws/install/bumperbot_controller/include/include/bumperbot_controller/simple_controller.hpp
[0.492s] -- Up-to-date symlink: /home/alexnew/bumperbot_ws/install/bumperbot_controller/lib/bumperbot_controller/simple_controller
[0.492s] -- Up-to-date symlink: /home/alexnew/bumperbot_ws/install/bumperbot_controller/lib/bumperbot_controller/noisy_controller
[0.492s] -- Up-to-date symlink: /home/alexnew/bumperbot_ws/install/bumperbot_controller/share/bumperbot_controller/launch/controller.launch.py
[0.493s] -- Up-to-date symlink: /home/alexnew/bumperbot_ws/install/bumperbot_controller/share/bumperbot_controller/launch/joystick_teleop.launch.py
[0.493s] -- Up-to-date symlink: /home/alexnew/bumperbot_ws/install/bumperbot_controller/share/bumperbot_controller/config/bumperbot_controllers.yaml
[0.493s] -- Up-to-date symlink: /home/alexnew/bumperbot_ws/install/bumperbot_controller/share/bumperbot_controller/config/joy_config.yaml
[0.493s] -- Up-to-date symlink: /home/alexnew/bumperbot_ws/install/bumperbot_controller/share/bumperbot_controller/config/joy_teleop.yaml
[0.494s] -- Up-to-date symlink: /home/alexnew/bumperbot_ws/install/bumperbot_controller/lib/bumperbot_controller/simple_controller.py
[0.494s] -- Up-to-date symlink: /home/alexnew/bumperbot_ws/install/bumperbot_controller/lib/bumperbot_controller/noisy_controller.py
[0.494s] -- Up-to-date symlink: /home/alexnew/bumperbot_ws/install/bumperbot_controller/share/ament_index/resource_index/package_run_dependencies/bumperbot_controller
[0.494s] -- Up-to-date symlink: /home/alexnew/bumperbot_ws/install/bumperbot_controller/share/ament_index/resource_index/parent_prefix_path/bumperbot_controller
[0.495s] -- Up-to-date symlink: /home/alexnew/bumperbot_ws/install/bumperbot_controller/share/bumperbot_controller/environment/ament_prefix_path.sh
[0.495s] -- Up-to-date symlink: /home/alexnew/bumperbot_ws/install/bumperbot_controller/share/bumperbot_controller/environment/ament_prefix_path.dsv
[0.495s] -- Up-to-date symlink: /home/alexnew/bumperbot_ws/install/bumperbot_controller/share/bumperbot_controller/environment/path.sh
[0.495s] -- Up-to-date symlink: /home/alexnew/bumperbot_ws/install/bumperbot_controller/share/bumperbot_controller/environment/path.dsv
[0.495s] -- Up-to-date symlink: /home/alexnew/bumperbot_ws/install/bumperbot_controller/share/bumperbot_controller/local_setup.bash
[0.495s] -- Up-to-date symlink: /home/alexnew/bumperbot_ws/install/bumperbot_controller/share/bumperbot_controller/local_setup.sh
[0.496s] -- Up-to-date symlink: /home/alexnew/bumperbot_ws/install/bumperbot_controller/share/bumperbot_controller/local_setup.zsh
[0.496s] -- Up-to-date symlink: /home/alexnew/bumperbot_ws/install/bumperbot_controller/share/bumperbot_controller/local_setup.dsv
[0.496s] -- Symlinking: /home/alexnew/bumperbot_ws/install/bumperbot_controller/share/bumperbot_controller/package.dsv
[0.509s] -- Up-to-date symlink: /home/alexnew/bumperbot_ws/install/bumperbot_controller/share/ament_index/resource_index/packages/bumperbot_controller
[0.510s] -- Up-to-date symlink: /home/alexnew/bumperbot_ws/install/bumperbot_controller/share/bumperbot_controller/cmake/bumperbot_controllerConfig.cmake
[0.510s] -- Up-to-date symlink: /home/alexnew/bumperbot_ws/install/bumperbot_controller/share/bumperbot_controller/cmake/bumperbot_controllerConfig-version.cmake
[0.510s] -- Up-to-date symlink: /home/alexnew/bumperbot_ws/install/bumperbot_controller/share/bumperbot_controller/package.xml
[0.556s] Listing '/home/alexnew/bumperbot_ws/install/bumperbot_controller/local/lib/python3.10/dist-packages/bumperbot_controller'...
[0.557s] Compiling '/home/alexnew/bumperbot_ws/install/bumperbot_controller/local/lib/python3.10/dist-packages/bumperbot_controller/noisy_controller.py'...
[0.568s] Invoked command in '/home/alexnew/bumperbot_ws/build/bumperbot_controller' returned '0': CMAKE_PREFIX_PATH=${CMAKE_PREFIX_PATH}:/home/alexnew/bumperbot_ws/install/bumperbot_py_examples:/opt/ros/humble /usr/bin/cmake --install /home/alexnew/bumperbot_ws/build/bumperbot_controller
