[0.031s] Invoking command in '/home/alexnew/bumperbot_ws/build/bumperbot_localization': CMAKE_PREFIX_PATH=${CMAKE_PREFIX_PATH}:/home/alexnew/bumperbot_ws/install/bumperbot_py_examples:/opt/ros/humble /usr/bin/cmake /home/alexnew/bumperbot_ws/src/bumperbot_localization -DAMENT_CMAKE_SYMLINK_INSTALL=1 -DCMAKE_INSTALL_PREFIX=/home/alexnew/bumperbot_ws/install/bumperbot_localization
[0.244s] -- The C compiler identification is GNU 11.4.0
[0.465s] -- The CXX compiler identification is GNU 11.4.0
[0.479s] -- Detecting C compiler ABI info
[0.607s] -- Detecting C compiler ABI info - done
[0.621s] -- Check for working C compiler: /usr/bin/cc - skipped
[0.621s] -- Detecting C compile features
[0.623s] -- Detecting C compile features - done
[0.632s] -- Detecting CXX compiler ABI info
[0.759s] -- Detecting CXX compiler ABI info - done
[0.767s] -- Check for working CXX compiler: /usr/bin/c++ - skipped
[0.767s] -- Detecting CXX compile features
[0.768s] -- Detecting CXX compile features - done
[0.769s] -- Found ament_cmake: 1.3.14 (/opt/ros/humble/share/ament_cmake/cmake)
[0.914s] -- Found Python3: /usr/bin/python3 (found version "3.10.12") found components: Interpreter 
[0.973s] -- Override CMake install command with custom implementation using symlinks instead of copying resources
[1.003s] -- Found rclcpp: 16.0.19 (/opt/ros/humble/share/rclcpp/cmake)
[1.042s] -- Found rosidl_generator_c: 3.1.8 (/opt/ros/humble/share/rosidl_generator_c/cmake)
[1.049s] -- Found rosidl_adapter: 3.1.8 (/opt/ros/humble/share/rosidl_adapter/cmake)
[1.054s] -- Found rosidl_generator_cpp: 3.1.8 (/opt/ros/humble/share/rosidl_generator_cpp/cmake)
[1.065s] -- Using all available rosidl_typesupport_c: rosidl_typesupport_fastrtps_c;rosidl_typesupport_introspection_c
[1.078s] -- Using all available rosidl_typesupport_cpp: rosidl_typesupport_fastrtps_cpp;rosidl_typesupport_introspection_cpp
[1.129s] -- Found rmw_implementation_cmake: 6.1.2 (/opt/ros/humble/share/rmw_implementation_cmake/cmake)
[1.129s] -- Found rmw_fastrtps_cpp: 6.2.10 (/opt/ros/humble/share/rmw_fastrtps_cpp/cmake)
[1.301s] -- Found OpenSSL: /usr/lib/x86_64-linux-gnu/libcrypto.so (found version "3.0.2")  
[1.315s] -- Found FastRTPS: /opt/ros/humble/include  
[1.361s] -- Using RMW implementation 'rmw_fastrtps_cpp' as default
[1.372s] -- Looking for pthread.h
[1.509s] -- Looking for pthread.h - found
[1.510s] -- Performing Test CMAKE_HAVE_LIBC_PTHREAD
[1.642s] -- Performing Test CMAKE_HAVE_LIBC_PTHREAD - Success
[1.642s] -- Found Threads: TRUE  
[1.697s] -- Found rclpy: 3.3.21 (/opt/ros/humble/share/rclpy/cmake)
[1.700s] -- Found nav_msgs: 4.9.1 (/opt/ros/humble/share/nav_msgs/cmake)
[1.725s] -- Found sensor_msgs: 4.9.1 (/opt/ros/humble/share/sensor_msgs/cmake)
[1.922s] -- Configuring done
[1.946s] -- Generating done
[1.957s] -- Build files have been written to: /home/alexnew/bumperbot_ws/build/bumperbot_localization
[1.977s] Invoked command in '/home/alexnew/bumperbot_ws/build/bumperbot_localization' returned '0': CMAKE_PREFIX_PATH=${CMAKE_PREFIX_PATH}:/home/alexnew/bumperbot_ws/install/bumperbot_py_examples:/opt/ros/humble /usr/bin/cmake /home/alexnew/bumperbot_ws/src/bumperbot_localization -DAMENT_CMAKE_SYMLINK_INSTALL=1 -DCMAKE_INSTALL_PREFIX=/home/alexnew/bumperbot_ws/install/bumperbot_localization
[1.981s] Invoking command in '/home/alexnew/bumperbot_ws/build/bumperbot_localization': CMAKE_PREFIX_PATH=${CMAKE_PREFIX_PATH}:/home/alexnew/bumperbot_ws/install/bumperbot_py_examples:/opt/ros/humble /usr/bin/cmake --build /home/alexnew/bumperbot_ws/build/bumperbot_localization -- -j4 -l4
[2.063s] [ 25%] [32mBuilding CXX object CMakeFiles/imu_republisher.dir/src/imu_republisher.cpp.o[0m
[2.080s] [ 50%] [32mBuilding CXX object CMakeFiles/kalman_filter.dir/src/kalman_filter.cpp.o[0m
[2.087s] [ 50%] Built target ament_cmake_python_symlink_bumperbot_localization
[2.539s] running egg_info
[2.545s] creating bumperbot_localization.egg-info
[2.546s] writing bumperbot_localization.egg-info/PKG-INFO
[2.546s] writing dependency_links to bumperbot_localization.egg-info/dependency_links.txt
[2.546s] writing top-level names to bumperbot_localization.egg-info/top_level.txt
[2.546s] writing manifest file 'bumperbot_localization.egg-info/SOURCES.txt'
[2.552s] reading manifest file 'bumperbot_localization.egg-info/SOURCES.txt'
[2.552s] writing manifest file 'bumperbot_localization.egg-info/SOURCES.txt'
[2.622s] [ 50%] Built target ament_cmake_python_build_bumperbot_localization_egg
[15.581s] [ 75%] [32m[1mLinking CXX executable imu_republisher[0m
[16.216s] [ 75%] Built target imu_republisher
[18.049s] [100%] [32m[1mLinking CXX executable kalman_filter[0m
[18.527s] [100%] Built target kalman_filter
[18.739s] Invoked command in '/home/alexnew/bumperbot_ws/build/bumperbot_localization' returned '0': CMAKE_PREFIX_PATH=${CMAKE_PREFIX_PATH}:/home/alexnew/bumperbot_ws/install/bumperbot_py_examples:/opt/ros/humble /usr/bin/cmake --build /home/alexnew/bumperbot_ws/build/bumperbot_localization -- -j4 -l4
[18.739s] Invoking command in '/home/alexnew/bumperbot_ws/build/bumperbot_localization': CMAKE_PREFIX_PATH=${CMAKE_PREFIX_PATH}:/home/alexnew/bumperbot_ws/install/bumperbot_py_examples:/opt/ros/humble /usr/bin/cmake --install /home/alexnew/bumperbot_ws/build/bumperbot_localization
[18.740s] -- Install configuration: ""
[18.741s] -- Execute custom install script
[18.742s] -- Symlinking: /home/alexnew/bumperbot_ws/install/bumperbot_localization/share/bumperbot_localization/environment/pythonpath.sh
[18.784s] -- Symlinking: /home/alexnew/bumperbot_ws/install/bumperbot_localization/share/bumperbot_localization/environment/pythonpath.dsv
[18.803s] -- Symlinking: /home/alexnew/bumperbot_ws/install/bumperbot_localization/local/lib/python3.10/dist-packages/bumperbot_localization-0.0.0-py3.10.egg-info/PKG-INFO
[18.803s] -- Symlinking: /home/alexnew/bumperbot_ws/install/bumperbot_localization/local/lib/python3.10/dist-packages/bumperbot_localization-0.0.0-py3.10.egg-info/SOURCES.txt
[18.812s] -- Symlinking: /home/alexnew/bumperbot_ws/install/bumperbot_localization/local/lib/python3.10/dist-packages/bumperbot_localization-0.0.0-py3.10.egg-info/dependency_links.txt
[18.820s] -- Symlinking: /home/alexnew/bumperbot_ws/install/bumperbot_localization/local/lib/python3.10/dist-packages/bumperbot_localization-0.0.0-py3.10.egg-info/top_level.txt
[18.837s] -- Symlinking: /home/alexnew/bumperbot_ws/install/bumperbot_localization/local/lib/python3.10/dist-packages/bumperbot_localization/__init__.py
[18.849s] -- Symlinking: /home/alexnew/bumperbot_ws/install/bumperbot_localization/local/lib/python3.10/dist-packages/bumperbot_localization/gps_odom_republisher.py
[18.859s] -- Symlinking: /home/alexnew/bumperbot_ws/install/bumperbot_localization/local/lib/python3.10/dist-packages/bumperbot_localization/gps_republisher.py
[18.867s] -- Symlinking: /home/alexnew/bumperbot_ws/install/bumperbot_localization/local/lib/python3.10/dist-packages/bumperbot_localization/imu_republisher.py
[18.875s] -- Symlinking: /home/alexnew/bumperbot_ws/install/bumperbot_localization/local/lib/python3.10/dist-packages/bumperbot_localization/kalman_filter.py
[18.884s] -- Symlinking: /home/alexnew/bumperbot_ws/install/bumperbot_localization/include/include/bumperbot_localization/kalman_filter.hpp
[18.894s] -- Symlinking: /home/alexnew/bumperbot_ws/install/bumperbot_localization/lib/bumperbot_localization/kalman_filter
[18.902s] -- Symlinking: /home/alexnew/bumperbot_ws/install/bumperbot_localization/lib/bumperbot_localization/imu_republisher
[18.912s] -- Symlinking: /home/alexnew/bumperbot_ws/install/bumperbot_localization/share/bumperbot_localization/launch/local_localization.launch.py
[18.921s] -- Symlinking: /home/alexnew/bumperbot_ws/install/bumperbot_localization/share/bumperbot_localization/config/ekf.yaml
[18.931s] -- Symlinking: /home/alexnew/bumperbot_ws/install/bumperbot_localization/share/bumperbot_localization/config/ekf_global.yaml
[18.940s] -- Symlinking: /home/alexnew/bumperbot_ws/install/bumperbot_localization/share/bumperbot_localization/config/navsat_transform.yaml
[18.957s] -- Symlinking: /home/alexnew/bumperbot_ws/install/bumperbot_localization/lib/bumperbot_localization/kalman_filter.py
[18.958s] -- Symlinking: /home/alexnew/bumperbot_ws/install/bumperbot_localization/lib/bumperbot_localization/imu_republisher.py
[19.114s] -- Symlinking: /home/alexnew/bumperbot_ws/install/bumperbot_localization/lib/bumperbot_localization/gps_republisher.py
[19.116s] -- Symlinking: /home/alexnew/bumperbot_ws/install/bumperbot_localization/lib/bumperbot_localization/gps_odom_republisher.py
[19.124s] -- Symlinking: /home/alexnew/bumperbot_ws/install/bumperbot_localization/share/ament_index/resource_index/package_run_dependencies/bumperbot_localization
[19.133s] -- Symlinking: /home/alexnew/bumperbot_ws/install/bumperbot_localization/share/ament_index/resource_index/parent_prefix_path/bumperbot_localization
[19.144s] -- Symlinking: /home/alexnew/bumperbot_ws/install/bumperbot_localization/share/bumperbot_localization/environment/ament_prefix_path.sh
[19.153s] -- Symlinking: /home/alexnew/bumperbot_ws/install/bumperbot_localization/share/bumperbot_localization/environment/ament_prefix_path.dsv
[19.161s] -- Symlinking: /home/alexnew/bumperbot_ws/install/bumperbot_localization/share/bumperbot_localization/environment/path.sh
[19.169s] -- Symlinking: /home/alexnew/bumperbot_ws/install/bumperbot_localization/share/bumperbot_localization/environment/path.dsv
[19.178s] -- Symlinking: /home/alexnew/bumperbot_ws/install/bumperbot_localization/share/bumperbot_localization/local_setup.bash
[19.187s] -- Symlinking: /home/alexnew/bumperbot_ws/install/bumperbot_localization/share/bumperbot_localization/local_setup.sh
[19.196s] -- Symlinking: /home/alexnew/bumperbot_ws/install/bumperbot_localization/share/bumperbot_localization/local_setup.zsh
[19.204s] -- Symlinking: /home/alexnew/bumperbot_ws/install/bumperbot_localization/share/bumperbot_localization/local_setup.dsv
[19.213s] -- Symlinking: /home/alexnew/bumperbot_ws/install/bumperbot_localization/share/bumperbot_localization/package.dsv
[19.221s] -- Symlinking: /home/alexnew/bumperbot_ws/install/bumperbot_localization/share/ament_index/resource_index/packages/bumperbot_localization
[19.230s] -- Symlinking: /home/alexnew/bumperbot_ws/install/bumperbot_localization/share/bumperbot_localization/cmake/bumperbot_localizationConfig.cmake
[19.238s] -- Symlinking: /home/alexnew/bumperbot_ws/install/bumperbot_localization/share/bumperbot_localization/cmake/bumperbot_localizationConfig-version.cmake
[19.246s] -- Symlinking: /home/alexnew/bumperbot_ws/install/bumperbot_localization/share/bumperbot_localization/package.xml
[19.769s] Listing '/home/alexnew/bumperbot_ws/install/bumperbot_localization/local/lib/python3.10/dist-packages/bumperbot_localization'...
[19.769s] Compiling '/home/alexnew/bumperbot_ws/install/bumperbot_localization/local/lib/python3.10/dist-packages/bumperbot_localization/__init__.py'...
[19.770s] Compiling '/home/alexnew/bumperbot_ws/install/bumperbot_localization/local/lib/python3.10/dist-packages/bumperbot_localization/gps_odom_republisher.py'...
[19.770s] Compiling '/home/alexnew/bumperbot_ws/install/bumperbot_localization/local/lib/python3.10/dist-packages/bumperbot_localization/gps_republisher.py'...
[19.770s] Compiling '/home/alexnew/bumperbot_ws/install/bumperbot_localization/local/lib/python3.10/dist-packages/bumperbot_localization/imu_republisher.py'...
[19.770s] Compiling '/home/alexnew/bumperbot_ws/install/bumperbot_localization/local/lib/python3.10/dist-packages/bumperbot_localization/kalman_filter.py'...
[19.793s] Invoked command in '/home/alexnew/bumperbot_ws/build/bumperbot_localization' returned '0': CMAKE_PREFIX_PATH=${CMAKE_PREFIX_PATH}:/home/alexnew/bumperbot_ws/install/bumperbot_py_examples:/opt/ros/humble /usr/bin/cmake --install /home/alexnew/bumperbot_ws/build/bumperbot_localization
