[0.104s] DEBUG:colcon:Command line arguments: ['/usr/bin/colcon', 'build']
[0.105s] DEBUG:colcon:Parsed command line arguments: Namespace(log_base=None, log_level=None, verb_name='build', build_base='build', install_base='install', merge_install=False, symlink_install=False, test_result_base=None, continue_on_error=False, executor='parallel', parallel_workers=4, event_handlers=None, ignore_user_meta=False, metas=['./colcon.meta'], base_paths=['.'], packages_ignore=None, packages_ignore_regex=None, paths=None, packages_up_to=None, packages_up_to_regex=None, packages_above=None, packages_above_and_dependencies=None, packages_above_depth=None, packages_select_by_dep=None, packages_skip_by_dep=None, packages_skip_up_to=None, packages_select_build_failed=False, packages_skip_build_finished=False, packages_select_test_failures=False, packages_skip_test_passed=False, packages_select=None, packages_skip=None, packages_select_regex=None, packages_skip_regex=None, packages_start=None, packages_end=None, allow_overriding=[], cmake_args=None, cmake_target=None, cmake_target_skip_unavailable=False, cmake_clean_cache=False, cmake_clean_first=False, cmake_force_configure=False, ament_cmake_args=None, catkin_cmake_args=None, catkin_skip_building_tests=False, mixin_files=None, mixin=None, verb_parser=<colcon_mixin.mixin.mixin_argument.MixinArgumentDecorator object at 0x7c953e06b1f0>, verb_extension=<colcon_core.verb.build.BuildVerb object at 0x7c953e1b8100>, main=<bound method BuildVerb.main of <colcon_core.verb.build.BuildVerb object at 0x7c953e1b8100>>, mixin_verb=('build',))
[0.250s] Level 1:colcon.colcon_core.package_discovery:discover_packages(colcon_meta) check parameters
[0.251s] Level 1:colcon.colcon_core.package_discovery:discover_packages(recursive) check parameters
[0.251s] Level 1:colcon.colcon_core.package_discovery:discover_packages(ignore) check parameters
[0.251s] Level 1:colcon.colcon_core.package_discovery:discover_packages(path) check parameters
[0.251s] Level 1:colcon.colcon_core.package_discovery:discover_packages(colcon_meta) discover
[0.251s] Level 1:colcon.colcon_core.package_discovery:discover_packages(recursive) discover
[0.251s] INFO:colcon.colcon_core.package_discovery:Crawling recursively for packages in '/home/alexnew/bumperbot_ws'
[0.251s] Level 1:colcon.colcon_core.package_identification:_identify(.) by extensions ['ignore', 'ignore_ament_install']
[0.251s] Level 1:colcon.colcon_core.package_identification:_identify(.) by extension 'ignore'
[0.251s] Level 1:colcon.colcon_core.package_identification:_identify(.) by extension 'ignore_ament_install'
[0.251s] Level 1:colcon.colcon_core.package_identification:_identify(.) by extensions ['colcon_pkg']
[0.251s] Level 1:colcon.colcon_core.package_identification:_identify(.) by extension 'colcon_pkg'
[0.251s] Level 1:colcon.colcon_core.package_identification:_identify(.) by extensions ['colcon_meta']
[0.251s] Level 1:colcon.colcon_core.package_identification:_identify(.) by extension 'colcon_meta'
[0.252s] Level 1:colcon.colcon_core.package_identification:_identify(.) by extensions ['ros']
[0.252s] Level 1:colcon.colcon_core.package_identification:_identify(.) by extension 'ros'
[0.262s] Level 1:colcon.colcon_core.package_identification:_identify(.) by extensions ['cmake', 'python']
[0.262s] Level 1:colcon.colcon_core.package_identification:_identify(.) by extension 'cmake'
[0.262s] Level 1:colcon.colcon_core.package_identification:_identify(.) by extension 'python'
[0.262s] Level 1:colcon.colcon_core.package_identification:_identify(.) by extensions ['python_setup_py']
[0.262s] Level 1:colcon.colcon_core.package_identification:_identify(.) by extension 'python_setup_py'
[0.262s] Level 1:colcon.colcon_core.package_identification:_identify(build) by extensions ['ignore', 'ignore_ament_install']
[0.263s] Level 1:colcon.colcon_core.package_identification:_identify(build) by extension 'ignore'
[0.263s] Level 1:colcon.colcon_core.package_identification:_identify(build) ignored
[0.263s] Level 1:colcon.colcon_core.package_identification:_identify(install) by extensions ['ignore', 'ignore_ament_install']
[0.263s] Level 1:colcon.colcon_core.package_identification:_identify(install) by extension 'ignore'
[0.263s] Level 1:colcon.colcon_core.package_identification:_identify(install) ignored
[0.263s] Level 1:colcon.colcon_core.package_identification:_identify(log) by extensions ['ignore', 'ignore_ament_install']
[0.263s] Level 1:colcon.colcon_core.package_identification:_identify(log) by extension 'ignore'
[0.263s] Level 1:colcon.colcon_core.package_identification:_identify(log) ignored
[0.264s] Level 1:colcon.colcon_core.package_identification:_identify(src) by extensions ['ignore', 'ignore_ament_install']
[0.264s] Level 1:colcon.colcon_core.package_identification:_identify(src) by extension 'ignore'
[0.264s] Level 1:colcon.colcon_core.package_identification:_identify(src) by extension 'ignore_ament_install'
[0.264s] Level 1:colcon.colcon_core.package_identification:_identify(src) by extensions ['colcon_pkg']
[0.264s] Level 1:colcon.colcon_core.package_identification:_identify(src) by extension 'colcon_pkg'
[0.264s] Level 1:colcon.colcon_core.package_identification:_identify(src) by extensions ['colcon_meta']
[0.264s] Level 1:colcon.colcon_core.package_identification:_identify(src) by extension 'colcon_meta'
[0.264s] Level 1:colcon.colcon_core.package_identification:_identify(src) by extensions ['ros']
[0.264s] Level 1:colcon.colcon_core.package_identification:_identify(src) by extension 'ros'
[0.264s] Level 1:colcon.colcon_core.package_identification:_identify(src) by extensions ['cmake', 'python']
[0.264s] Level 1:colcon.colcon_core.package_identification:_identify(src) by extension 'cmake'
[0.264s] Level 1:colcon.colcon_core.package_identification:_identify(src) by extension 'python'
[0.264s] Level 1:colcon.colcon_core.package_identification:_identify(src) by extensions ['python_setup_py']
[0.264s] Level 1:colcon.colcon_core.package_identification:_identify(src) by extension 'python_setup_py'
[0.264s] Level 1:colcon.colcon_core.package_identification:_identify(src/bumperbot_controller) by extensions ['ignore', 'ignore_ament_install']
[0.264s] Level 1:colcon.colcon_core.package_identification:_identify(src/bumperbot_controller) by extension 'ignore'
[0.264s] Level 1:colcon.colcon_core.package_identification:_identify(src/bumperbot_controller) by extension 'ignore_ament_install'
[0.264s] Level 1:colcon.colcon_core.package_identification:_identify(src/bumperbot_controller) by extensions ['colcon_pkg']
[0.265s] Level 1:colcon.colcon_core.package_identification:_identify(src/bumperbot_controller) by extension 'colcon_pkg'
[0.265s] Level 1:colcon.colcon_core.package_identification:_identify(src/bumperbot_controller) by extensions ['colcon_meta']
[0.265s] Level 1:colcon.colcon_core.package_identification:_identify(src/bumperbot_controller) by extension 'colcon_meta'
[0.265s] Level 1:colcon.colcon_core.package_identification:_identify(src/bumperbot_controller) by extensions ['ros']
[0.265s] Level 1:colcon.colcon_core.package_identification:_identify(src/bumperbot_controller) by extension 'ros'
[0.268s] DEBUG:colcon.colcon_core.package_identification:Package 'src/bumperbot_controller' with type 'ros.ament_cmake' and name 'bumperbot_controller'
[0.268s] Level 1:colcon.colcon_core.package_identification:_identify(src/bumperbot_description) by extensions ['ignore', 'ignore_ament_install']
[0.268s] Level 1:colcon.colcon_core.package_identification:_identify(src/bumperbot_description) by extension 'ignore'
[0.268s] Level 1:colcon.colcon_core.package_identification:_identify(src/bumperbot_description) by extension 'ignore_ament_install'
[0.269s] Level 1:colcon.colcon_core.package_identification:_identify(src/bumperbot_description) by extensions ['colcon_pkg']
[0.269s] Level 1:colcon.colcon_core.package_identification:_identify(src/bumperbot_description) by extension 'colcon_pkg'
[0.269s] Level 1:colcon.colcon_core.package_identification:_identify(src/bumperbot_description) by extensions ['colcon_meta']
[0.269s] Level 1:colcon.colcon_core.package_identification:_identify(src/bumperbot_description) by extension 'colcon_meta'
[0.269s] Level 1:colcon.colcon_core.package_identification:_identify(src/bumperbot_description) by extensions ['ros']
[0.269s] Level 1:colcon.colcon_core.package_identification:_identify(src/bumperbot_description) by extension 'ros'
[0.279s] DEBUG:colcon.colcon_core.package_identification:Package 'src/bumperbot_description' with type 'ros.ament_cmake' and name 'bumperbot_description'
[0.279s] Level 1:colcon.colcon_core.package_identification:_identify(src/bumperbot_localization) by extensions ['ignore', 'ignore_ament_install']
[0.279s] Level 1:colcon.colcon_core.package_identification:_identify(src/bumperbot_localization) by extension 'ignore'
[0.280s] Level 1:colcon.colcon_core.package_identification:_identify(src/bumperbot_localization) by extension 'ignore_ament_install'
[0.280s] Level 1:colcon.colcon_core.package_identification:_identify(src/bumperbot_localization) by extensions ['colcon_pkg']
[0.280s] Level 1:colcon.colcon_core.package_identification:_identify(src/bumperbot_localization) by extension 'colcon_pkg'
[0.280s] Level 1:colcon.colcon_core.package_identification:_identify(src/bumperbot_localization) by extensions ['colcon_meta']
[0.280s] Level 1:colcon.colcon_core.package_identification:_identify(src/bumperbot_localization) by extension 'colcon_meta'
[0.280s] Level 1:colcon.colcon_core.package_identification:_identify(src/bumperbot_localization) by extensions ['ros']
[0.280s] Level 1:colcon.colcon_core.package_identification:_identify(src/bumperbot_localization) by extension 'ros'
[0.280s] DEBUG:colcon.colcon_core.package_identification:Package 'src/bumperbot_localization' with type 'ros.ament_cmake' and name 'bumperbot_localization'
[0.281s] Level 1:colcon.colcon_core.package_identification:_identify(test_cases) by extensions ['ignore', 'ignore_ament_install']
[0.281s] Level 1:colcon.colcon_core.package_identification:_identify(test_cases) by extension 'ignore'
[0.281s] Level 1:colcon.colcon_core.package_identification:_identify(test_cases) by extension 'ignore_ament_install'
[0.281s] Level 1:colcon.colcon_core.package_identification:_identify(test_cases) by extensions ['colcon_pkg']
[0.281s] Level 1:colcon.colcon_core.package_identification:_identify(test_cases) by extension 'colcon_pkg'
[0.281s] Level 1:colcon.colcon_core.package_identification:_identify(test_cases) by extensions ['colcon_meta']
[0.281s] Level 1:colcon.colcon_core.package_identification:_identify(test_cases) by extension 'colcon_meta'
[0.281s] Level 1:colcon.colcon_core.package_identification:_identify(test_cases) by extensions ['ros']
[0.281s] Level 1:colcon.colcon_core.package_identification:_identify(test_cases) by extension 'ros'
[0.281s] Level 1:colcon.colcon_core.package_identification:_identify(test_cases) by extensions ['cmake', 'python']
[0.281s] Level 1:colcon.colcon_core.package_identification:_identify(test_cases) by extension 'cmake'
[0.282s] Level 1:colcon.colcon_core.package_identification:_identify(test_cases) by extension 'python'
[0.282s] Level 1:colcon.colcon_core.package_identification:_identify(test_cases) by extensions ['python_setup_py']
[0.282s] Level 1:colcon.colcon_core.package_identification:_identify(test_cases) by extension 'python_setup_py'
[0.282s] Level 1:colcon.colcon_core.package_identification:_identify(test_cases/case_1_no_slip_v2) by extensions ['ignore', 'ignore_ament_install']
[0.282s] Level 1:colcon.colcon_core.package_identification:_identify(test_cases/case_1_no_slip_v2) by extension 'ignore'
[0.282s] Level 1:colcon.colcon_core.package_identification:_identify(test_cases/case_1_no_slip_v2) by extension 'ignore_ament_install'
[0.282s] Level 1:colcon.colcon_core.package_identification:_identify(test_cases/case_1_no_slip_v2) by extensions ['colcon_pkg']
[0.282s] Level 1:colcon.colcon_core.package_identification:_identify(test_cases/case_1_no_slip_v2) by extension 'colcon_pkg'
[0.282s] Level 1:colcon.colcon_core.package_identification:_identify(test_cases/case_1_no_slip_v2) by extensions ['colcon_meta']
[0.282s] Level 1:colcon.colcon_core.package_identification:_identify(test_cases/case_1_no_slip_v2) by extension 'colcon_meta'
[0.282s] Level 1:colcon.colcon_core.package_identification:_identify(test_cases/case_1_no_slip_v2) by extensions ['ros']
[0.282s] Level 1:colcon.colcon_core.package_identification:_identify(test_cases/case_1_no_slip_v2) by extension 'ros'
[0.282s] Level 1:colcon.colcon_core.package_identification:_identify(test_cases/case_1_no_slip_v2) by extensions ['cmake', 'python']
[0.282s] Level 1:colcon.colcon_core.package_identification:_identify(test_cases/case_1_no_slip_v2) by extension 'cmake'
[0.282s] Level 1:colcon.colcon_core.package_identification:_identify(test_cases/case_1_no_slip_v2) by extension 'python'
[0.282s] Level 1:colcon.colcon_core.package_identification:_identify(test_cases/case_1_no_slip_v2) by extensions ['python_setup_py']
[0.283s] Level 1:colcon.colcon_core.package_identification:_identify(test_cases/case_1_no_slip_v2) by extension 'python_setup_py'
[0.283s] Level 1:colcon.colcon_core.package_discovery:discover_packages(recursive) using defaults
[0.283s] Level 1:colcon.colcon_core.package_discovery:discover_packages(ignore) discover
[0.283s] Level 1:colcon.colcon_core.package_discovery:discover_packages(ignore) using defaults
[0.283s] Level 1:colcon.colcon_core.package_discovery:discover_packages(path) discover
[0.283s] Level 1:colcon.colcon_core.package_discovery:discover_packages(path) using defaults
[0.300s] Level 1:colcon.colcon_core.package_discovery:discover_packages(prefix_path) check parameters
[0.300s] Level 1:colcon.colcon_core.package_discovery:discover_packages(prefix_path) discover
[0.301s] DEBUG:colcon.colcon_installed_package_information.package_discovery:Found 6 installed packages in /home/alexnew/bumperbot_ws/install
[0.303s] DEBUG:colcon.colcon_installed_package_information.package_discovery:Found 434 installed packages in /opt/ros/humble
[0.305s] Level 1:colcon.colcon_core.package_discovery:discover_packages(prefix_path) using defaults
[0.345s] Level 5:colcon.colcon_core.verb:set package 'bumperbot_controller' build argument 'cmake_args' from command line to 'None'
[0.345s] Level 5:colcon.colcon_core.verb:set package 'bumperbot_controller' build argument 'cmake_target' from command line to 'None'
[0.346s] Level 5:colcon.colcon_core.verb:set package 'bumperbot_controller' build argument 'cmake_target_skip_unavailable' from command line to 'False'
[0.346s] Level 5:colcon.colcon_core.verb:set package 'bumperbot_controller' build argument 'cmake_clean_cache' from command line to 'False'
[0.346s] Level 5:colcon.colcon_core.verb:set package 'bumperbot_controller' build argument 'cmake_clean_first' from command line to 'False'
[0.346s] Level 5:colcon.colcon_core.verb:set package 'bumperbot_controller' build argument 'cmake_force_configure' from command line to 'False'
[0.346s] Level 5:colcon.colcon_core.verb:set package 'bumperbot_controller' build argument 'ament_cmake_args' from command line to 'None'
[0.346s] Level 5:colcon.colcon_core.verb:set package 'bumperbot_controller' build argument 'catkin_cmake_args' from command line to 'None'
[0.346s] Level 5:colcon.colcon_core.verb:set package 'bumperbot_controller' build argument 'catkin_skip_building_tests' from command line to 'False'
[0.346s] DEBUG:colcon.colcon_core.verb:Building package 'bumperbot_controller' with the following arguments: {'ament_cmake_args': None, 'build_base': '/home/alexnew/bumperbot_ws/build/bumperbot_controller', 'catkin_cmake_args': None, 'catkin_skip_building_tests': False, 'cmake_args': None, 'cmake_clean_cache': False, 'cmake_clean_first': False, 'cmake_force_configure': False, 'cmake_target': None, 'cmake_target_skip_unavailable': False, 'install_base': '/home/alexnew/bumperbot_ws/install/bumperbot_controller', 'merge_install': False, 'path': '/home/alexnew/bumperbot_ws/src/bumperbot_controller', 'symlink_install': False, 'test_result_base': None}
[0.346s] Level 5:colcon.colcon_core.verb:set package 'bumperbot_description' build argument 'cmake_args' from command line to 'None'
[0.346s] Level 5:colcon.colcon_core.verb:set package 'bumperbot_description' build argument 'cmake_target' from command line to 'None'
[0.346s] Level 5:colcon.colcon_core.verb:set package 'bumperbot_description' build argument 'cmake_target_skip_unavailable' from command line to 'False'
[0.346s] Level 5:colcon.colcon_core.verb:set package 'bumperbot_description' build argument 'cmake_clean_cache' from command line to 'False'
[0.346s] Level 5:colcon.colcon_core.verb:set package 'bumperbot_description' build argument 'cmake_clean_first' from command line to 'False'
[0.347s] Level 5:colcon.colcon_core.verb:set package 'bumperbot_description' build argument 'cmake_force_configure' from command line to 'False'
[0.347s] Level 5:colcon.colcon_core.verb:set package 'bumperbot_description' build argument 'ament_cmake_args' from command line to 'None'
[0.347s] Level 5:colcon.colcon_core.verb:set package 'bumperbot_description' build argument 'catkin_cmake_args' from command line to 'None'
[0.347s] Level 5:colcon.colcon_core.verb:set package 'bumperbot_description' build argument 'catkin_skip_building_tests' from command line to 'False'
[0.347s] DEBUG:colcon.colcon_core.verb:Building package 'bumperbot_description' with the following arguments: {'ament_cmake_args': None, 'build_base': '/home/alexnew/bumperbot_ws/build/bumperbot_description', 'catkin_cmake_args': None, 'catkin_skip_building_tests': False, 'cmake_args': None, 'cmake_clean_cache': False, 'cmake_clean_first': False, 'cmake_force_configure': False, 'cmake_target': None, 'cmake_target_skip_unavailable': False, 'install_base': '/home/alexnew/bumperbot_ws/install/bumperbot_description', 'merge_install': False, 'path': '/home/alexnew/bumperbot_ws/src/bumperbot_description', 'symlink_install': False, 'test_result_base': None}
[0.347s] Level 5:colcon.colcon_core.verb:set package 'bumperbot_localization' build argument 'cmake_args' from command line to 'None'
[0.347s] Level 5:colcon.colcon_core.verb:set package 'bumperbot_localization' build argument 'cmake_target' from command line to 'None'
[0.347s] Level 5:colcon.colcon_core.verb:set package 'bumperbot_localization' build argument 'cmake_target_skip_unavailable' from command line to 'False'
[0.347s] Level 5:colcon.colcon_core.verb:set package 'bumperbot_localization' build argument 'cmake_clean_cache' from command line to 'False'
[0.347s] Level 5:colcon.colcon_core.verb:set package 'bumperbot_localization' build argument 'cmake_clean_first' from command line to 'False'
[0.347s] Level 5:colcon.colcon_core.verb:set package 'bumperbot_localization' build argument 'cmake_force_configure' from command line to 'False'
[0.347s] Level 5:colcon.colcon_core.verb:set package 'bumperbot_localization' build argument 'ament_cmake_args' from command line to 'None'
[0.347s] Level 5:colcon.colcon_core.verb:set package 'bumperbot_localization' build argument 'catkin_cmake_args' from command line to 'None'
[0.347s] Level 5:colcon.colcon_core.verb:set package 'bumperbot_localization' build argument 'catkin_skip_building_tests' from command line to 'False'
[0.347s] DEBUG:colcon.colcon_core.verb:Building package 'bumperbot_localization' with the following arguments: {'ament_cmake_args': None, 'build_base': '/home/alexnew/bumperbot_ws/build/bumperbot_localization', 'catkin_cmake_args': None, 'catkin_skip_building_tests': False, 'cmake_args': None, 'cmake_clean_cache': False, 'cmake_clean_first': False, 'cmake_force_configure': False, 'cmake_target': None, 'cmake_target_skip_unavailable': False, 'install_base': '/home/alexnew/bumperbot_ws/install/bumperbot_localization', 'merge_install': False, 'path': '/home/alexnew/bumperbot_ws/src/bumperbot_localization', 'symlink_install': False, 'test_result_base': None}
[0.347s] INFO:colcon.colcon_core.executor:Executing jobs using 'parallel' executor
[0.349s] DEBUG:colcon.colcon_parallel_executor.executor.parallel:run_until_complete
[0.350s] INFO:colcon.colcon_ros.task.ament_cmake.build:Building ROS package in '/home/alexnew/bumperbot_ws/src/bumperbot_controller' with build type 'ament_cmake'
[0.350s] INFO:colcon.colcon_cmake.task.cmake.build:Building CMake package in '/home/alexnew/bumperbot_ws/src/bumperbot_controller'
[0.352s] INFO:colcon.colcon_core.plugin_system:Skipping extension 'colcon_core.shell.bat': Not used on non-Windows systems
[0.352s] INFO:colcon.colcon_core.shell:Skip shell extension 'powershell' for command environment: Not usable outside of PowerShell
[0.352s] DEBUG:colcon.colcon_core.shell:Skip shell extension 'dsv' for command environment
[0.357s] INFO:colcon.colcon_ros.task.ament_cmake.build:Building ROS package in '/home/alexnew/bumperbot_ws/src/bumperbot_description' with build type 'ament_cmake'
[0.357s] INFO:colcon.colcon_cmake.task.cmake.build:Building CMake package in '/home/alexnew/bumperbot_ws/src/bumperbot_description'
[0.358s] INFO:colcon.colcon_core.shell:Skip shell extension 'powershell' for command environment: Not usable outside of PowerShell
[0.358s] DEBUG:colcon.colcon_core.shell:Skip shell extension 'dsv' for command environment
[0.364s] INFO:colcon.colcon_ros.task.ament_cmake.build:Building ROS package in '/home/alexnew/bumperbot_ws/src/bumperbot_localization' with build type 'ament_cmake'
[0.364s] INFO:colcon.colcon_cmake.task.cmake.build:Building CMake package in '/home/alexnew/bumperbot_ws/src/bumperbot_localization'
[0.365s] INFO:colcon.colcon_core.shell:Skip shell extension 'powershell' for command environment: Not usable outside of PowerShell
[0.365s] DEBUG:colcon.colcon_core.shell:Skip shell extension 'dsv' for command environment
[0.385s] DEBUG:colcon.colcon_core.event_handler.log_command:Invoking command in '/home/alexnew/bumperbot_ws/build/bumperbot_controller': CMAKE_PREFIX_PATH=${CMAKE_PREFIX_PATH}:/home/alexnew/bumperbot_ws/install/bumperbot_py_examples:/opt/ros/humble /usr/bin/cmake --build /home/alexnew/bumperbot_ws/build/bumperbot_controller -- -j4 -l4
[0.395s] DEBUG:colcon.colcon_core.event_handler.log_command:Invoking command in '/home/alexnew/bumperbot_ws/build/bumperbot_description': CMAKE_PREFIX_PATH=${CMAKE_PREFIX_PATH}:/home/alexnew/bumperbot_ws/install/bumperbot_py_examples:/opt/ros/humble /usr/bin/cmake --build /home/alexnew/bumperbot_ws/build/bumperbot_description -- -j4 -l4
[0.402s] DEBUG:colcon.colcon_core.event_handler.log_command:Invoking command in '/home/alexnew/bumperbot_ws/build/bumperbot_localization': CMAKE_PREFIX_PATH=${CMAKE_PREFIX_PATH}:/home/alexnew/bumperbot_ws/install/bumperbot_py_examples:/opt/ros/humble /usr/bin/cmake --build /home/alexnew/bumperbot_ws/build/bumperbot_localization -- -j4 -l4
[0.509s] DEBUG:colcon.colcon_core.event_handler.log_command:Invoked command in '/home/alexnew/bumperbot_ws/build/bumperbot_description' returned '0': CMAKE_PREFIX_PATH=${CMAKE_PREFIX_PATH}:/home/alexnew/bumperbot_ws/install/bumperbot_py_examples:/opt/ros/humble /usr/bin/cmake --build /home/alexnew/bumperbot_ws/build/bumperbot_description -- -j4 -l4
[0.529s] DEBUG:colcon.colcon_core.event_handler.log_command:Invoking command in '/home/alexnew/bumperbot_ws/build/bumperbot_description': CMAKE_PREFIX_PATH=${CMAKE_PREFIX_PATH}:/home/alexnew/bumperbot_ws/install/bumperbot_py_examples:/opt/ros/humble /usr/bin/cmake --install /home/alexnew/bumperbot_ws/build/bumperbot_description
[0.568s] Level 1:colcon.colcon_core.environment:create_environment_scripts_only(bumperbot_description)
[0.569s] DEBUG:colcon.colcon_core.event_handler.log_command:Invoked command in '/home/alexnew/bumperbot_ws/build/bumperbot_description' returned '0': CMAKE_PREFIX_PATH=${CMAKE_PREFIX_PATH}:/home/alexnew/bumperbot_ws/install/bumperbot_py_examples:/opt/ros/humble /usr/bin/cmake --install /home/alexnew/bumperbot_ws/build/bumperbot_description
[0.571s] Level 1:colcon.colcon_core.environment:checking '/home/alexnew/bumperbot_ws/install/bumperbot_description' for CMake module files
[0.574s] Level 1:colcon.colcon_core.environment:checking '/home/alexnew/bumperbot_ws/install/bumperbot_description' for CMake config files
[0.575s] Level 1:colcon.colcon_core.shell:create_environment_hook('bumperbot_description', 'cmake_prefix_path')
[0.575s] INFO:colcon.colcon_core.shell:Creating environment hook '/home/alexnew/bumperbot_ws/install/bumperbot_description/share/bumperbot_description/hook/cmake_prefix_path.ps1'
[0.577s] INFO:colcon.colcon_core.shell:Creating environment descriptor '/home/alexnew/bumperbot_ws/install/bumperbot_description/share/bumperbot_description/hook/cmake_prefix_path.dsv'
[0.577s] INFO:colcon.colcon_core.shell:Creating environment hook '/home/alexnew/bumperbot_ws/install/bumperbot_description/share/bumperbot_description/hook/cmake_prefix_path.sh'
[0.579s] Level 1:colcon.colcon_core.environment:checking '/home/alexnew/bumperbot_ws/install/bumperbot_description/bin'
[0.579s] Level 1:colcon.colcon_core.environment:checking '/home/alexnew/bumperbot_ws/install/bumperbot_description/lib/pkgconfig/bumperbot_description.pc'
[0.579s] Level 1:colcon.colcon_core.environment:checking '/home/alexnew/bumperbot_ws/install/bumperbot_description/lib/python3.10/site-packages'
[0.579s] Level 1:colcon.colcon_core.environment:checking '/home/alexnew/bumperbot_ws/install/bumperbot_description/bin'
[0.580s] INFO:colcon.colcon_core.shell:Creating package script '/home/alexnew/bumperbot_ws/install/bumperbot_description/share/bumperbot_description/package.ps1'
[0.581s] INFO:colcon.colcon_core.shell:Creating package descriptor '/home/alexnew/bumperbot_ws/install/bumperbot_description/share/bumperbot_description/package.dsv'
[0.582s] INFO:colcon.colcon_core.shell:Creating package script '/home/alexnew/bumperbot_ws/install/bumperbot_description/share/bumperbot_description/package.sh'
[0.583s] INFO:colcon.colcon_core.shell:Creating package script '/home/alexnew/bumperbot_ws/install/bumperbot_description/share/bumperbot_description/package.bash'
[0.585s] INFO:colcon.colcon_core.shell:Creating package script '/home/alexnew/bumperbot_ws/install/bumperbot_description/share/bumperbot_description/package.zsh'
[0.587s] Level 1:colcon.colcon_core.environment:create_file_with_runtime_dependencies(/home/alexnew/bumperbot_ws/install/bumperbot_description/share/colcon-core/packages/bumperbot_description)
[0.588s] Level 1:colcon.colcon_core.environment:create_environment_scripts_only(bumperbot_description)
[0.589s] Level 1:colcon.colcon_core.environment:checking '/home/alexnew/bumperbot_ws/install/bumperbot_description' for CMake module files
[0.589s] Level 1:colcon.colcon_core.environment:checking '/home/alexnew/bumperbot_ws/install/bumperbot_description' for CMake config files
[0.589s] Level 1:colcon.colcon_core.shell:create_environment_hook('bumperbot_description', 'cmake_prefix_path')
[0.590s] INFO:colcon.colcon_core.shell:Creating environment hook '/home/alexnew/bumperbot_ws/install/bumperbot_description/share/bumperbot_description/hook/cmake_prefix_path.ps1'
[0.590s] INFO:colcon.colcon_core.shell:Creating environment descriptor '/home/alexnew/bumperbot_ws/install/bumperbot_description/share/bumperbot_description/hook/cmake_prefix_path.dsv'
[0.591s] INFO:colcon.colcon_core.shell:Creating environment hook '/home/alexnew/bumperbot_ws/install/bumperbot_description/share/bumperbot_description/hook/cmake_prefix_path.sh'
[0.592s] Level 1:colcon.colcon_core.environment:checking '/home/alexnew/bumperbot_ws/install/bumperbot_description/bin'
[0.592s] Level 1:colcon.colcon_core.environment:checking '/home/alexnew/bumperbot_ws/install/bumperbot_description/lib/pkgconfig/bumperbot_description.pc'
[0.593s] Level 1:colcon.colcon_core.environment:checking '/home/alexnew/bumperbot_ws/install/bumperbot_description/lib/python3.10/site-packages'
[0.593s] Level 1:colcon.colcon_core.environment:checking '/home/alexnew/bumperbot_ws/install/bumperbot_description/bin'
[0.593s] INFO:colcon.colcon_core.shell:Creating package script '/home/alexnew/bumperbot_ws/install/bumperbot_description/share/bumperbot_description/package.ps1'
[0.594s] INFO:colcon.colcon_core.shell:Creating package descriptor '/home/alexnew/bumperbot_ws/install/bumperbot_description/share/bumperbot_description/package.dsv'
[0.595s] INFO:colcon.colcon_core.shell:Creating package script '/home/alexnew/bumperbot_ws/install/bumperbot_description/share/bumperbot_description/package.sh'
[0.596s] INFO:colcon.colcon_core.shell:Creating package script '/home/alexnew/bumperbot_ws/install/bumperbot_description/share/bumperbot_description/package.bash'
[0.596s] INFO:colcon.colcon_core.shell:Creating package script '/home/alexnew/bumperbot_ws/install/bumperbot_description/share/bumperbot_description/package.zsh'
[0.597s] Level 1:colcon.colcon_core.environment:create_file_with_runtime_dependencies(/home/alexnew/bumperbot_ws/install/bumperbot_description/share/colcon-core/packages/bumperbot_description)
[0.891s] DEBUG:colcon.colcon_core.event_handler.log_command:Invoked command in '/home/alexnew/bumperbot_ws/build/bumperbot_localization' returned '0': CMAKE_PREFIX_PATH=${CMAKE_PREFIX_PATH}:/home/alexnew/bumperbot_ws/install/bumperbot_py_examples:/opt/ros/humble /usr/bin/cmake --build /home/alexnew/bumperbot_ws/build/bumperbot_localization -- -j4 -l4
[0.898s] DEBUG:colcon.colcon_core.event_handler.log_command:Invoking command in '/home/alexnew/bumperbot_ws/build/bumperbot_localization': CMAKE_PREFIX_PATH=${CMAKE_PREFIX_PATH}:/home/alexnew/bumperbot_ws/install/bumperbot_py_examples:/opt/ros/humble /usr/bin/cmake --install /home/alexnew/bumperbot_ws/build/bumperbot_localization
[0.902s] DEBUG:colcon.colcon_core.event_handler.log_command:Invoked command in '/home/alexnew/bumperbot_ws/build/bumperbot_controller' returned '0': CMAKE_PREFIX_PATH=${CMAKE_PREFIX_PATH}:/home/alexnew/bumperbot_ws/install/bumperbot_py_examples:/opt/ros/humble /usr/bin/cmake --build /home/alexnew/bumperbot_ws/build/bumperbot_controller -- -j4 -l4
[0.909s] DEBUG:colcon.colcon_core.event_handler.log_command:Invoking command in '/home/alexnew/bumperbot_ws/build/bumperbot_controller': CMAKE_PREFIX_PATH=${CMAKE_PREFIX_PATH}:/home/alexnew/bumperbot_ws/install/bumperbot_py_examples:/opt/ros/humble /usr/bin/cmake --install /home/alexnew/bumperbot_ws/build/bumperbot_controller
[0.984s] Level 1:colcon.colcon_core.environment:create_environment_scripts_only(bumperbot_localization)
[0.985s] Level 1:colcon.colcon_core.environment:checking '/home/alexnew/bumperbot_ws/install/bumperbot_localization' for CMake module files
[0.985s] Level 1:colcon.colcon_core.environment:checking '/home/alexnew/bumperbot_ws/install/bumperbot_localization' for CMake config files
[0.986s] Level 1:colcon.colcon_core.shell:create_environment_hook('bumperbot_localization', 'cmake_prefix_path')
[0.986s] INFO:colcon.colcon_core.shell:Creating environment hook '/home/alexnew/bumperbot_ws/install/bumperbot_localization/share/bumperbot_localization/hook/cmake_prefix_path.ps1'
[0.984s] DEBUG:colcon.colcon_core.event_handler.log_command:Invoked command in '/home/alexnew/bumperbot_ws/build/bumperbot_localization' returned '0': CMAKE_PREFIX_PATH=${CMAKE_PREFIX_PATH}:/home/alexnew/bumperbot_ws/install/bumperbot_py_examples:/opt/ros/humble /usr/bin/cmake --install /home/alexnew/bumperbot_ws/build/bumperbot_localization
[0.987s] INFO:colcon.colcon_core.shell:Creating environment descriptor '/home/alexnew/bumperbot_ws/install/bumperbot_localization/share/bumperbot_localization/hook/cmake_prefix_path.dsv'
[0.989s] INFO:colcon.colcon_core.shell:Creating environment hook '/home/alexnew/bumperbot_ws/install/bumperbot_localization/share/bumperbot_localization/hook/cmake_prefix_path.sh'
[0.990s] Level 1:colcon.colcon_core.environment:checking '/home/alexnew/bumperbot_ws/install/bumperbot_localization/lib'
[0.991s] Level 1:colcon.colcon_core.environment:checking '/home/alexnew/bumperbot_ws/install/bumperbot_localization/bin'
[0.991s] Level 1:colcon.colcon_core.environment:checking '/home/alexnew/bumperbot_ws/install/bumperbot_localization/lib/pkgconfig/bumperbot_localization.pc'
[0.991s] Level 1:colcon.colcon_core.environment:checking '/home/alexnew/bumperbot_ws/install/bumperbot_localization/lib/python3.10/site-packages'
[0.992s] Level 1:colcon.colcon_core.environment:checking '/home/alexnew/bumperbot_ws/install/bumperbot_localization/bin'
[0.992s] INFO:colcon.colcon_core.shell:Creating package script '/home/alexnew/bumperbot_ws/install/bumperbot_localization/share/bumperbot_localization/package.ps1'
[0.993s] INFO:colcon.colcon_core.shell:Creating package descriptor '/home/alexnew/bumperbot_ws/install/bumperbot_localization/share/bumperbot_localization/package.dsv'
[0.994s] INFO:colcon.colcon_core.shell:Creating package script '/home/alexnew/bumperbot_ws/install/bumperbot_localization/share/bumperbot_localization/package.sh'
[0.994s] INFO:colcon.colcon_core.shell:Creating package script '/home/alexnew/bumperbot_ws/install/bumperbot_localization/share/bumperbot_localization/package.bash'
[0.995s] INFO:colcon.colcon_core.shell:Creating package script '/home/alexnew/bumperbot_ws/install/bumperbot_localization/share/bumperbot_localization/package.zsh'
[0.996s] Level 1:colcon.colcon_core.environment:create_file_with_runtime_dependencies(/home/alexnew/bumperbot_ws/install/bumperbot_localization/share/colcon-core/packages/bumperbot_localization)
[0.997s] Level 1:colcon.colcon_core.environment:create_environment_scripts_only(bumperbot_localization)
[0.997s] Level 1:colcon.colcon_core.environment:checking '/home/alexnew/bumperbot_ws/install/bumperbot_localization' for CMake module files
[0.998s] Level 1:colcon.colcon_core.environment:checking '/home/alexnew/bumperbot_ws/install/bumperbot_localization' for CMake config files
[0.999s] Level 1:colcon.colcon_core.shell:create_environment_hook('bumperbot_localization', 'cmake_prefix_path')
[1.000s] INFO:colcon.colcon_core.shell:Creating environment hook '/home/alexnew/bumperbot_ws/install/bumperbot_localization/share/bumperbot_localization/hook/cmake_prefix_path.ps1'
[1.001s] INFO:colcon.colcon_core.shell:Creating environment descriptor '/home/alexnew/bumperbot_ws/install/bumperbot_localization/share/bumperbot_localization/hook/cmake_prefix_path.dsv'
[1.002s] INFO:colcon.colcon_core.shell:Creating environment hook '/home/alexnew/bumperbot_ws/install/bumperbot_localization/share/bumperbot_localization/hook/cmake_prefix_path.sh'
[1.003s] Level 1:colcon.colcon_core.environment:checking '/home/alexnew/bumperbot_ws/install/bumperbot_localization/lib'
[1.003s] Level 1:colcon.colcon_core.environment:checking '/home/alexnew/bumperbot_ws/install/bumperbot_localization/bin'
[1.003s] Level 1:colcon.colcon_core.environment:checking '/home/alexnew/bumperbot_ws/install/bumperbot_localization/lib/pkgconfig/bumperbot_localization.pc'
[1.003s] Level 1:colcon.colcon_core.environment:checking '/home/alexnew/bumperbot_ws/install/bumperbot_localization/lib/python3.10/site-packages'
[1.004s] Level 1:colcon.colcon_core.environment:checking '/home/alexnew/bumperbot_ws/install/bumperbot_localization/bin'
[1.005s] INFO:colcon.colcon_core.shell:Creating package script '/home/alexnew/bumperbot_ws/install/bumperbot_localization/share/bumperbot_localization/package.ps1'
[1.006s] INFO:colcon.colcon_core.shell:Creating package descriptor '/home/alexnew/bumperbot_ws/install/bumperbot_localization/share/bumperbot_localization/package.dsv'
[1.007s] INFO:colcon.colcon_core.shell:Creating package script '/home/alexnew/bumperbot_ws/install/bumperbot_localization/share/bumperbot_localization/package.sh'
[1.008s] INFO:colcon.colcon_core.shell:Creating package script '/home/alexnew/bumperbot_ws/install/bumperbot_localization/share/bumperbot_localization/package.bash'
[1.009s] INFO:colcon.colcon_core.shell:Creating package script '/home/alexnew/bumperbot_ws/install/bumperbot_localization/share/bumperbot_localization/package.zsh'
[1.009s] Level 1:colcon.colcon_core.environment:create_file_with_runtime_dependencies(/home/alexnew/bumperbot_ws/install/bumperbot_localization/share/colcon-core/packages/bumperbot_localization)
[1.014s] Level 1:colcon.colcon_core.environment:create_environment_scripts_only(bumperbot_controller)
[1.014s] Level 1:colcon.colcon_core.environment:checking '/home/alexnew/bumperbot_ws/install/bumperbot_controller' for CMake module files
[1.016s] DEBUG:colcon.colcon_core.event_handler.log_command:Invoked command in '/home/alexnew/bumperbot_ws/build/bumperbot_controller' returned '0': CMAKE_PREFIX_PATH=${CMAKE_PREFIX_PATH}:/home/alexnew/bumperbot_ws/install/bumperbot_py_examples:/opt/ros/humble /usr/bin/cmake --install /home/alexnew/bumperbot_ws/build/bumperbot_controller
[1.018s] Level 1:colcon.colcon_core.environment:checking '/home/alexnew/bumperbot_ws/install/bumperbot_controller' for CMake config files
[1.019s] Level 1:colcon.colcon_core.shell:create_environment_hook('bumperbot_controller', 'cmake_prefix_path')
[1.019s] INFO:colcon.colcon_core.shell:Creating environment hook '/home/alexnew/bumperbot_ws/install/bumperbot_controller/share/bumperbot_controller/hook/cmake_prefix_path.ps1'
[1.021s] INFO:colcon.colcon_core.shell:Creating environment descriptor '/home/alexnew/bumperbot_ws/install/bumperbot_controller/share/bumperbot_controller/hook/cmake_prefix_path.dsv'
[1.022s] INFO:colcon.colcon_core.shell:Creating environment hook '/home/alexnew/bumperbot_ws/install/bumperbot_controller/share/bumperbot_controller/hook/cmake_prefix_path.sh'
[1.023s] Level 1:colcon.colcon_core.environment:checking '/home/alexnew/bumperbot_ws/install/bumperbot_controller/lib'
[1.023s] Level 1:colcon.colcon_core.environment:checking '/home/alexnew/bumperbot_ws/install/bumperbot_controller/bin'
[1.024s] Level 1:colcon.colcon_core.environment:checking '/home/alexnew/bumperbot_ws/install/bumperbot_controller/lib/pkgconfig/bumperbot_controller.pc'
[1.024s] Level 1:colcon.colcon_core.environment:checking '/home/alexnew/bumperbot_ws/install/bumperbot_controller/lib/python3.10/site-packages'
[1.025s] Level 1:colcon.colcon_core.environment:checking '/home/alexnew/bumperbot_ws/install/bumperbot_controller/bin'
[1.025s] INFO:colcon.colcon_core.shell:Creating package script '/home/alexnew/bumperbot_ws/install/bumperbot_controller/share/bumperbot_controller/package.ps1'
[1.027s] INFO:colcon.colcon_core.shell:Creating package descriptor '/home/alexnew/bumperbot_ws/install/bumperbot_controller/share/bumperbot_controller/package.dsv'
[1.028s] INFO:colcon.colcon_core.shell:Creating package script '/home/alexnew/bumperbot_ws/install/bumperbot_controller/share/bumperbot_controller/package.sh'
[1.029s] INFO:colcon.colcon_core.shell:Creating package script '/home/alexnew/bumperbot_ws/install/bumperbot_controller/share/bumperbot_controller/package.bash'
[1.030s] INFO:colcon.colcon_core.shell:Creating package script '/home/alexnew/bumperbot_ws/install/bumperbot_controller/share/bumperbot_controller/package.zsh'
[1.031s] Level 1:colcon.colcon_core.environment:create_file_with_runtime_dependencies(/home/alexnew/bumperbot_ws/install/bumperbot_controller/share/colcon-core/packages/bumperbot_controller)
[1.032s] Level 1:colcon.colcon_core.environment:create_environment_scripts_only(bumperbot_controller)
[1.032s] Level 1:colcon.colcon_core.environment:checking '/home/alexnew/bumperbot_ws/install/bumperbot_controller' for CMake module files
[1.033s] Level 1:colcon.colcon_core.environment:checking '/home/alexnew/bumperbot_ws/install/bumperbot_controller' for CMake config files
[1.033s] Level 1:colcon.colcon_core.shell:create_environment_hook('bumperbot_controller', 'cmake_prefix_path')
[1.034s] INFO:colcon.colcon_core.shell:Creating environment hook '/home/alexnew/bumperbot_ws/install/bumperbot_controller/share/bumperbot_controller/hook/cmake_prefix_path.ps1'
[1.034s] INFO:colcon.colcon_core.shell:Creating environment descriptor '/home/alexnew/bumperbot_ws/install/bumperbot_controller/share/bumperbot_controller/hook/cmake_prefix_path.dsv'
[1.035s] INFO:colcon.colcon_core.shell:Creating environment hook '/home/alexnew/bumperbot_ws/install/bumperbot_controller/share/bumperbot_controller/hook/cmake_prefix_path.sh'
[1.036s] Level 1:colcon.colcon_core.environment:checking '/home/alexnew/bumperbot_ws/install/bumperbot_controller/lib'
[1.036s] Level 1:colcon.colcon_core.environment:checking '/home/alexnew/bumperbot_ws/install/bumperbot_controller/bin'
[1.036s] Level 1:colcon.colcon_core.environment:checking '/home/alexnew/bumperbot_ws/install/bumperbot_controller/lib/pkgconfig/bumperbot_controller.pc'
[1.037s] Level 1:colcon.colcon_core.environment:checking '/home/alexnew/bumperbot_ws/install/bumperbot_controller/lib/python3.10/site-packages'
[1.037s] Level 1:colcon.colcon_core.environment:checking '/home/alexnew/bumperbot_ws/install/bumperbot_controller/bin'
[1.037s] INFO:colcon.colcon_core.shell:Creating package script '/home/alexnew/bumperbot_ws/install/bumperbot_controller/share/bumperbot_controller/package.ps1'
[1.038s] INFO:colcon.colcon_core.shell:Creating package descriptor '/home/alexnew/bumperbot_ws/install/bumperbot_controller/share/bumperbot_controller/package.dsv'
[1.039s] INFO:colcon.colcon_core.shell:Creating package script '/home/alexnew/bumperbot_ws/install/bumperbot_controller/share/bumperbot_controller/package.sh'
[1.040s] INFO:colcon.colcon_core.shell:Creating package script '/home/alexnew/bumperbot_ws/install/bumperbot_controller/share/bumperbot_controller/package.bash'
[1.040s] INFO:colcon.colcon_core.shell:Creating package script '/home/alexnew/bumperbot_ws/install/bumperbot_controller/share/bumperbot_controller/package.zsh'
[1.041s] Level 1:colcon.colcon_core.environment:create_file_with_runtime_dependencies(/home/alexnew/bumperbot_ws/install/bumperbot_controller/share/colcon-core/packages/bumperbot_controller)
[1.042s] DEBUG:colcon.colcon_parallel_executor.executor.parallel:closing loop
[1.042s] DEBUG:colcon.colcon_parallel_executor.executor.parallel:loop closed
[1.043s] DEBUG:colcon.colcon_parallel_executor.executor.parallel:run_until_complete finished with '0'
[1.044s] DEBUG:colcon.colcon_core.event_reactor:joining thread
[1.046s] DEBUG:colcon.colcon_core.event_reactor:joined thread
[1.047s] INFO:colcon.colcon_core.shell:Creating prefix script '/home/alexnew/bumperbot_ws/install/local_setup.ps1'
[1.049s] INFO:colcon.colcon_core.shell:Creating prefix util module '/home/alexnew/bumperbot_ws/install/_local_setup_util_ps1.py'
[1.051s] INFO:colcon.colcon_core.shell:Creating prefix chain script '/home/alexnew/bumperbot_ws/install/setup.ps1'
[1.053s] INFO:colcon.colcon_core.shell:Creating prefix script '/home/alexnew/bumperbot_ws/install/local_setup.sh'
[1.054s] INFO:colcon.colcon_core.shell:Creating prefix util module '/home/alexnew/bumperbot_ws/install/_local_setup_util_sh.py'
[1.055s] INFO:colcon.colcon_core.shell:Creating prefix chain script '/home/alexnew/bumperbot_ws/install/setup.sh'
[1.057s] INFO:colcon.colcon_core.shell:Creating prefix script '/home/alexnew/bumperbot_ws/install/local_setup.bash'
[1.058s] INFO:colcon.colcon_core.shell:Creating prefix chain script '/home/alexnew/bumperbot_ws/install/setup.bash'
[1.060s] INFO:colcon.colcon_core.shell:Creating prefix script '/home/alexnew/bumperbot_ws/install/local_setup.zsh'
[1.061s] INFO:colcon.colcon_core.shell:Creating prefix chain script '/home/alexnew/bumperbot_ws/install/setup.zsh'
