[ 50%] Built target simple_controller
[100%] Built target noisy_controller
[100%] Built target ament_cmake_python_symlink_bumperbot_controller
Traceback (most recent call last):
  File "/home/alexnew/bumperbot_ws/build/bumperbot_controller/ament_cmake_python/bumperbot_controller/setup.py", line 1, in <module>
    from setuptools import find_packages
  File "/usr/lib/python3/dist-packages/setuptools/__init__.py", line 10, in <module>
    import distutils.core
  File "/usr/lib/python3.10/distutils/core.py", line 16, in <module>
    from distutils.dist import Distribution
  File "/usr/lib/python3.10/distutils/dist.py", line 18, in <module>
    from distutils.fancy_getopt import FancyGetopt, translate_longopt
  File "/usr/lib/python3.10/distutils/fancy_getopt.py", line 20, in <module>
    longopt_re = re.compile(r'^%s$' % longopt_pat)
  File "/usr/lib/python3.10/re.py", line 251, in compile
    return _compile(pattern, flags)
  File "/usr/lib/python3.10/re.py", line 303, in _compile
    p = sre_compile.compile(pattern, flags)
  File "/usr/lib/python3.10/sre_compile.py", line 801, in compile
    for k, i in groupindex.items():
KeyboardInterrupt
gmake[2]: *** [CMakeFiles/ament_cmake_python_build_bumperbot_controller_egg.dir/build.make:70: CMakeFiles/ament_cmake_python_build_bumperbot_controller_egg] Interrupt
gmake[1]: *** [CMakeFiles/Makefile2:220: CMakeFiles/ament_cmake_python_build_bumperbot_controller_egg.dir/all] Interrupt
gmake: *** [Makefile:146: all] Interrupt
