[0.230s] Invoking command in '/home/alexnew/bumperbot_ws/build/bumperbot_localization': CMAKE_PREFIX_PATH=${CMAKE_PREFIX_PATH}:/home/alexnew/bumperbot_ws/install/bumperbot_py_examples:/opt/ros/humble /usr/bin/cmake --build /home/alexnew/bumperbot_ws/build/bumperbot_localization -- -j4 -l4
[0.906s] [ 50%] Built target imu_republisher
[1.016s] [100%] Built target kalman_filter
[1.016s] [100%] Built target ament_cmake_python_symlink_bumperbot_localization
[2.617s] running egg_info
[2.620s] writing bumperbot_localization.egg-info/PKG-INFO
[2.640s] writing dependency_links to bumperbot_localization.egg-info/dependency_links.txt
[2.685s] writing top-level names to bumperbot_localization.egg-info/top_level.txt
[2.685s] reading manifest file 'bumperbot_localization.egg-info/SOURCES.txt'
[2.685s] writing manifest file 'bumperbot_localization.egg-info/SOURCES.txt'
[2.769s] [100%] Built target ament_cmake_python_build_bumperbot_localization_egg
[2.862s] Invoked command in '/home/alexnew/bumperbot_ws/build/bumperbot_localization' returned '0': CMAKE_PREFIX_PATH=${CMAKE_PREFIX_PATH}:/home/alexnew/bumperbot_ws/install/bumperbot_py_examples:/opt/ros/humble /usr/bin/cmake --build /home/alexnew/bumperbot_ws/build/bumperbot_localization -- -j4 -l4
[2.862s] Invoking command in '/home/alexnew/bumperbot_ws/build/bumperbot_localization': CMAKE_PREFIX_PATH=${CMAKE_PREFIX_PATH}:/home/alexnew/bumperbot_ws/install/bumperbot_py_examples:/opt/ros/humble /usr/bin/cmake --install /home/alexnew/bumperbot_ws/build/bumperbot_localization
[2.933s] -- Install configuration: ""
[2.937s] -- Execute custom install script
[2.938s] -- Up-to-date symlink: /home/alexnew/bumperbot_ws/install/bumperbot_localization/share/bumperbot_localization/environment/pythonpath.sh
[2.949s] -- Up-to-date symlink: /home/alexnew/bumperbot_ws/install/bumperbot_localization/share/bumperbot_localization/environment/pythonpath.dsv
[2.949s] -- Up-to-date symlink: /home/alexnew/bumperbot_ws/install/bumperbot_localization/local/lib/python3.10/dist-packages/bumperbot_localization-0.0.0-py3.10.egg-info/PKG-INFO
[2.950s] -- Up-to-date symlink: /home/alexnew/bumperbot_ws/install/bumperbot_localization/local/lib/python3.10/dist-packages/bumperbot_localization-0.0.0-py3.10.egg-info/SOURCES.txt
[2.950s] -- Up-to-date symlink: /home/alexnew/bumperbot_ws/install/bumperbot_localization/local/lib/python3.10/dist-packages/bumperbot_localization-0.0.0-py3.10.egg-info/dependency_links.txt
[2.953s] -- Up-to-date symlink: /home/alexnew/bumperbot_ws/install/bumperbot_localization/local/lib/python3.10/dist-packages/bumperbot_localization-0.0.0-py3.10.egg-info/top_level.txt
[2.954s] -- Up-to-date symlink: /home/alexnew/bumperbot_ws/install/bumperbot_localization/local/lib/python3.10/dist-packages/bumperbot_localization/__init__.py
[2.954s] -- Up-to-date symlink: /home/alexnew/bumperbot_ws/install/bumperbot_localization/local/lib/python3.10/dist-packages/bumperbot_localization/ann_pseudo_gps.py
[2.954s] -- Up-to-date symlink: /home/alexnew/bumperbot_ws/install/bumperbot_localization/local/lib/python3.10/dist-packages/bumperbot_localization/ann_trainer.py
[2.955s] -- Up-to-date symlink: /home/alexnew/bumperbot_ws/install/bumperbot_localization/local/lib/python3.10/dist-packages/bumperbot_localization/complementary_filter.py
[2.956s] -- Up-to-date symlink: /home/alexnew/bumperbot_ws/install/bumperbot_localization/local/lib/python3.10/dist-packages/bumperbot_localization/gps_odom_republisher.py
[2.959s] -- Up-to-date symlink: /home/alexnew/bumperbot_ws/install/bumperbot_localization/local/lib/python3.10/dist-packages/bumperbot_localization/gps_republisher.py
[2.962s] -- Up-to-date symlink: /home/alexnew/bumperbot_ws/install/bumperbot_localization/local/lib/python3.10/dist-packages/bumperbot_localization/imu_republisher.py
[2.962s] -- Up-to-date symlink: /home/alexnew/bumperbot_ws/install/bumperbot_localization/local/lib/python3.10/dist-packages/bumperbot_localization/imu_sim_republisher.py
[2.962s] -- Up-to-date symlink: /home/alexnew/bumperbot_ws/install/bumperbot_localization/local/lib/python3.10/dist-packages/bumperbot_localization/kalman_filter.py
[2.962s] -- Up-to-date symlink: /home/alexnew/bumperbot_ws/install/bumperbot_localization/include/include/bumperbot_localization/kalman_filter.hpp
[2.963s] -- Up-to-date symlink: /home/alexnew/bumperbot_ws/install/bumperbot_localization/lib/bumperbot_localization/kalman_filter
[2.963s] -- Up-to-date symlink: /home/alexnew/bumperbot_ws/install/bumperbot_localization/lib/bumperbot_localization/imu_republisher
[2.963s] -- Up-to-date symlink: /home/alexnew/bumperbot_ws/install/bumperbot_localization/share/bumperbot_localization/launch/local_localization.launch.py
[2.963s] -- Up-to-date symlink: /home/alexnew/bumperbot_ws/install/bumperbot_localization/share/bumperbot_localization/config/ann_pseudo_gps.yaml
[2.963s] -- Up-to-date symlink: /home/alexnew/bumperbot_ws/install/bumperbot_localization/share/bumperbot_localization/config/ann_trainer.yaml
[2.970s] -- Up-to-date symlink: /home/alexnew/bumperbot_ws/install/bumperbot_localization/share/bumperbot_localization/config/complementary_filter.yaml
[2.970s] -- Up-to-date symlink: /home/alexnew/bumperbot_ws/install/bumperbot_localization/share/bumperbot_localization/config/ekf.yaml
[2.970s] -- Up-to-date symlink: /home/alexnew/bumperbot_ws/install/bumperbot_localization/share/bumperbot_localization/config/ekf_global.yaml
[2.970s] -- Up-to-date symlink: /home/alexnew/bumperbot_ws/install/bumperbot_localization/share/bumperbot_localization/config/ekf_gps_imu.yaml
[2.970s] -- Up-to-date symlink: /home/alexnew/bumperbot_ws/install/bumperbot_localization/share/bumperbot_localization/config/ekf_gps_odom.yaml
[2.970s] -- Up-to-date symlink: /home/alexnew/bumperbot_ws/install/bumperbot_localization/share/bumperbot_localization/config/navsat_transform.yaml
[2.970s] -- Up-to-date symlink: /home/alexnew/bumperbot_ws/install/bumperbot_localization/lib/bumperbot_localization/kalman_filter.py
[2.972s] -- Up-to-date symlink: /home/alexnew/bumperbot_ws/install/bumperbot_localization/lib/bumperbot_localization/imu_republisher.py
[2.972s] -- Up-to-date symlink: /home/alexnew/bumperbot_ws/install/bumperbot_localization/lib/bumperbot_localization/gps_republisher.py
[2.972s] -- Up-to-date symlink: /home/alexnew/bumperbot_ws/install/bumperbot_localization/lib/bumperbot_localization/gps_odom_republisher.py
[2.973s] -- Up-to-date symlink: /home/alexnew/bumperbot_ws/install/bumperbot_localization/lib/bumperbot_localization/imu_sim_republisher.py
[2.973s] -- Up-to-date symlink: /home/alexnew/bumperbot_ws/install/bumperbot_localization/lib/bumperbot_localization/complementary_filter.py
[2.973s] -- Up-to-date symlink: /home/alexnew/bumperbot_ws/install/bumperbot_localization/lib/bumperbot_localization/ann_trainer.py
[2.973s] -- Up-to-date symlink: /home/alexnew/bumperbot_ws/install/bumperbot_localization/lib/bumperbot_localization/ann_pseudo_gps.py
[2.973s] -- Up-to-date symlink: /home/alexnew/bumperbot_ws/install/bumperbot_localization/share/ament_index/resource_index/package_run_dependencies/bumperbot_localization
[2.973s] -- Up-to-date symlink: /home/alexnew/bumperbot_ws/install/bumperbot_localization/share/ament_index/resource_index/parent_prefix_path/bumperbot_localization
[2.973s] -- Up-to-date symlink: /home/alexnew/bumperbot_ws/install/bumperbot_localization/share/bumperbot_localization/environment/ament_prefix_path.sh
[2.973s] -- Up-to-date symlink: /home/alexnew/bumperbot_ws/install/bumperbot_localization/share/bumperbot_localization/environment/ament_prefix_path.dsv
[2.973s] -- Up-to-date symlink: /home/alexnew/bumperbot_ws/install/bumperbot_localization/share/bumperbot_localization/environment/path.sh
[2.973s] -- Up-to-date symlink: /home/alexnew/bumperbot_ws/install/bumperbot_localization/share/bumperbot_localization/environment/path.dsv
[2.973s] -- Up-to-date symlink: /home/alexnew/bumperbot_ws/install/bumperbot_localization/share/bumperbot_localization/local_setup.bash
[2.990s] -- Up-to-date symlink: /home/alexnew/bumperbot_ws/install/bumperbot_localization/share/bumperbot_localization/local_setup.sh
[2.990s] -- Up-to-date symlink: /home/alexnew/bumperbot_ws/install/bumperbot_localization/share/bumperbot_localization/local_setup.zsh
[2.990s] -- Up-to-date symlink: /home/alexnew/bumperbot_ws/install/bumperbot_localization/share/bumperbot_localization/local_setup.dsv
[2.990s] -- Symlinking: /home/alexnew/bumperbot_ws/install/bumperbot_localization/share/bumperbot_localization/package.dsv
[3.056s] -- Up-to-date symlink: /home/alexnew/bumperbot_ws/install/bumperbot_localization/share/ament_index/resource_index/packages/bumperbot_localization
[3.056s] -- Up-to-date symlink: /home/alexnew/bumperbot_ws/install/bumperbot_localization/share/bumperbot_localization/cmake/bumperbot_localizationConfig.cmake
[3.056s] -- Up-to-date symlink: /home/alexnew/bumperbot_ws/install/bumperbot_localization/share/bumperbot_localization/cmake/bumperbot_localizationConfig-version.cmake
[3.056s] -- Up-to-date symlink: /home/alexnew/bumperbot_ws/install/bumperbot_localization/share/bumperbot_localization/package.xml
[3.212s] Listing '/home/alexnew/bumperbot_ws/install/bumperbot_localization/local/lib/python3.10/dist-packages/bumperbot_localization'...
[3.248s] Invoked command in '/home/alexnew/bumperbot_ws/build/bumperbot_localization' returned '0': CMAKE_PREFIX_PATH=${CMAKE_PREFIX_PATH}:/home/alexnew/bumperbot_ws/install/bumperbot_py_examples:/opt/ros/humble /usr/bin/cmake --install /home/alexnew/bumperbot_ws/build/bumperbot_localization
