[0.023s] Invoking command in '/home/alexnew/bumperbot_ws/build/bumperbot_description': CMAKE_PREFIX_PATH=${CMAKE_PREFIX_PATH}:/home/alexnew/bumperbot_ws/install/bumperbot_py_examples:/opt/ros/humble /usr/bin/cmake /home/alexnew/bumperbot_ws/src/bumperbot_description -DAMENT_CMAKE_SYMLINK_INSTALL=1 -DCMAKE_INSTALL_PREFIX=/home/alexnew/bumperbot_ws/install/bumperbot_description
[0.249s] -- The C compiler identification is GNU 11.4.0
[0.476s] -- The CXX compiler identification is GNU 11.4.0
[0.489s] -- Detecting C compiler ABI info
[0.604s] -- Detecting C compiler ABI info - done
[0.615s] -- Check for working C compiler: /usr/bin/cc - skipped
[0.618s] -- Detecting C compile features
[0.622s] -- Detecting C compile features - done
[0.624s] -- Detecting CXX compiler ABI info
[0.762s] -- Detecting CXX compiler ABI info - done
[0.771s] -- Check for working CXX compiler: /usr/bin/c++ - skipped
[0.771s] -- Detecting CXX compile features
[0.771s] -- Detecting CXX compile features - done
[0.773s] -- Found ament_cmake: 1.3.14 (/opt/ros/humble/share/ament_cmake/cmake)
[0.914s] -- Found Python3: /usr/bin/python3 (found version "3.10.12") found components: Interpreter 
[0.965s] -- Override CMake install command with custom implementation using symlinks instead of copying resources
[0.993s] -- Found urdf: 2.6.1 (/opt/ros/humble/share/urdf/cmake)
[1.040s] -- Found ament_lint_auto: 0.12.15 (/opt/ros/humble/share/ament_lint_auto/cmake)
[1.113s] -- Added test 'copyright' to check source files copyright and LICENSE
[1.115s] -- Added test 'flake8' to check Python code syntax and style conventions
[1.115s] -- Added test 'lint_cmake' to check CMake code style
[1.117s] -- Added test 'pep257' to check Python code against some of the docstring style conventions in PEP 257
[1.117s] -- Added test 'xmllint' to check XML markup files
[1.120s] -- Configuring done
[1.123s] -- Generating done
[1.134s] -- Build files have been written to: /home/alexnew/bumperbot_ws/build/bumperbot_description
[1.135s] Invoked command in '/home/alexnew/bumperbot_ws/build/bumperbot_description' returned '0': CMAKE_PREFIX_PATH=${CMAKE_PREFIX_PATH}:/home/alexnew/bumperbot_ws/install/bumperbot_py_examples:/opt/ros/humble /usr/bin/cmake /home/alexnew/bumperbot_ws/src/bumperbot_description -DAMENT_CMAKE_SYMLINK_INSTALL=1 -DCMAKE_INSTALL_PREFIX=/home/alexnew/bumperbot_ws/install/bumperbot_description
[1.136s] Invoking command in '/home/alexnew/bumperbot_ws/build/bumperbot_description': CMAKE_PREFIX_PATH=${CMAKE_PREFIX_PATH}:/home/alexnew/bumperbot_ws/install/bumperbot_py_examples:/opt/ros/humble /usr/bin/cmake --build /home/alexnew/bumperbot_ws/build/bumperbot_description -- -j4 -l4
[1.178s] Invoked command in '/home/alexnew/bumperbot_ws/build/bumperbot_description' returned '0': CMAKE_PREFIX_PATH=${CMAKE_PREFIX_PATH}:/home/alexnew/bumperbot_ws/install/bumperbot_py_examples:/opt/ros/humble /usr/bin/cmake --build /home/alexnew/bumperbot_ws/build/bumperbot_description -- -j4 -l4
[1.191s] Invoking command in '/home/alexnew/bumperbot_ws/build/bumperbot_description': CMAKE_PREFIX_PATH=${CMAKE_PREFIX_PATH}:/home/alexnew/bumperbot_ws/install/bumperbot_py_examples:/opt/ros/humble /usr/bin/cmake --install /home/alexnew/bumperbot_ws/build/bumperbot_description
[1.208s] -- Install configuration: ""
[1.208s] -- Execute custom install script
[1.209s] -- Symlinking: /home/alexnew/bumperbot_ws/install/bumperbot_description/share/bumperbot_description/launch/display.launch.py
[1.221s] -- Symlinking: /home/alexnew/bumperbot_ws/install/bumperbot_description/share/bumperbot_description/launch/gazebo.launch.py
[1.238s] -- Symlinking: /home/alexnew/bumperbot_ws/install/bumperbot_description/share/bumperbot_description/meshes/base_link.STL
[1.256s] -- Symlinking: /home/alexnew/bumperbot_ws/install/bumperbot_description/share/bumperbot_description/meshes/caster_front_link.STL
[1.269s] -- Symlinking: /home/alexnew/bumperbot_ws/install/bumperbot_description/share/bumperbot_description/meshes/caster_rear_link.STL
[1.286s] -- Symlinking: /home/alexnew/bumperbot_ws/install/bumperbot_description/share/bumperbot_description/meshes/imu_link.STL
[1.291s] -- Symlinking: /home/alexnew/bumperbot_ws/install/bumperbot_description/share/bumperbot_description/meshes/wheel_left_link.STL
[1.305s] -- Symlinking: /home/alexnew/bumperbot_ws/install/bumperbot_description/share/bumperbot_description/meshes/wheel_right_link.STL
[1.310s] -- Symlinking: /home/alexnew/bumperbot_ws/install/bumperbot_description/share/bumperbot_description/urdf/bumperbot.urdf.xacro
[1.321s] -- Symlinking: /home/alexnew/bumperbot_ws/install/bumperbot_description/share/bumperbot_description/urdf/bumperbot_gazebo.xacro
[1.333s] -- Symlinking: /home/alexnew/bumperbot_ws/install/bumperbot_description/share/bumperbot_description/urdf/bumperbot_ros2_control.xacro
[1.347s] -- Symlinking: /home/alexnew/bumperbot_ws/install/bumperbot_description/share/bumperbot_description/rviz/display.rviz
[1.357s] -- Symlinking: /home/alexnew/bumperbot_ws/install/bumperbot_description/share/bumperbot_description/worlds/bumperbot_gps.sdf
[1.366s] -- Symlinking: /home/alexnew/bumperbot_ws/install/bumperbot_description/share/ament_index/resource_index/package_run_dependencies/bumperbot_description
[1.378s] -- Symlinking: /home/alexnew/bumperbot_ws/install/bumperbot_description/share/ament_index/resource_index/parent_prefix_path/bumperbot_description
[1.393s] -- Symlinking: /home/alexnew/bumperbot_ws/install/bumperbot_description/share/bumperbot_description/environment/ament_prefix_path.sh
[1.418s] -- Symlinking: /home/alexnew/bumperbot_ws/install/bumperbot_description/share/bumperbot_description/environment/ament_prefix_path.dsv
[1.431s] -- Symlinking: /home/alexnew/bumperbot_ws/install/bumperbot_description/share/bumperbot_description/environment/path.sh
[1.448s] -- Symlinking: /home/alexnew/bumperbot_ws/install/bumperbot_description/share/bumperbot_description/environment/path.dsv
[1.465s] -- Symlinking: /home/alexnew/bumperbot_ws/install/bumperbot_description/share/bumperbot_description/local_setup.bash
[1.475s] -- Symlinking: /home/alexnew/bumperbot_ws/install/bumperbot_description/share/bumperbot_description/local_setup.sh
[1.489s] -- Symlinking: /home/alexnew/bumperbot_ws/install/bumperbot_description/share/bumperbot_description/local_setup.zsh
[1.499s] -- Symlinking: /home/alexnew/bumperbot_ws/install/bumperbot_description/share/bumperbot_description/local_setup.dsv
[1.511s] -- Symlinking: /home/alexnew/bumperbot_ws/install/bumperbot_description/share/bumperbot_description/package.dsv
[1.523s] -- Symlinking: /home/alexnew/bumperbot_ws/install/bumperbot_description/share/ament_index/resource_index/packages/bumperbot_description
[1.537s] -- Symlinking: /home/alexnew/bumperbot_ws/install/bumperbot_description/share/bumperbot_description/cmake/bumperbot_descriptionConfig.cmake
[1.549s] -- Symlinking: /home/alexnew/bumperbot_ws/install/bumperbot_description/share/bumperbot_description/cmake/bumperbot_descriptionConfig-version.cmake
[1.562s] -- Symlinking: /home/alexnew/bumperbot_ws/install/bumperbot_description/share/bumperbot_description/package.xml
[1.591s] Invoked command in '/home/alexnew/bumperbot_ws/build/bumperbot_description' returned '0': CMAKE_PREFIX_PATH=${CMAKE_PREFIX_PATH}:/home/alexnew/bumperbot_ws/install/bumperbot_py_examples:/opt/ros/humble /usr/bin/cmake --install /home/alexnew/bumperbot_ws/build/bumperbot_description
