[0.200s] Invoking command in '/home/alexnew/bumperbot_ws/build/bumperbot_controller': CMAKE_PREFIX_PATH=${CMAKE_PREFIX_PATH}:/home/alexnew/bumperbot_ws/install/bumperbot_py_examples:/opt/ros/humble /usr/bin/cmake --build /home/alexnew/bumperbot_ws/build/bumperbot_controller -- -j4 -l4
[1.321s] [  0%] Built target ament_cmake_python_symlink_bumperbot_controller
[1.321s] [ 50%] Built target simple_controller
[1.469s] [100%] Built target noisy_controller
[2.554s] running egg_info
[2.557s] writing bumperbot_controller.egg-info/PKG-INFO
[2.561s] writing dependency_links to bumperbot_controller.egg-info/dependency_links.txt
[2.573s] writing top-level names to bumperbot_controller.egg-info/top_level.txt
[2.582s] reading manifest file 'bumperbot_controller.egg-info/SOURCES.txt'
[2.585s] writing manifest file 'bumperbot_controller.egg-info/SOURCES.txt'
[2.657s] [100%] Built target ament_cmake_python_build_bumperbot_controller_egg
[2.734s] Invoked command in '/home/alexnew/bumperbot_ws/build/bumperbot_controller' returned '0': CMAKE_PREFIX_PATH=${CMAKE_PREFIX_PATH}:/home/alexnew/bumperbot_ws/install/bumperbot_py_examples:/opt/ros/humble /usr/bin/cmake --build /home/alexnew/bumperbot_ws/build/bumperbot_controller -- -j4 -l4
[2.775s] Invoking command in '/home/alexnew/bumperbot_ws/build/bumperbot_controller': CMAKE_PREFIX_PATH=${CMAKE_PREFIX_PATH}:/home/alexnew/bumperbot_ws/install/bumperbot_py_examples:/opt/ros/humble /usr/bin/cmake --install /home/alexnew/bumperbot_ws/build/bumperbot_controller
[2.778s] -- Install configuration: ""
[2.780s] -- Execute custom install script
[2.780s] -- Up-to-date symlink: /home/alexnew/bumperbot_ws/install/bumperbot_controller/share/bumperbot_controller/environment/pythonpath.sh
[2.780s] -- Up-to-date symlink: /home/alexnew/bumperbot_ws/install/bumperbot_controller/share/bumperbot_controller/environment/pythonpath.dsv
[2.786s] -- Up-to-date symlink: /home/alexnew/bumperbot_ws/install/bumperbot_controller/local/lib/python3.10/dist-packages/bumperbot_controller-0.0.0-py3.10.egg-info/PKG-INFO
[2.786s] -- Up-to-date symlink: /home/alexnew/bumperbot_ws/install/bumperbot_controller/local/lib/python3.10/dist-packages/bumperbot_controller-0.0.0-py3.10.egg-info/SOURCES.txt
[2.786s] -- Up-to-date symlink: /home/alexnew/bumperbot_ws/install/bumperbot_controller/local/lib/python3.10/dist-packages/bumperbot_controller-0.0.0-py3.10.egg-info/dependency_links.txt
[2.786s] -- Up-to-date symlink: /home/alexnew/bumperbot_ws/install/bumperbot_controller/local/lib/python3.10/dist-packages/bumperbot_controller-0.0.0-py3.10.egg-info/top_level.txt
[2.788s] -- Up-to-date symlink: /home/alexnew/bumperbot_ws/install/bumperbot_controller/local/lib/python3.10/dist-packages/bumperbot_controller/__init__.py
[2.788s] -- Up-to-date symlink: /home/alexnew/bumperbot_ws/install/bumperbot_controller/local/lib/python3.10/dist-packages/bumperbot_controller/noisy_controller.py
[2.788s] -- Up-to-date symlink: /home/alexnew/bumperbot_ws/install/bumperbot_controller/local/lib/python3.10/dist-packages/bumperbot_controller/simple_controller.py
[2.789s] -- Up-to-date symlink: /home/alexnew/bumperbot_ws/install/bumperbot_controller/include/include/bumperbot_controller/noisy_controller.hpp
[2.789s] -- Up-to-date symlink: /home/alexnew/bumperbot_ws/install/bumperbot_controller/include/include/bumperbot_controller/simple_controller.hpp
[2.794s] -- Up-to-date symlink: /home/alexnew/bumperbot_ws/install/bumperbot_controller/lib/bumperbot_controller/simple_controller
[2.795s] -- Up-to-date symlink: /home/alexnew/bumperbot_ws/install/bumperbot_controller/lib/bumperbot_controller/noisy_controller
[2.796s] -- Up-to-date symlink: /home/alexnew/bumperbot_ws/install/bumperbot_controller/share/bumperbot_controller/launch/controller.launch.py
[2.797s] -- Up-to-date symlink: /home/alexnew/bumperbot_ws/install/bumperbot_controller/share/bumperbot_controller/launch/joystick_teleop.launch.py
[2.797s] -- Up-to-date symlink: /home/alexnew/bumperbot_ws/install/bumperbot_controller/share/bumperbot_controller/config/bumperbot_controllers.yaml
[2.799s] -- Up-to-date symlink: /home/alexnew/bumperbot_ws/install/bumperbot_controller/share/bumperbot_controller/config/joy_config.yaml
[2.799s] -- Up-to-date symlink: /home/alexnew/bumperbot_ws/install/bumperbot_controller/share/bumperbot_controller/config/joy_teleop.yaml
[2.799s] -- Up-to-date symlink: /home/alexnew/bumperbot_ws/install/bumperbot_controller/lib/bumperbot_controller/simple_controller.py
[2.799s] -- Up-to-date symlink: /home/alexnew/bumperbot_ws/install/bumperbot_controller/lib/bumperbot_controller/noisy_controller.py
[2.800s] -- Up-to-date symlink: /home/alexnew/bumperbot_ws/install/bumperbot_controller/share/ament_index/resource_index/package_run_dependencies/bumperbot_controller
[2.801s] -- Up-to-date symlink: /home/alexnew/bumperbot_ws/install/bumperbot_controller/share/ament_index/resource_index/parent_prefix_path/bumperbot_controller
[2.801s] -- Up-to-date symlink: /home/alexnew/bumperbot_ws/install/bumperbot_controller/share/bumperbot_controller/environment/ament_prefix_path.sh
[2.805s] -- Up-to-date symlink: /home/alexnew/bumperbot_ws/install/bumperbot_controller/share/bumperbot_controller/environment/ament_prefix_path.dsv
[2.807s] -- Up-to-date symlink: /home/alexnew/bumperbot_ws/install/bumperbot_controller/share/bumperbot_controller/environment/path.sh
[2.807s] -- Up-to-date symlink: /home/alexnew/bumperbot_ws/install/bumperbot_controller/share/bumperbot_controller/environment/path.dsv
[2.808s] -- Up-to-date symlink: /home/alexnew/bumperbot_ws/install/bumperbot_controller/share/bumperbot_controller/local_setup.bash
[2.808s] -- Up-to-date symlink: /home/alexnew/bumperbot_ws/install/bumperbot_controller/share/bumperbot_controller/local_setup.sh
[2.808s] -- Up-to-date symlink: /home/alexnew/bumperbot_ws/install/bumperbot_controller/share/bumperbot_controller/local_setup.zsh
[2.808s] -- Up-to-date symlink: /home/alexnew/bumperbot_ws/install/bumperbot_controller/share/bumperbot_controller/local_setup.dsv
[2.808s] -- Symlinking: /home/alexnew/bumperbot_ws/install/bumperbot_controller/share/bumperbot_controller/package.dsv
[2.896s] -- Up-to-date symlink: /home/alexnew/bumperbot_ws/install/bumperbot_controller/share/ament_index/resource_index/packages/bumperbot_controller
[2.898s] -- Up-to-date symlink: /home/alexnew/bumperbot_ws/install/bumperbot_controller/share/bumperbot_controller/cmake/bumperbot_controllerConfig.cmake
[2.899s] -- Up-to-date symlink: /home/alexnew/bumperbot_ws/install/bumperbot_controller/share/bumperbot_controller/cmake/bumperbot_controllerConfig-version.cmake
[2.899s] -- Up-to-date symlink: /home/alexnew/bumperbot_ws/install/bumperbot_controller/share/bumperbot_controller/package.xml
[3.148s] Listing '/home/alexnew/bumperbot_ws/install/bumperbot_controller/local/lib/python3.10/dist-packages/bumperbot_controller'...
[3.172s] Invoked command in '/home/alexnew/bumperbot_ws/build/bumperbot_controller' returned '0': CMAKE_PREFIX_PATH=${CMAKE_PREFIX_PATH}:/home/alexnew/bumperbot_ws/install/bumperbot_py_examples:/opt/ros/humble /usr/bin/cmake --install /home/alexnew/bumperbot_ws/build/bumperbot_controller
