[0.042s] Invoking command in '/home/alexnew/bumperbot_ws/build/bumperbot_msgs': CMAKE_PREFIX_PATH=${CMAKE_PREFIX_PATH}:/home/alexnew/bumperbot_ws/install/bumperbot_py_examples:/opt/ros/humble /usr/bin/cmake --build /home/alexnew/bumperbot_ws/build/bumperbot_msgs -- -j4 -l4
[0.248s] [  2%] Built target bumperbot_msgs__cpp
[0.395s] [  2%] Built target ament_cmake_python_symlink_bumperbot_msgs
[0.440s] [ 12%] Built target bumperbot_msgs__rosidl_typesupport_introspection_cpp
[0.531s] [ 22%] Built target bumperbot_msgs__rosidl_typesupport_cpp
[0.630s] [ 32%] Built target bumperbot_msgs__rosidl_typesupport_fastrtps_cpp
[1.343s] running egg_info
[1.343s] writing bumperbot_msgs.egg-info/PKG-INFO
[1.346s] writing dependency_links to bumperbot_msgs.egg-info/dependency_links.txt
[1.351s] writing top-level names to bumperbot_msgs.egg-info/top_level.txt
[1.360s] reading manifest file 'bumperbot_msgs.egg-info/SOURCES.txt'
[1.360s] writing manifest file 'bumperbot_msgs.egg-info/SOURCES.txt'
[1.430s] [ 32%] Built target ament_cmake_python_build_bumperbot_msgs_egg
[1.496s] [ 35%] Built target bumperbot_msgs__rs
[1.549s] [ 45%] Built target bumperbot_msgs__rosidl_generator_c
[1.601s] [ 55%] Built target bumperbot_msgs__rosidl_typesupport_fastrtps_c
[1.669s] [ 65%] Built target bumperbot_msgs__rosidl_typesupport_c
[1.750s] [ 75%] Built target bumperbot_msgs__rosidl_typesupport_introspection_c
[1.795s] [ 75%] Built target bumperbot_msgs
[1.835s] [ 77%] Built target bumperbot_msgs__py
[1.888s] [ 85%] Built target bumperbot_msgs__rosidl_generator_py
[1.954s] [ 90%] Built target bumperbot_msgs__rosidl_typesupport_fastrtps_c__pyext
[2.028s] [ 95%] Built target bumperbot_msgs__rosidl_typesupport_c__pyext
[2.084s] [100%] Built target bumperbot_msgs__rosidl_typesupport_introspection_c__pyext
[2.111s] Invoked command in '/home/alexnew/bumperbot_ws/build/bumperbot_msgs' returned '0': CMAKE_PREFIX_PATH=${CMAKE_PREFIX_PATH}:/home/alexnew/bumperbot_ws/install/bumperbot_py_examples:/opt/ros/humble /usr/bin/cmake --build /home/alexnew/bumperbot_ws/build/bumperbot_msgs -- -j4 -l4
[2.114s] Invoking command in '/home/alexnew/bumperbot_ws/build/bumperbot_msgs': CMAKE_PREFIX_PATH=${CMAKE_PREFIX_PATH}:/home/alexnew/bumperbot_ws/install/bumperbot_py_examples:/opt/ros/humble /usr/bin/cmake --install /home/alexnew/bumperbot_ws/build/bumperbot_msgs
[2.124s] -- Install configuration: ""
[2.124s] -- Execute custom install script
[2.124s] -- Up-to-date symlink: /home/alexnew/bumperbot_ws/install/bumperbot_msgs/share/ament_index/resource_index/rosidl_interfaces/bumperbot_msgs
[2.124s] -- Up-to-date symlink: /home/alexnew/bumperbot_ws/install/bumperbot_msgs/include/bumperbot_msgs/bumperbot_msgs/msg/rosidl_generator_c__visibility_control.h
[2.124s] -- Up-to-date symlink: /home/alexnew/bumperbot_ws/install/bumperbot_msgs/include/bumperbot_msgs/bumperbot_msgs/srv/add_two_ints.h
[2.126s] -- Up-to-date symlink: /home/alexnew/bumperbot_ws/install/bumperbot_msgs/include/bumperbot_msgs/bumperbot_msgs/srv/detail/add_two_ints__functions.h
[2.126s] -- Up-to-date symlink: /home/alexnew/bumperbot_ws/install/bumperbot_msgs/include/bumperbot_msgs/bumperbot_msgs/srv/detail/add_two_ints__struct.h
[2.126s] -- Up-to-date symlink: /home/alexnew/bumperbot_ws/install/bumperbot_msgs/include/bumperbot_msgs/bumperbot_msgs/srv/detail/add_two_ints__type_support.h
[2.126s] -- Up-to-date symlink: /home/alexnew/bumperbot_ws/install/bumperbot_msgs/include/bumperbot_msgs/bumperbot_msgs/srv/detail/get_transform__functions.h
[2.126s] -- Up-to-date symlink: /home/alexnew/bumperbot_ws/install/bumperbot_msgs/include/bumperbot_msgs/bumperbot_msgs/srv/detail/get_transform__struct.h
[2.127s] -- Up-to-date symlink: /home/alexnew/bumperbot_ws/install/bumperbot_msgs/include/bumperbot_msgs/bumperbot_msgs/srv/detail/get_transform__type_support.h
[2.127s] -- Up-to-date symlink: /home/alexnew/bumperbot_ws/install/bumperbot_msgs/include/bumperbot_msgs/bumperbot_msgs/srv/get_transform.h
[2.127s] -- Up-to-date symlink: /home/alexnew/bumperbot_ws/install/bumperbot_msgs/share/bumperbot_msgs/environment/library_path.sh
[2.128s] -- Up-to-date symlink: /home/alexnew/bumperbot_ws/install/bumperbot_msgs/share/bumperbot_msgs/environment/library_path.dsv
[2.128s] -- Up-to-date symlink: /home/alexnew/bumperbot_ws/install/bumperbot_msgs/include/bumperbot_msgs/bumperbot_msgs/msg/rosidl_typesupport_fastrtps_c__visibility_control.h
[2.128s] -- Up-to-date symlink: /home/alexnew/bumperbot_ws/install/bumperbot_msgs/include/bumperbot_msgs/bumperbot_msgs/srv/detail/add_two_ints__rosidl_typesupport_fastrtps_c.h
[2.129s] -- Up-to-date symlink: /home/alexnew/bumperbot_ws/install/bumperbot_msgs/include/bumperbot_msgs/bumperbot_msgs/srv/detail/get_transform__rosidl_typesupport_fastrtps_c.h
[2.129s] -- Up-to-date symlink: /home/alexnew/bumperbot_ws/install/bumperbot_msgs/include/bumperbot_msgs/bumperbot_msgs/msg/rosidl_generator_cpp__visibility_control.hpp
[2.129s] -- Up-to-date symlink: /home/alexnew/bumperbot_ws/install/bumperbot_msgs/include/bumperbot_msgs/bumperbot_msgs/srv/add_two_ints.hpp
[2.129s] -- Up-to-date symlink: /home/alexnew/bumperbot_ws/install/bumperbot_msgs/include/bumperbot_msgs/bumperbot_msgs/srv/detail/add_two_ints__builder.hpp
[2.129s] -- Up-to-date symlink: /home/alexnew/bumperbot_ws/install/bumperbot_msgs/include/bumperbot_msgs/bumperbot_msgs/srv/detail/add_two_ints__struct.hpp
[2.129s] -- Up-to-date symlink: /home/alexnew/bumperbot_ws/install/bumperbot_msgs/include/bumperbot_msgs/bumperbot_msgs/srv/detail/add_two_ints__traits.hpp
[2.130s] -- Up-to-date symlink: /home/alexnew/bumperbot_ws/install/bumperbot_msgs/include/bumperbot_msgs/bumperbot_msgs/srv/detail/add_two_ints__type_support.hpp
[2.130s] -- Up-to-date symlink: /home/alexnew/bumperbot_ws/install/bumperbot_msgs/include/bumperbot_msgs/bumperbot_msgs/srv/detail/get_transform__builder.hpp
[2.130s] -- Up-to-date symlink: /home/alexnew/bumperbot_ws/install/bumperbot_msgs/include/bumperbot_msgs/bumperbot_msgs/srv/detail/get_transform__struct.hpp
[2.135s] -- Up-to-date symlink: /home/alexnew/bumperbot_ws/install/bumperbot_msgs/include/bumperbot_msgs/bumperbot_msgs/srv/detail/get_transform__traits.hpp
[2.135s] -- Up-to-date symlink: /home/alexnew/bumperbot_ws/install/bumperbot_msgs/include/bumperbot_msgs/bumperbot_msgs/srv/detail/get_transform__type_support.hpp
[2.135s] -- Up-to-date symlink: /home/alexnew/bumperbot_ws/install/bumperbot_msgs/include/bumperbot_msgs/bumperbot_msgs/srv/get_transform.hpp
[2.135s] -- Up-to-date symlink: /home/alexnew/bumperbot_ws/install/bumperbot_msgs/include/bumperbot_msgs/bumperbot_msgs/msg/rosidl_typesupport_fastrtps_cpp__visibility_control.h
[2.135s] -- Up-to-date symlink: /home/alexnew/bumperbot_ws/install/bumperbot_msgs/include/bumperbot_msgs/bumperbot_msgs/srv/detail/add_two_ints__rosidl_typesupport_fastrtps_cpp.hpp
[2.135s] -- Up-to-date symlink: /home/alexnew/bumperbot_ws/install/bumperbot_msgs/include/bumperbot_msgs/bumperbot_msgs/srv/detail/get_transform__rosidl_typesupport_fastrtps_cpp.hpp
[2.135s] -- Up-to-date symlink: /home/alexnew/bumperbot_ws/install/bumperbot_msgs/include/bumperbot_msgs/bumperbot_msgs/msg/rosidl_typesupport_introspection_c__visibility_control.h
[2.135s] -- Up-to-date symlink: /home/alexnew/bumperbot_ws/install/bumperbot_msgs/include/bumperbot_msgs/bumperbot_msgs/srv/detail/add_two_ints__rosidl_typesupport_introspection_c.h
[2.135s] -- Up-to-date symlink: /home/alexnew/bumperbot_ws/install/bumperbot_msgs/include/bumperbot_msgs/bumperbot_msgs/srv/detail/get_transform__rosidl_typesupport_introspection_c.h
[2.135s] -- Up-to-date symlink: /home/alexnew/bumperbot_ws/install/bumperbot_msgs/include/bumperbot_msgs/bumperbot_msgs/srv/detail/add_two_ints__rosidl_typesupport_introspection_cpp.hpp
[2.135s] -- Up-to-date symlink: /home/alexnew/bumperbot_ws/install/bumperbot_msgs/include/bumperbot_msgs/bumperbot_msgs/srv/detail/get_transform__rosidl_typesupport_introspection_cpp.hpp
[2.136s] -- Up-to-date symlink: /home/alexnew/bumperbot_ws/install/bumperbot_msgs/share/bumperbot_msgs/environment/pythonpath.sh
[2.136s] -- Up-to-date symlink: /home/alexnew/bumperbot_ws/install/bumperbot_msgs/share/bumperbot_msgs/environment/pythonpath.dsv
[2.136s] -- Up-to-date symlink: /home/alexnew/bumperbot_ws/install/bumperbot_msgs/local/lib/python3.10/dist-packages/bumperbot_msgs-0.0.0-py3.10.egg-info/PKG-INFO
[2.136s] -- Up-to-date symlink: /home/alexnew/bumperbot_ws/install/bumperbot_msgs/local/lib/python3.10/dist-packages/bumperbot_msgs-0.0.0-py3.10.egg-info/SOURCES.txt
[2.136s] -- Up-to-date symlink: /home/alexnew/bumperbot_ws/install/bumperbot_msgs/local/lib/python3.10/dist-packages/bumperbot_msgs-0.0.0-py3.10.egg-info/dependency_links.txt
[2.136s] -- Up-to-date symlink: /home/alexnew/bumperbot_ws/install/bumperbot_msgs/local/lib/python3.10/dist-packages/bumperbot_msgs-0.0.0-py3.10.egg-info/top_level.txt
[2.136s] -- Up-to-date symlink: /home/alexnew/bumperbot_ws/install/bumperbot_msgs/local/lib/python3.10/dist-packages/bumperbot_msgs/__init__.py
[2.137s] -- Up-to-date symlink: /home/alexnew/bumperbot_ws/install/bumperbot_msgs/local/lib/python3.10/dist-packages/bumperbot_msgs/_bumperbot_msgs_s.ep.rosidl_typesupport_c.c
[2.137s] -- Up-to-date symlink: /home/alexnew/bumperbot_ws/install/bumperbot_msgs/local/lib/python3.10/dist-packages/bumperbot_msgs/_bumperbot_msgs_s.ep.rosidl_typesupport_fastrtps_c.c
[2.137s] -- Up-to-date symlink: /home/alexnew/bumperbot_ws/install/bumperbot_msgs/local/lib/python3.10/dist-packages/bumperbot_msgs/_bumperbot_msgs_s.ep.rosidl_typesupport_introspection_c.c
[2.137s] -- Up-to-date symlink: /home/alexnew/bumperbot_ws/install/bumperbot_msgs/local/lib/python3.10/dist-packages/bumperbot_msgs/bumperbot_msgs_s__rosidl_typesupport_c.cpython-310-x86_64-linux-gnu.so
[2.137s] -- Up-to-date symlink: /home/alexnew/bumperbot_ws/install/bumperbot_msgs/local/lib/python3.10/dist-packages/bumperbot_msgs/bumperbot_msgs_s__rosidl_typesupport_fastrtps_c.cpython-310-x86_64-linux-gnu.so
[2.137s] -- Up-to-date symlink: /home/alexnew/bumperbot_ws/install/bumperbot_msgs/local/lib/python3.10/dist-packages/bumperbot_msgs/bumperbot_msgs_s__rosidl_typesupport_introspection_c.cpython-310-x86_64-linux-gnu.so
[2.137s] -- Up-to-date symlink: /home/alexnew/bumperbot_ws/install/bumperbot_msgs/local/lib/python3.10/dist-packages/bumperbot_msgs/libbumperbot_msgs__rosidl_generator_py.so
[2.137s] -- Up-to-date symlink: /home/alexnew/bumperbot_ws/install/bumperbot_msgs/local/lib/python3.10/dist-packages/bumperbot_msgs/srv/__init__.py
[2.137s] -- Up-to-date symlink: /home/alexnew/bumperbot_ws/install/bumperbot_msgs/local/lib/python3.10/dist-packages/bumperbot_msgs/srv/_add_two_ints.py
[2.138s] -- Up-to-date symlink: /home/alexnew/bumperbot_ws/install/bumperbot_msgs/local/lib/python3.10/dist-packages/bumperbot_msgs/srv/_add_two_ints_s.c
[2.138s] -- Up-to-date symlink: /home/alexnew/bumperbot_ws/install/bumperbot_msgs/local/lib/python3.10/dist-packages/bumperbot_msgs/srv/_get_transform.py
[2.142s] -- Up-to-date symlink: /home/alexnew/bumperbot_ws/install/bumperbot_msgs/local/lib/python3.10/dist-packages/bumperbot_msgs/srv/_get_transform_s.c
[2.143s] -- Up-to-date symlink: /home/alexnew/bumperbot_ws/install/bumperbot_msgs/local/lib/python3.10/dist-packages/bumperbot_msgs/bumperbot_msgs_s__rosidl_typesupport_fastrtps_c.cpython-310-x86_64-linux-gnu.so
[2.143s] -- Up-to-date symlink: /home/alexnew/bumperbot_ws/install/bumperbot_msgs/local/lib/python3.10/dist-packages/bumperbot_msgs/bumperbot_msgs_s__rosidl_typesupport_introspection_c.cpython-310-x86_64-linux-gnu.so
[2.143s] -- Up-to-date symlink: /home/alexnew/bumperbot_ws/install/bumperbot_msgs/local/lib/python3.10/dist-packages/bumperbot_msgs/bumperbot_msgs_s__rosidl_typesupport_c.cpython-310-x86_64-linux-gnu.so
[2.143s] -- Up-to-date symlink: /home/alexnew/bumperbot_ws/install/bumperbot_msgs/share/ament_index/resource_index/rust_packages/bumperbot_msgs
[2.143s] -- Up-to-date symlink: /home/alexnew/bumperbot_ws/install/bumperbot_msgs/share/bumperbot_msgs/rust/Cargo.toml
[2.143s] -- Up-to-date symlink: /home/alexnew/bumperbot_ws/install/bumperbot_msgs/share/bumperbot_msgs/rust/build.rs
[2.143s] -- Up-to-date symlink: /home/alexnew/bumperbot_ws/install/bumperbot_msgs/share/bumperbot_msgs/rust/src/lib.rs
[2.143s] -- Up-to-date symlink: /home/alexnew/bumperbot_ws/install/bumperbot_msgs/share/bumperbot_msgs/rust/src/srv.rs
[2.143s] -- Up-to-date symlink: /home/alexnew/bumperbot_ws/install/bumperbot_msgs/share/bumperbot_msgs/rust/src/srv/rmw.rs
[2.143s] -- Up-to-date symlink: /home/alexnew/bumperbot_ws/install/bumperbot_msgs/share/bumperbot_msgs/srv/AddTwoInts.idl
[2.144s] -- Up-to-date symlink: /home/alexnew/bumperbot_ws/install/bumperbot_msgs/share/bumperbot_msgs/srv/GetTransform.idl
[2.144s] -- Up-to-date symlink: /home/alexnew/bumperbot_ws/install/bumperbot_msgs/share/bumperbot_msgs/srv/AddTwoInts.srv
[2.144s] -- Up-to-date symlink: /home/alexnew/bumperbot_ws/install/bumperbot_msgs/share/bumperbot_msgs/srv/AddTwoInts_Request.msg
[2.144s] -- Up-to-date symlink: /home/alexnew/bumperbot_ws/install/bumperbot_msgs/share/bumperbot_msgs/srv/AddTwoInts_Response.msg
[2.144s] -- Up-to-date symlink: /home/alexnew/bumperbot_ws/install/bumperbot_msgs/share/bumperbot_msgs/srv/GetTransform.srv
[2.144s] -- Up-to-date symlink: /home/alexnew/bumperbot_ws/install/bumperbot_msgs/share/bumperbot_msgs/srv/GetTransform_Request.msg
[2.144s] -- Up-to-date symlink: /home/alexnew/bumperbot_ws/install/bumperbot_msgs/share/bumperbot_msgs/srv/GetTransform_Response.msg
[2.144s] -- Up-to-date symlink: /home/alexnew/bumperbot_ws/install/bumperbot_msgs/share/ament_index/resource_index/package_run_dependencies/bumperbot_msgs
[2.144s] -- Up-to-date symlink: /home/alexnew/bumperbot_ws/install/bumperbot_msgs/share/ament_index/resource_index/parent_prefix_path/bumperbot_msgs
[2.144s] -- Up-to-date symlink: /home/alexnew/bumperbot_ws/install/bumperbot_msgs/share/bumperbot_msgs/environment/ament_prefix_path.sh
[2.144s] -- Up-to-date symlink: /home/alexnew/bumperbot_ws/install/bumperbot_msgs/share/bumperbot_msgs/environment/ament_prefix_path.dsv
[2.144s] -- Up-to-date symlink: /home/alexnew/bumperbot_ws/install/bumperbot_msgs/share/bumperbot_msgs/environment/path.sh
[2.144s] -- Up-to-date symlink: /home/alexnew/bumperbot_ws/install/bumperbot_msgs/share/bumperbot_msgs/environment/path.dsv
[2.144s] -- Up-to-date symlink: /home/alexnew/bumperbot_ws/install/bumperbot_msgs/share/bumperbot_msgs/local_setup.bash
[2.145s] -- Up-to-date symlink: /home/alexnew/bumperbot_ws/install/bumperbot_msgs/share/bumperbot_msgs/local_setup.sh
[2.145s] -- Up-to-date symlink: /home/alexnew/bumperbot_ws/install/bumperbot_msgs/share/bumperbot_msgs/local_setup.zsh
[2.145s] -- Up-to-date symlink: /home/alexnew/bumperbot_ws/install/bumperbot_msgs/share/bumperbot_msgs/local_setup.dsv
[2.145s] -- Symlinking: /home/alexnew/bumperbot_ws/install/bumperbot_msgs/share/bumperbot_msgs/package.dsv
[2.152s] -- Up-to-date symlink: /home/alexnew/bumperbot_ws/install/bumperbot_msgs/share/ament_index/resource_index/packages/bumperbot_msgs
[2.152s] -- Up-to-date symlink: /home/alexnew/bumperbot_ws/install/bumperbot_msgs/share/bumperbot_msgs/cmake/rosidl_cmake-extras.cmake
[2.153s] -- Up-to-date symlink: /home/alexnew/bumperbot_ws/install/bumperbot_msgs/share/bumperbot_msgs/cmake/ament_cmake_export_dependencies-extras.cmake
[2.153s] -- Up-to-date symlink: /home/alexnew/bumperbot_ws/install/bumperbot_msgs/share/bumperbot_msgs/cmake/ament_cmake_export_include_directories-extras.cmake
[2.154s] -- Up-to-date symlink: /home/alexnew/bumperbot_ws/install/bumperbot_msgs/share/bumperbot_msgs/cmake/ament_cmake_export_libraries-extras.cmake
[2.154s] -- Up-to-date symlink: /home/alexnew/bumperbot_ws/install/bumperbot_msgs/share/bumperbot_msgs/cmake/ament_cmake_export_targets-extras.cmake
[2.154s] -- Up-to-date symlink: /home/alexnew/bumperbot_ws/install/bumperbot_msgs/share/bumperbot_msgs/cmake/rosidl_cmake_export_typesupport_targets-extras.cmake
[2.155s] -- Up-to-date symlink: /home/alexnew/bumperbot_ws/install/bumperbot_msgs/share/bumperbot_msgs/cmake/rosidl_cmake_export_typesupport_libraries-extras.cmake
[2.155s] -- Up-to-date symlink: /home/alexnew/bumperbot_ws/install/bumperbot_msgs/share/bumperbot_msgs/cmake/bumperbot_msgsConfig.cmake
[2.156s] -- Up-to-date symlink: /home/alexnew/bumperbot_ws/install/bumperbot_msgs/share/bumperbot_msgs/cmake/bumperbot_msgsConfig-version.cmake
[2.157s] -- Up-to-date symlink: /home/alexnew/bumperbot_ws/install/bumperbot_msgs/share/bumperbot_msgs/package.xml
[2.157s] -- Up-to-date: /home/alexnew/bumperbot_ws/install/bumperbot_msgs/lib/libbumperbot_msgs__rosidl_generator_c.so
[2.157s] -- Up-to-date: /home/alexnew/bumperbot_ws/install/bumperbot_msgs/lib/libbumperbot_msgs__rosidl_typesupport_fastrtps_c.so
[2.157s] -- Up-to-date: /home/alexnew/bumperbot_ws/install/bumperbot_msgs/lib/libbumperbot_msgs__rosidl_typesupport_fastrtps_cpp.so
[2.157s] -- Up-to-date: /home/alexnew/bumperbot_ws/install/bumperbot_msgs/lib/libbumperbot_msgs__rosidl_typesupport_introspection_c.so
[2.158s] -- Up-to-date: /home/alexnew/bumperbot_ws/install/bumperbot_msgs/lib/libbumperbot_msgs__rosidl_typesupport_c.so
[2.160s] -- Up-to-date: /home/alexnew/bumperbot_ws/install/bumperbot_msgs/lib/libbumperbot_msgs__rosidl_typesupport_introspection_cpp.so
[2.160s] -- Up-to-date: /home/alexnew/bumperbot_ws/install/bumperbot_msgs/lib/libbumperbot_msgs__rosidl_typesupport_cpp.so
[2.206s] Listing '/home/alexnew/bumperbot_ws/install/bumperbot_msgs/local/lib/python3.10/dist-packages/bumperbot_msgs'...
[2.207s] Listing '/home/alexnew/bumperbot_ws/install/bumperbot_msgs/local/lib/python3.10/dist-packages/bumperbot_msgs/srv'...
[2.212s] -- Up-to-date: /home/alexnew/bumperbot_ws/install/bumperbot_msgs/lib/libbumperbot_msgs__rosidl_generator_py.so
[2.213s] -- Up-to-date: /home/alexnew/bumperbot_ws/install/bumperbot_msgs/share/bumperbot_msgs/cmake/export_bumperbot_msgs__rosidl_generator_cExport.cmake
[2.213s] -- Up-to-date: /home/alexnew/bumperbot_ws/install/bumperbot_msgs/share/bumperbot_msgs/cmake/export_bumperbot_msgs__rosidl_generator_cExport-noconfig.cmake
[2.213s] -- Up-to-date: /home/alexnew/bumperbot_ws/install/bumperbot_msgs/share/bumperbot_msgs/cmake/export_bumperbot_msgs__rosidl_typesupport_fastrtps_cExport.cmake
[2.214s] -- Up-to-date: /home/alexnew/bumperbot_ws/install/bumperbot_msgs/share/bumperbot_msgs/cmake/export_bumperbot_msgs__rosidl_typesupport_fastrtps_cExport-noconfig.cmake
[2.214s] -- Up-to-date: /home/alexnew/bumperbot_ws/install/bumperbot_msgs/share/bumperbot_msgs/cmake/export_bumperbot_msgs__rosidl_generator_cppExport.cmake
[2.214s] -- Up-to-date: /home/alexnew/bumperbot_ws/install/bumperbot_msgs/share/bumperbot_msgs/cmake/export_bumperbot_msgs__rosidl_typesupport_fastrtps_cppExport.cmake
[2.214s] -- Up-to-date: /home/alexnew/bumperbot_ws/install/bumperbot_msgs/share/bumperbot_msgs/cmake/export_bumperbot_msgs__rosidl_typesupport_fastrtps_cppExport-noconfig.cmake
[2.215s] -- Up-to-date: /home/alexnew/bumperbot_ws/install/bumperbot_msgs/share/bumperbot_msgs/cmake/bumperbot_msgs__rosidl_typesupport_introspection_cExport.cmake
[2.215s] -- Up-to-date: /home/alexnew/bumperbot_ws/install/bumperbot_msgs/share/bumperbot_msgs/cmake/bumperbot_msgs__rosidl_typesupport_introspection_cExport-noconfig.cmake
[2.216s] -- Up-to-date: /home/alexnew/bumperbot_ws/install/bumperbot_msgs/share/bumperbot_msgs/cmake/bumperbot_msgs__rosidl_typesupport_cExport.cmake
[2.216s] -- Up-to-date: /home/alexnew/bumperbot_ws/install/bumperbot_msgs/share/bumperbot_msgs/cmake/bumperbot_msgs__rosidl_typesupport_cExport-noconfig.cmake
[2.216s] -- Up-to-date: /home/alexnew/bumperbot_ws/install/bumperbot_msgs/share/bumperbot_msgs/cmake/bumperbot_msgs__rosidl_typesupport_introspection_cppExport.cmake
[2.216s] -- Up-to-date: /home/alexnew/bumperbot_ws/install/bumperbot_msgs/share/bumperbot_msgs/cmake/bumperbot_msgs__rosidl_typesupport_introspection_cppExport-noconfig.cmake
[2.217s] -- Up-to-date: /home/alexnew/bumperbot_ws/install/bumperbot_msgs/share/bumperbot_msgs/cmake/bumperbot_msgs__rosidl_typesupport_cppExport.cmake
[2.217s] -- Up-to-date: /home/alexnew/bumperbot_ws/install/bumperbot_msgs/share/bumperbot_msgs/cmake/bumperbot_msgs__rosidl_typesupport_cppExport-noconfig.cmake
[2.217s] -- Up-to-date: /home/alexnew/bumperbot_ws/install/bumperbot_msgs/share/bumperbot_msgs/cmake/export_bumperbot_msgs__rosidl_generator_pyExport.cmake
[2.217s] -- Up-to-date: /home/alexnew/bumperbot_ws/install/bumperbot_msgs/share/bumperbot_msgs/cmake/export_bumperbot_msgs__rosidl_generator_pyExport-noconfig.cmake
[2.221s] Invoked command in '/home/alexnew/bumperbot_ws/build/bumperbot_msgs' returned '0': CMAKE_PREFIX_PATH=${CMAKE_PREFIX_PATH}:/home/alexnew/bumperbot_ws/install/bumperbot_py_examples:/opt/ros/humble /usr/bin/cmake --install /home/alexnew/bumperbot_ws/build/bumperbot_msgs
