[0.802s] Invoking command in '/home/alexnew/bumperbot_ws/src/bumperbot_py_examples': CMAKE_PREFIX_PATH=/home/alexnew/bumperbot_ws/install/bumperbot_msgs:/home/alexnew/bumperbot_ws/install/bumperbot_cpp_examples:/home/alexnew/bumperbot_ws/install/bumperbot_localization:/home/alexnew/bumperbot_ws/install/bumperbot_description:/home/alexnew/bumperbot_ws/install/bumperbot_controller PYTHONPATH=/home/alexnew/bumperbot_ws/build/bumperbot_py_examples/prefix_override:/usr/lib/python3/dist-packages/colcon_core/task/python/colcon_distutils_commands:/home/alexnew/bumperbot_ws/install/bumperbot_py_examples/lib/python3.10/site-packages:${PYTHONPATH} /usr/bin/python3 -W ignore:setup.py install is deprecated -W ignore:easy_install command is deprecated setup.py egg_info --egg-base ../../build/bumperbot_py_examples build --build-base /home/alexnew/bumperbot_ws/build/bumperbot_py_examples/build install --record /home/alexnew/bumperbot_ws/build/bumperbot_py_examples/install.log --single-version-externally-managed install_data
[1.015s] running egg_info
[1.016s] writing ../../build/bumperbot_py_examples/bumperbot_py_examples.egg-info/PKG-INFO
[1.017s] writing dependency_links to ../../build/bumperbot_py_examples/bumperbot_py_examples.egg-info/dependency_links.txt
[1.017s] writing entry points to ../../build/bumperbot_py_examples/bumperbot_py_examples.egg-info/entry_points.txt
[1.017s] writing requirements to ../../build/bumperbot_py_examples/bumperbot_py_examples.egg-info/requires.txt
[1.018s] writing top-level names to ../../build/bumperbot_py_examples/bumperbot_py_examples.egg-info/top_level.txt
[1.020s] reading manifest file '../../build/bumperbot_py_examples/bumperbot_py_examples.egg-info/SOURCES.txt'
[1.021s] writing manifest file '../../build/bumperbot_py_examples/bumperbot_py_examples.egg-info/SOURCES.txt'
[1.022s] running build
[1.022s] running build_py
[1.023s] running install
[1.023s] running install_lib
[1.024s] running install_data
[1.025s] running install_egg_info
[1.027s] removing '/home/alexnew/bumperbot_ws/install/bumperbot_py_examples/lib/python3.10/site-packages/bumperbot_py_examples-0.0.0-py3.10.egg-info' (and everything under it)
[1.029s] Copying ../../build/bumperbot_py_examples/bumperbot_py_examples.egg-info to /home/alexnew/bumperbot_ws/install/bumperbot_py_examples/lib/python3.10/site-packages/bumperbot_py_examples-0.0.0-py3.10.egg-info
[1.030s] running install_scripts
[1.051s] Installing simple_parameter script to /home/alexnew/bumperbot_ws/install/bumperbot_py_examples/lib/bumperbot_py_examples
[1.052s] Installing simple_publisher script to /home/alexnew/bumperbot_ws/install/bumperbot_py_examples/lib/bumperbot_py_examples
[1.052s] Installing simple_service_client script to /home/alexnew/bumperbot_ws/install/bumperbot_py_examples/lib/bumperbot_py_examples
[1.053s] Installing simple_service_server script to /home/alexnew/bumperbot_ws/install/bumperbot_py_examples/lib/bumperbot_py_examples
[1.054s] Installing simple_subscriber script to /home/alexnew/bumperbot_ws/install/bumperbot_py_examples/lib/bumperbot_py_examples
[1.055s] Installing simple_tf_kinematics script to /home/alexnew/bumperbot_ws/install/bumperbot_py_examples/lib/bumperbot_py_examples
[1.056s] Installing simple_turtlesim_kinematics script to /home/alexnew/bumperbot_ws/install/bumperbot_py_examples/lib/bumperbot_py_examples
[1.057s] writing list of installed files to '/home/alexnew/bumperbot_ws/build/bumperbot_py_examples/install.log'
[1.083s] Invoked command in '/home/alexnew/bumperbot_ws/src/bumperbot_py_examples' returned '0': CMAKE_PREFIX_PATH=/home/alexnew/bumperbot_ws/install/bumperbot_msgs:/home/alexnew/bumperbot_ws/install/bumperbot_cpp_examples:/home/alexnew/bumperbot_ws/install/bumperbot_localization:/home/alexnew/bumperbot_ws/install/bumperbot_description:/home/alexnew/bumperbot_ws/install/bumperbot_controller PYTHONPATH=/home/alexnew/bumperbot_ws/build/bumperbot_py_examples/prefix_override:/usr/lib/python3/dist-packages/colcon_core/task/python/colcon_distutils_commands:/home/alexnew/bumperbot_ws/install/bumperbot_py_examples/lib/python3.10/site-packages:${PYTHONPATH} /usr/bin/python3 -W ignore:setup.py install is deprecated -W ignore:easy_install command is deprecated setup.py egg_info --egg-base ../../build/bumperbot_py_examples build --build-base /home/alexnew/bumperbot_ws/build/bumperbot_py_examples/build install --record /home/alexnew/bumperbot_ws/build/bumperbot_py_examples/install.log --single-version-externally-managed install_data
