[0.044s] Invoking command in '/home/alexnew/bumperbot_ws/build/bumperbot_controller': CMAKE_PREFIX_PATH=${CMAKE_PREFIX_PATH}:/home/alexnew/bumperbot_ws/install/bumperbot_py_examples:/opt/ros/humble /usr/bin/cmake --build /home/alexnew/bumperbot_ws/build/bumperbot_controller -- -j4 -l4
[0.231s] [ 50%] Built target simple_controller
[0.386s] [ 50%] Built target ament_cmake_python_symlink_bumperbot_controller
[0.454s] [100%] Built target noisy_controller
[0.972s] running egg_info
[0.974s] writing bumperbot_controller.egg-info/PKG-INFO
[0.977s] writing dependency_links to bumperbot_controller.egg-info/dependency_links.txt
[0.979s] writing top-level names to bumperbot_controller.egg-info/top_level.txt
[0.997s] reading manifest file 'bumperbot_controller.egg-info/SOURCES.txt'
[0.998s] writing manifest file 'bumperbot_controller.egg-info/SOURCES.txt'
[1.085s] [100%] Built target ament_cmake_python_build_bumperbot_controller_egg
[1.123s] Invoked command in '/home/alexnew/bumperbot_ws/build/bumperbot_controller' returned '0': CMAKE_PREFIX_PATH=${CMAKE_PREFIX_PATH}:/home/alexnew/bumperbot_ws/install/bumperbot_py_examples:/opt/ros/humble /usr/bin/cmake --build /home/alexnew/bumperbot_ws/build/bumperbot_controller -- -j4 -l4
[1.124s] Invoking command in '/home/alexnew/bumperbot_ws/build/bumperbot_controller': CMAKE_PREFIX_PATH=${CMAKE_PREFIX_PATH}:/home/alexnew/bumperbot_ws/install/bumperbot_py_examples:/opt/ros/humble /usr/bin/cmake --install /home/alexnew/bumperbot_ws/build/bumperbot_controller
[1.149s] -- Install configuration: ""
[1.157s] -- Execute custom install script
[1.158s] -- Up-to-date symlink: /home/alexnew/bumperbot_ws/install/bumperbot_controller/share/bumperbot_controller/environment/pythonpath.sh
[1.158s] -- Up-to-date symlink: /home/alexnew/bumperbot_ws/install/bumperbot_controller/share/bumperbot_controller/environment/pythonpath.dsv
[1.158s] -- Up-to-date symlink: /home/alexnew/bumperbot_ws/install/bumperbot_controller/local/lib/python3.10/dist-packages/bumperbot_controller-0.0.0-py3.10.egg-info/PKG-INFO
[1.159s] -- Up-to-date symlink: /home/alexnew/bumperbot_ws/install/bumperbot_controller/local/lib/python3.10/dist-packages/bumperbot_controller-0.0.0-py3.10.egg-info/SOURCES.txt
[1.159s] -- Up-to-date symlink: /home/alexnew/bumperbot_ws/install/bumperbot_controller/local/lib/python3.10/dist-packages/bumperbot_controller-0.0.0-py3.10.egg-info/dependency_links.txt
[1.159s] -- Up-to-date symlink: /home/alexnew/bumperbot_ws/install/bumperbot_controller/local/lib/python3.10/dist-packages/bumperbot_controller-0.0.0-py3.10.egg-info/top_level.txt
[1.160s] -- Up-to-date symlink: /home/alexnew/bumperbot_ws/install/bumperbot_controller/local/lib/python3.10/dist-packages/bumperbot_controller/__init__.py
[1.160s] -- Up-to-date symlink: /home/alexnew/bumperbot_ws/install/bumperbot_controller/local/lib/python3.10/dist-packages/bumperbot_controller/noisy_controller.py
[1.160s] -- Up-to-date symlink: /home/alexnew/bumperbot_ws/install/bumperbot_controller/local/lib/python3.10/dist-packages/bumperbot_controller/simple_controller.py
[1.160s] -- Up-to-date symlink: /home/alexnew/bumperbot_ws/install/bumperbot_controller/include/include/bumperbot_controller/noisy_controller.hpp
[1.160s] -- Up-to-date symlink: /home/alexnew/bumperbot_ws/install/bumperbot_controller/include/include/bumperbot_controller/simple_controller.hpp
[1.160s] -- Up-to-date symlink: /home/alexnew/bumperbot_ws/install/bumperbot_controller/lib/bumperbot_controller/simple_controller
[1.163s] -- Up-to-date symlink: /home/alexnew/bumperbot_ws/install/bumperbot_controller/lib/bumperbot_controller/noisy_controller
[1.163s] -- Up-to-date symlink: /home/alexnew/bumperbot_ws/install/bumperbot_controller/share/bumperbot_controller/launch/controller.launch.py
[1.163s] -- Up-to-date symlink: /home/alexnew/bumperbot_ws/install/bumperbot_controller/share/bumperbot_controller/launch/joystick_teleop.launch.py
[1.163s] -- Up-to-date symlink: /home/alexnew/bumperbot_ws/install/bumperbot_controller/share/bumperbot_controller/config/bumperbot_controllers.yaml
[1.163s] -- Up-to-date symlink: /home/alexnew/bumperbot_ws/install/bumperbot_controller/share/bumperbot_controller/config/joy_config.yaml
[1.163s] -- Up-to-date symlink: /home/alexnew/bumperbot_ws/install/bumperbot_controller/share/bumperbot_controller/config/joy_teleop.yaml
[1.163s] -- Up-to-date symlink: /home/alexnew/bumperbot_ws/install/bumperbot_controller/lib/bumperbot_controller/simple_controller.py
[1.163s] -- Up-to-date symlink: /home/alexnew/bumperbot_ws/install/bumperbot_controller/lib/bumperbot_controller/noisy_controller.py
[1.164s] -- Up-to-date symlink: /home/alexnew/bumperbot_ws/install/bumperbot_controller/share/ament_index/resource_index/package_run_dependencies/bumperbot_controller
[1.164s] -- Up-to-date symlink: /home/alexnew/bumperbot_ws/install/bumperbot_controller/share/ament_index/resource_index/parent_prefix_path/bumperbot_controller
[1.164s] -- Up-to-date symlink: /home/alexnew/bumperbot_ws/install/bumperbot_controller/share/bumperbot_controller/environment/ament_prefix_path.sh
[1.164s] -- Up-to-date symlink: /home/alexnew/bumperbot_ws/install/bumperbot_controller/share/bumperbot_controller/environment/ament_prefix_path.dsv
[1.164s] -- Up-to-date symlink: /home/alexnew/bumperbot_ws/install/bumperbot_controller/share/bumperbot_controller/environment/path.sh
[1.165s] -- Up-to-date symlink: /home/alexnew/bumperbot_ws/install/bumperbot_controller/share/bumperbot_controller/environment/path.dsv
[1.165s] -- Up-to-date symlink: /home/alexnew/bumperbot_ws/install/bumperbot_controller/share/bumperbot_controller/local_setup.bash
[1.165s] -- Up-to-date symlink: /home/alexnew/bumperbot_ws/install/bumperbot_controller/share/bumperbot_controller/local_setup.sh
[1.165s] -- Up-to-date symlink: /home/alexnew/bumperbot_ws/install/bumperbot_controller/share/bumperbot_controller/local_setup.zsh
[1.165s] -- Up-to-date symlink: /home/alexnew/bumperbot_ws/install/bumperbot_controller/share/bumperbot_controller/local_setup.dsv
[1.169s] -- Symlinking: /home/alexnew/bumperbot_ws/install/bumperbot_controller/share/bumperbot_controller/package.dsv
[1.182s] -- Up-to-date symlink: /home/alexnew/bumperbot_ws/install/bumperbot_controller/share/ament_index/resource_index/packages/bumperbot_controller
[1.183s] -- Up-to-date symlink: /home/alexnew/bumperbot_ws/install/bumperbot_controller/share/bumperbot_controller/cmake/bumperbot_controllerConfig.cmake
[1.185s] -- Up-to-date symlink: /home/alexnew/bumperbot_ws/install/bumperbot_controller/share/bumperbot_controller/cmake/bumperbot_controllerConfig-version.cmake
[1.192s] -- Up-to-date symlink: /home/alexnew/bumperbot_ws/install/bumperbot_controller/share/bumperbot_controller/package.xml
[1.261s] Listing '/home/alexnew/bumperbot_ws/install/bumperbot_controller/local/lib/python3.10/dist-packages/bumperbot_controller'...
[1.299s] Invoked command in '/home/alexnew/bumperbot_ws/build/bumperbot_controller' returned '0': CMAKE_PREFIX_PATH=${CMAKE_PREFIX_PATH}:/home/alexnew/bumperbot_ws/install/bumperbot_py_examples:/opt/ros/humble /usr/bin/cmake --install /home/alexnew/bumperbot_ws/build/bumperbot_controller
