[0.664s] Invoking command in '/home/alexnew/bumperbot_ws/build/bumperbot_py_examples': CMAKE_PREFIX_PATH=/home/alexnew/bumperbot_ws/install/bumperbot_msgs:/home/alexnew/bumperbot_ws/install/bumperbot_cpp_examples:/home/alexnew/bumperbot_ws/install/bumperbot_localization:/home/alexnew/bumperbot_ws/install/bumperbot_description:/home/alexnew/bumperbot_ws/install/bumperbot_controller PYTHONPATH=/home/alexnew/bumperbot_ws/build/bumperbot_py_examples/prefix_override:/usr/lib/python3/dist-packages/colcon_core/task/python/colcon_distutils_commands:/home/alexnew/bumperbot_ws/install/bumperbot_py_examples/lib/python3.10/site-packages:${PYTHONPATH} /usr/bin/python3 -W ignore:setup.py install is deprecated -W ignore:easy_install command is deprecated setup.py develop --uninstall --editable --build-directory /home/alexnew/bumperbot_ws/build/bumperbot_py_examples/build
[0.963s] running develop
[1.129s] Removing /home/alexnew/bumperbot_ws/install/bumperbot_py_examples/lib/python3.10/site-packages/bumperbot-py-examples.egg-link (link to .)
[1.161s] Invoked command in '/home/alexnew/bumperbot_ws/build/bumperbot_py_examples' returned '0': CMAKE_PREFIX_PATH=/home/alexnew/bumperbot_ws/install/bumperbot_msgs:/home/alexnew/bumperbot_ws/install/bumperbot_cpp_examples:/home/alexnew/bumperbot_ws/install/bumperbot_localization:/home/alexnew/bumperbot_ws/install/bumperbot_description:/home/alexnew/bumperbot_ws/install/bumperbot_controller PYTHONPATH=/home/alexnew/bumperbot_ws/build/bumperbot_py_examples/prefix_override:/usr/lib/python3/dist-packages/colcon_core/task/python/colcon_distutils_commands:/home/alexnew/bumperbot_ws/install/bumperbot_py_examples/lib/python3.10/site-packages:${PYTHONPATH} /usr/bin/python3 -W ignore:setup.py install is deprecated -W ignore:easy_install command is deprecated setup.py develop --uninstall --editable --build-directory /home/alexnew/bumperbot_ws/build/bumperbot_py_examples/build
[1.162s] Invoking command in '/home/alexnew/bumperbot_ws/src/bumperbot_py_examples': CMAKE_PREFIX_PATH=/home/alexnew/bumperbot_ws/install/bumperbot_msgs:/home/alexnew/bumperbot_ws/install/bumperbot_cpp_examples:/home/alexnew/bumperbot_ws/install/bumperbot_localization:/home/alexnew/bumperbot_ws/install/bumperbot_description:/home/alexnew/bumperbot_ws/install/bumperbot_controller PYTHONPATH=/home/alexnew/bumperbot_ws/build/bumperbot_py_examples/prefix_override:/usr/lib/python3/dist-packages/colcon_core/task/python/colcon_distutils_commands:/home/alexnew/bumperbot_ws/install/bumperbot_py_examples/lib/python3.10/site-packages:${PYTHONPATH} /usr/bin/python3 -W ignore:setup.py install is deprecated -W ignore:easy_install command is deprecated setup.py egg_info --egg-base ../../build/bumperbot_py_examples build --build-base /home/alexnew/bumperbot_ws/build/bumperbot_py_examples/build install --record /home/alexnew/bumperbot_ws/build/bumperbot_py_examples/install.log --single-version-externally-managed install_data --force
[1.379s] running egg_info
[1.382s] writing ../../build/bumperbot_py_examples/bumperbot_py_examples.egg-info/PKG-INFO
[1.382s] writing dependency_links to ../../build/bumperbot_py_examples/bumperbot_py_examples.egg-info/dependency_links.txt
[1.383s] writing entry points to ../../build/bumperbot_py_examples/bumperbot_py_examples.egg-info/entry_points.txt
[1.383s] writing requirements to ../../build/bumperbot_py_examples/bumperbot_py_examples.egg-info/requires.txt
[1.383s] writing top-level names to ../../build/bumperbot_py_examples/bumperbot_py_examples.egg-info/top_level.txt
[1.385s] reading manifest file '../../build/bumperbot_py_examples/bumperbot_py_examples.egg-info/SOURCES.txt'
[1.386s] writing manifest file '../../build/bumperbot_py_examples/bumperbot_py_examples.egg-info/SOURCES.txt'
[1.386s] running build
[1.386s] running build_py
[1.387s] creating /home/alexnew/bumperbot_ws/build/bumperbot_py_examples/build
[1.388s] creating /home/alexnew/bumperbot_ws/build/bumperbot_py_examples/build/lib
[1.388s] creating /home/alexnew/bumperbot_ws/build/bumperbot_py_examples/build/lib/bumperbot_py_examples
[1.388s] copying bumperbot_py_examples/simple_service_client.py -> /home/alexnew/bumperbot_ws/build/bumperbot_py_examples/build/lib/bumperbot_py_examples
[1.389s] copying bumperbot_py_examples/simple_subscriber.py -> /home/alexnew/bumperbot_ws/build/bumperbot_py_examples/build/lib/bumperbot_py_examples
[1.390s] copying bumperbot_py_examples/__init__.py -> /home/alexnew/bumperbot_ws/build/bumperbot_py_examples/build/lib/bumperbot_py_examples
[1.390s] copying bumperbot_py_examples/simple_publisher.py -> /home/alexnew/bumperbot_ws/build/bumperbot_py_examples/build/lib/bumperbot_py_examples
[1.391s] copying bumperbot_py_examples/simple_service_server.py -> /home/alexnew/bumperbot_ws/build/bumperbot_py_examples/build/lib/bumperbot_py_examples
[1.391s] copying bumperbot_py_examples/simple_turtlesim_kinematics.py -> /home/alexnew/bumperbot_ws/build/bumperbot_py_examples/build/lib/bumperbot_py_examples
[1.393s] copying bumperbot_py_examples/simple_tf_kinematics.py -> /home/alexnew/bumperbot_ws/build/bumperbot_py_examples/build/lib/bumperbot_py_examples
[1.394s] copying bumperbot_py_examples/simple_parameter.py -> /home/alexnew/bumperbot_ws/build/bumperbot_py_examples/build/lib/bumperbot_py_examples
[1.395s] running install
[1.396s] running install_lib
[1.397s] creating /home/alexnew/bumperbot_ws/install/bumperbot_py_examples/lib/python3.10/site-packages/bumperbot_py_examples
[1.397s] copying /home/alexnew/bumperbot_ws/build/bumperbot_py_examples/build/lib/bumperbot_py_examples/simple_service_client.py -> /home/alexnew/bumperbot_ws/install/bumperbot_py_examples/lib/python3.10/site-packages/bumperbot_py_examples
[1.398s] copying /home/alexnew/bumperbot_ws/build/bumperbot_py_examples/build/lib/bumperbot_py_examples/simple_subscriber.py -> /home/alexnew/bumperbot_ws/install/bumperbot_py_examples/lib/python3.10/site-packages/bumperbot_py_examples
[1.398s] copying /home/alexnew/bumperbot_ws/build/bumperbot_py_examples/build/lib/bumperbot_py_examples/__init__.py -> /home/alexnew/bumperbot_ws/install/bumperbot_py_examples/lib/python3.10/site-packages/bumperbot_py_examples
[1.398s] copying /home/alexnew/bumperbot_ws/build/bumperbot_py_examples/build/lib/bumperbot_py_examples/simple_publisher.py -> /home/alexnew/bumperbot_ws/install/bumperbot_py_examples/lib/python3.10/site-packages/bumperbot_py_examples
[1.398s] copying /home/alexnew/bumperbot_ws/build/bumperbot_py_examples/build/lib/bumperbot_py_examples/simple_service_server.py -> /home/alexnew/bumperbot_ws/install/bumperbot_py_examples/lib/python3.10/site-packages/bumperbot_py_examples
[1.398s] copying /home/alexnew/bumperbot_ws/build/bumperbot_py_examples/build/lib/bumperbot_py_examples/simple_turtlesim_kinematics.py -> /home/alexnew/bumperbot_ws/install/bumperbot_py_examples/lib/python3.10/site-packages/bumperbot_py_examples
[1.398s] copying /home/alexnew/bumperbot_ws/build/bumperbot_py_examples/build/lib/bumperbot_py_examples/simple_tf_kinematics.py -> /home/alexnew/bumperbot_ws/install/bumperbot_py_examples/lib/python3.10/site-packages/bumperbot_py_examples
[1.399s] copying /home/alexnew/bumperbot_ws/build/bumperbot_py_examples/build/lib/bumperbot_py_examples/simple_parameter.py -> /home/alexnew/bumperbot_ws/install/bumperbot_py_examples/lib/python3.10/site-packages/bumperbot_py_examples
[1.399s] byte-compiling /home/alexnew/bumperbot_ws/install/bumperbot_py_examples/lib/python3.10/site-packages/bumperbot_py_examples/simple_service_client.py to simple_service_client.cpython-310.pyc
[1.400s] byte-compiling /home/alexnew/bumperbot_ws/install/bumperbot_py_examples/lib/python3.10/site-packages/bumperbot_py_examples/simple_subscriber.py to simple_subscriber.cpython-310.pyc
[1.402s] byte-compiling /home/alexnew/bumperbot_ws/install/bumperbot_py_examples/lib/python3.10/site-packages/bumperbot_py_examples/__init__.py to __init__.cpython-310.pyc
[1.402s] byte-compiling /home/alexnew/bumperbot_ws/install/bumperbot_py_examples/lib/python3.10/site-packages/bumperbot_py_examples/simple_publisher.py to simple_publisher.cpython-310.pyc
[1.402s] byte-compiling /home/alexnew/bumperbot_ws/install/bumperbot_py_examples/lib/python3.10/site-packages/bumperbot_py_examples/simple_service_server.py to simple_service_server.cpython-310.pyc
[1.403s] byte-compiling /home/alexnew/bumperbot_ws/install/bumperbot_py_examples/lib/python3.10/site-packages/bumperbot_py_examples/simple_turtlesim_kinematics.py to simple_turtlesim_kinematics.cpython-310.pyc
[1.403s] byte-compiling /home/alexnew/bumperbot_ws/install/bumperbot_py_examples/lib/python3.10/site-packages/bumperbot_py_examples/simple_tf_kinematics.py to simple_tf_kinematics.cpython-310.pyc
[1.404s] byte-compiling /home/alexnew/bumperbot_ws/install/bumperbot_py_examples/lib/python3.10/site-packages/bumperbot_py_examples/simple_parameter.py to simple_parameter.cpython-310.pyc
[1.405s] running install_data
[1.405s] copying resource/bumperbot_py_examples -> /home/alexnew/bumperbot_ws/install/bumperbot_py_examples/share/ament_index/resource_index/packages
[1.405s] copying package.xml -> /home/alexnew/bumperbot_ws/install/bumperbot_py_examples/share/bumperbot_py_examples
[1.405s] running install_egg_info
[1.407s] Copying ../../build/bumperbot_py_examples/bumperbot_py_examples.egg-info to /home/alexnew/bumperbot_ws/install/bumperbot_py_examples/lib/python3.10/site-packages/bumperbot_py_examples-0.0.0-py3.10.egg-info
[1.409s] running install_scripts
[1.432s] Installing simple_parameter script to /home/alexnew/bumperbot_ws/install/bumperbot_py_examples/lib/bumperbot_py_examples
[1.433s] Installing simple_publisher script to /home/alexnew/bumperbot_ws/install/bumperbot_py_examples/lib/bumperbot_py_examples
[1.433s] Installing simple_service_client script to /home/alexnew/bumperbot_ws/install/bumperbot_py_examples/lib/bumperbot_py_examples
[1.433s] Installing simple_service_server script to /home/alexnew/bumperbot_ws/install/bumperbot_py_examples/lib/bumperbot_py_examples
[1.433s] Installing simple_subscriber script to /home/alexnew/bumperbot_ws/install/bumperbot_py_examples/lib/bumperbot_py_examples
[1.434s] Installing simple_tf_kinematics script to /home/alexnew/bumperbot_ws/install/bumperbot_py_examples/lib/bumperbot_py_examples
[1.434s] Installing simple_turtlesim_kinematics script to /home/alexnew/bumperbot_ws/install/bumperbot_py_examples/lib/bumperbot_py_examples
[1.434s] writing list of installed files to '/home/alexnew/bumperbot_ws/build/bumperbot_py_examples/install.log'
[1.455s] Invoked command in '/home/alexnew/bumperbot_ws/src/bumperbot_py_examples' returned '0': CMAKE_PREFIX_PATH=/home/alexnew/bumperbot_ws/install/bumperbot_msgs:/home/alexnew/bumperbot_ws/install/bumperbot_cpp_examples:/home/alexnew/bumperbot_ws/install/bumperbot_localization:/home/alexnew/bumperbot_ws/install/bumperbot_description:/home/alexnew/bumperbot_ws/install/bumperbot_controller PYTHONPATH=/home/alexnew/bumperbot_ws/build/bumperbot_py_examples/prefix_override:/usr/lib/python3/dist-packages/colcon_core/task/python/colcon_distutils_commands:/home/alexnew/bumperbot_ws/install/bumperbot_py_examples/lib/python3.10/site-packages:${PYTHONPATH} /usr/bin/python3 -W ignore:setup.py install is deprecated -W ignore:easy_install command is deprecated setup.py egg_info --egg-base ../../build/bumperbot_py_examples build --build-base /home/alexnew/bumperbot_ws/build/bumperbot_py_examples/build install --record /home/alexnew/bumperbot_ws/build/bumperbot_py_examples/install.log --single-version-externally-managed install_data --force
