[0.098s] DEBUG:colcon:Command line arguments: ['/usr/bin/colcon', 'build']
[0.098s] DEBUG:colcon:Parsed command line arguments: Namespace(log_base=None, log_level=None, verb_name='build', build_base='build', install_base='install', merge_install=False, symlink_install=False, test_result_base=None, continue_on_error=False, executor='parallel', parallel_workers=4, event_handlers=None, ignore_user_meta=False, metas=['./colcon.meta'], base_paths=['.'], packages_ignore=None, packages_ignore_regex=None, paths=None, packages_up_to=None, packages_up_to_regex=None, packages_above=None, packages_above_and_dependencies=None, packages_above_depth=None, packages_select_by_dep=None, packages_skip_by_dep=None, packages_skip_up_to=None, packages_select_build_failed=False, packages_skip_build_finished=False, packages_select_test_failures=False, packages_skip_test_passed=False, packages_select=None, packages_skip=None, packages_select_regex=None, packages_skip_regex=None, packages_start=None, packages_end=None, allow_overriding=[], cmake_args=None, cmake_target=None, cmake_target_skip_unavailable=False, cmake_clean_cache=False, cmake_clean_first=False, cmake_force_configure=False, ament_cmake_args=None, catkin_cmake_args=None, catkin_skip_building_tests=False, mixin_files=None, mixin=None, verb_parser=<colcon_mixin.mixin.mixin_argument.MixinArgumentDecorator object at 0x72002ee6b1c0>, verb_extension=<colcon_core.verb.build.BuildVerb object at 0x72002efb80d0>, main=<bound method BuildVerb.main of <colcon_core.verb.build.BuildVerb object at 0x72002efb80d0>>, mixin_verb=('build',))
[0.240s] Level 1:colcon.colcon_core.package_discovery:discover_packages(colcon_meta) check parameters
[0.240s] Level 1:colcon.colcon_core.package_discovery:discover_packages(recursive) check parameters
[0.240s] Level 1:colcon.colcon_core.package_discovery:discover_packages(ignore) check parameters
[0.240s] Level 1:colcon.colcon_core.package_discovery:discover_packages(path) check parameters
[0.240s] Level 1:colcon.colcon_core.package_discovery:discover_packages(colcon_meta) discover
[0.240s] Level 1:colcon.colcon_core.package_discovery:discover_packages(recursive) discover
[0.240s] INFO:colcon.colcon_core.package_discovery:Crawling recursively for packages in '/home/alexnew/bumperbot_ws'
[0.241s] Level 1:colcon.colcon_core.package_identification:_identify(.) by extensions ['ignore', 'ignore_ament_install']
[0.241s] Level 1:colcon.colcon_core.package_identification:_identify(.) by extension 'ignore'
[0.241s] Level 1:colcon.colcon_core.package_identification:_identify(.) by extension 'ignore_ament_install'
[0.241s] Level 1:colcon.colcon_core.package_identification:_identify(.) by extensions ['colcon_pkg']
[0.241s] Level 1:colcon.colcon_core.package_identification:_identify(.) by extension 'colcon_pkg'
[0.241s] Level 1:colcon.colcon_core.package_identification:_identify(.) by extensions ['colcon_meta']
[0.241s] Level 1:colcon.colcon_core.package_identification:_identify(.) by extension 'colcon_meta'
[0.241s] Level 1:colcon.colcon_core.package_identification:_identify(.) by extensions ['ros']
[0.241s] Level 1:colcon.colcon_core.package_identification:_identify(.) by extension 'ros'
[0.251s] Level 1:colcon.colcon_core.package_identification:_identify(.) by extensions ['cmake', 'python']
[0.251s] Level 1:colcon.colcon_core.package_identification:_identify(.) by extension 'cmake'
[0.251s] Level 1:colcon.colcon_core.package_identification:_identify(.) by extension 'python'
[0.251s] Level 1:colcon.colcon_core.package_identification:_identify(.) by extensions ['python_setup_py']
[0.251s] Level 1:colcon.colcon_core.package_identification:_identify(.) by extension 'python_setup_py'
[0.252s] Level 1:colcon.colcon_core.package_identification:_identify(build) by extensions ['ignore', 'ignore_ament_install']
[0.252s] Level 1:colcon.colcon_core.package_identification:_identify(build) by extension 'ignore'
[0.252s] Level 1:colcon.colcon_core.package_identification:_identify(build) ignored
[0.252s] Level 1:colcon.colcon_core.package_identification:_identify(install) by extensions ['ignore', 'ignore_ament_install']
[0.252s] Level 1:colcon.colcon_core.package_identification:_identify(install) by extension 'ignore'
[0.252s] Level 1:colcon.colcon_core.package_identification:_identify(install) ignored
[0.252s] Level 1:colcon.colcon_core.package_identification:_identify(log) by extensions ['ignore', 'ignore_ament_install']
[0.252s] Level 1:colcon.colcon_core.package_identification:_identify(log) by extension 'ignore'
[0.252s] Level 1:colcon.colcon_core.package_identification:_identify(log) ignored
[0.252s] Level 1:colcon.colcon_core.package_identification:_identify(src) by extensions ['ignore', 'ignore_ament_install']
[0.253s] Level 1:colcon.colcon_core.package_identification:_identify(src) by extension 'ignore'
[0.253s] Level 1:colcon.colcon_core.package_identification:_identify(src) by extension 'ignore_ament_install'
[0.253s] Level 1:colcon.colcon_core.package_identification:_identify(src) by extensions ['colcon_pkg']
[0.253s] Level 1:colcon.colcon_core.package_identification:_identify(src) by extension 'colcon_pkg'
[0.253s] Level 1:colcon.colcon_core.package_identification:_identify(src) by extensions ['colcon_meta']
[0.253s] Level 1:colcon.colcon_core.package_identification:_identify(src) by extension 'colcon_meta'
[0.253s] Level 1:colcon.colcon_core.package_identification:_identify(src) by extensions ['ros']
[0.253s] Level 1:colcon.colcon_core.package_identification:_identify(src) by extension 'ros'
[0.253s] Level 1:colcon.colcon_core.package_identification:_identify(src) by extensions ['cmake', 'python']
[0.253s] Level 1:colcon.colcon_core.package_identification:_identify(src) by extension 'cmake'
[0.253s] Level 1:colcon.colcon_core.package_identification:_identify(src) by extension 'python'
[0.253s] Level 1:colcon.colcon_core.package_identification:_identify(src) by extensions ['python_setup_py']
[0.253s] Level 1:colcon.colcon_core.package_identification:_identify(src) by extension 'python_setup_py'
[0.253s] Level 1:colcon.colcon_core.package_identification:_identify(src/bumperbot_controller) by extensions ['ignore', 'ignore_ament_install']
[0.253s] Level 1:colcon.colcon_core.package_identification:_identify(src/bumperbot_controller) by extension 'ignore'
[0.253s] Level 1:colcon.colcon_core.package_identification:_identify(src/bumperbot_controller) by extension 'ignore_ament_install'
[0.253s] Level 1:colcon.colcon_core.package_identification:_identify(src/bumperbot_controller) by extensions ['colcon_pkg']
[0.253s] Level 1:colcon.colcon_core.package_identification:_identify(src/bumperbot_controller) by extension 'colcon_pkg'
[0.253s] Level 1:colcon.colcon_core.package_identification:_identify(src/bumperbot_controller) by extensions ['colcon_meta']
[0.254s] Level 1:colcon.colcon_core.package_identification:_identify(src/bumperbot_controller) by extension 'colcon_meta'
[0.254s] Level 1:colcon.colcon_core.package_identification:_identify(src/bumperbot_controller) by extensions ['ros']
[0.254s] Level 1:colcon.colcon_core.package_identification:_identify(src/bumperbot_controller) by extension 'ros'
[0.256s] DEBUG:colcon.colcon_core.package_identification:Package 'src/bumperbot_controller' with type 'ros.ament_cmake' and name 'bumperbot_controller'
[0.257s] Level 1:colcon.colcon_core.package_identification:_identify(src/bumperbot_description) by extensions ['ignore', 'ignore_ament_install']
[0.257s] Level 1:colcon.colcon_core.package_identification:_identify(src/bumperbot_description) by extension 'ignore'
[0.257s] Level 1:colcon.colcon_core.package_identification:_identify(src/bumperbot_description) by extension 'ignore_ament_install'
[0.257s] Level 1:colcon.colcon_core.package_identification:_identify(src/bumperbot_description) by extensions ['colcon_pkg']
[0.257s] Level 1:colcon.colcon_core.package_identification:_identify(src/bumperbot_description) by extension 'colcon_pkg'
[0.257s] Level 1:colcon.colcon_core.package_identification:_identify(src/bumperbot_description) by extensions ['colcon_meta']
[0.257s] Level 1:colcon.colcon_core.package_identification:_identify(src/bumperbot_description) by extension 'colcon_meta'
[0.257s] Level 1:colcon.colcon_core.package_identification:_identify(src/bumperbot_description) by extensions ['ros']
[0.257s] Level 1:colcon.colcon_core.package_identification:_identify(src/bumperbot_description) by extension 'ros'
[0.267s] DEBUG:colcon.colcon_core.package_identification:Package 'src/bumperbot_description' with type 'ros.ament_cmake' and name 'bumperbot_description'
[0.268s] Level 1:colcon.colcon_core.package_identification:_identify(src/bumperbot_localization) by extensions ['ignore', 'ignore_ament_install']
[0.268s] Level 1:colcon.colcon_core.package_identification:_identify(src/bumperbot_localization) by extension 'ignore'
[0.268s] Level 1:colcon.colcon_core.package_identification:_identify(src/bumperbot_localization) by extension 'ignore_ament_install'
[0.268s] Level 1:colcon.colcon_core.package_identification:_identify(src/bumperbot_localization) by extensions ['colcon_pkg']
[0.268s] Level 1:colcon.colcon_core.package_identification:_identify(src/bumperbot_localization) by extension 'colcon_pkg'
[0.268s] Level 1:colcon.colcon_core.package_identification:_identify(src/bumperbot_localization) by extensions ['colcon_meta']
[0.268s] Level 1:colcon.colcon_core.package_identification:_identify(src/bumperbot_localization) by extension 'colcon_meta'
[0.268s] Level 1:colcon.colcon_core.package_identification:_identify(src/bumperbot_localization) by extensions ['ros']
[0.268s] Level 1:colcon.colcon_core.package_identification:_identify(src/bumperbot_localization) by extension 'ros'
[0.269s] DEBUG:colcon.colcon_core.package_identification:Package 'src/bumperbot_localization' with type 'ros.ament_cmake' and name 'bumperbot_localization'
[0.269s] Level 1:colcon.colcon_core.package_discovery:discover_packages(recursive) using defaults
[0.269s] Level 1:colcon.colcon_core.package_discovery:discover_packages(ignore) discover
[0.269s] Level 1:colcon.colcon_core.package_discovery:discover_packages(ignore) using defaults
[0.269s] Level 1:colcon.colcon_core.package_discovery:discover_packages(path) discover
[0.269s] Level 1:colcon.colcon_core.package_discovery:discover_packages(path) using defaults
[0.286s] Level 1:colcon.colcon_core.package_discovery:discover_packages(prefix_path) check parameters
[0.286s] Level 1:colcon.colcon_core.package_discovery:discover_packages(prefix_path) discover
[0.288s] DEBUG:colcon.colcon_installed_package_information.package_discovery:Found 6 installed packages in /home/alexnew/bumperbot_ws/install
[0.289s] DEBUG:colcon.colcon_installed_package_information.package_discovery:Found 434 installed packages in /opt/ros/humble
[0.291s] Level 1:colcon.colcon_core.package_discovery:discover_packages(prefix_path) using defaults
[0.327s] Level 5:colcon.colcon_core.verb:set package 'bumperbot_controller' build argument 'cmake_args' from command line to 'None'
[0.328s] Level 5:colcon.colcon_core.verb:set package 'bumperbot_controller' build argument 'cmake_target' from command line to 'None'
[0.328s] Level 5:colcon.colcon_core.verb:set package 'bumperbot_controller' build argument 'cmake_target_skip_unavailable' from command line to 'False'
[0.328s] Level 5:colcon.colcon_core.verb:set package 'bumperbot_controller' build argument 'cmake_clean_cache' from command line to 'False'
[0.328s] Level 5:colcon.colcon_core.verb:set package 'bumperbot_controller' build argument 'cmake_clean_first' from command line to 'False'
[0.328s] Level 5:colcon.colcon_core.verb:set package 'bumperbot_controller' build argument 'cmake_force_configure' from command line to 'False'
[0.328s] Level 5:colcon.colcon_core.verb:set package 'bumperbot_controller' build argument 'ament_cmake_args' from command line to 'None'
[0.328s] Level 5:colcon.colcon_core.verb:set package 'bumperbot_controller' build argument 'catkin_cmake_args' from command line to 'None'
[0.328s] Level 5:colcon.colcon_core.verb:set package 'bumperbot_controller' build argument 'catkin_skip_building_tests' from command line to 'False'
[0.328s] DEBUG:colcon.colcon_core.verb:Building package 'bumperbot_controller' with the following arguments: {'ament_cmake_args': None, 'build_base': '/home/alexnew/bumperbot_ws/build/bumperbot_controller', 'catkin_cmake_args': None, 'catkin_skip_building_tests': False, 'cmake_args': None, 'cmake_clean_cache': False, 'cmake_clean_first': False, 'cmake_force_configure': False, 'cmake_target': None, 'cmake_target_skip_unavailable': False, 'install_base': '/home/alexnew/bumperbot_ws/install/bumperbot_controller', 'merge_install': False, 'path': '/home/alexnew/bumperbot_ws/src/bumperbot_controller', 'symlink_install': False, 'test_result_base': None}
[0.328s] Level 5:colcon.colcon_core.verb:set package 'bumperbot_description' build argument 'cmake_args' from command line to 'None'
[0.328s] Level 5:colcon.colcon_core.verb:set package 'bumperbot_description' build argument 'cmake_target' from command line to 'None'
[0.328s] Level 5:colcon.colcon_core.verb:set package 'bumperbot_description' build argument 'cmake_target_skip_unavailable' from command line to 'False'
[0.328s] Level 5:colcon.colcon_core.verb:set package 'bumperbot_description' build argument 'cmake_clean_cache' from command line to 'False'
[0.328s] Level 5:colcon.colcon_core.verb:set package 'bumperbot_description' build argument 'cmake_clean_first' from command line to 'False'
[0.328s] Level 5:colcon.colcon_core.verb:set package 'bumperbot_description' build argument 'cmake_force_configure' from command line to 'False'
[0.328s] Level 5:colcon.colcon_core.verb:set package 'bumperbot_description' build argument 'ament_cmake_args' from command line to 'None'
[0.328s] Level 5:colcon.colcon_core.verb:set package 'bumperbot_description' build argument 'catkin_cmake_args' from command line to 'None'
[0.328s] Level 5:colcon.colcon_core.verb:set package 'bumperbot_description' build argument 'catkin_skip_building_tests' from command line to 'False'
[0.328s] DEBUG:colcon.colcon_core.verb:Building package 'bumperbot_description' with the following arguments: {'ament_cmake_args': None, 'build_base': '/home/alexnew/bumperbot_ws/build/bumperbot_description', 'catkin_cmake_args': None, 'catkin_skip_building_tests': False, 'cmake_args': None, 'cmake_clean_cache': False, 'cmake_clean_first': False, 'cmake_force_configure': False, 'cmake_target': None, 'cmake_target_skip_unavailable': False, 'install_base': '/home/alexnew/bumperbot_ws/install/bumperbot_description', 'merge_install': False, 'path': '/home/alexnew/bumperbot_ws/src/bumperbot_description', 'symlink_install': False, 'test_result_base': None}
[0.329s] Level 5:colcon.colcon_core.verb:set package 'bumperbot_localization' build argument 'cmake_args' from command line to 'None'
[0.329s] Level 5:colcon.colcon_core.verb:set package 'bumperbot_localization' build argument 'cmake_target' from command line to 'None'
[0.329s] Level 5:colcon.colcon_core.verb:set package 'bumperbot_localization' build argument 'cmake_target_skip_unavailable' from command line to 'False'
[0.329s] Level 5:colcon.colcon_core.verb:set package 'bumperbot_localization' build argument 'cmake_clean_cache' from command line to 'False'
[0.329s] Level 5:colcon.colcon_core.verb:set package 'bumperbot_localization' build argument 'cmake_clean_first' from command line to 'False'
[0.329s] Level 5:colcon.colcon_core.verb:set package 'bumperbot_localization' build argument 'cmake_force_configure' from command line to 'False'
[0.329s] Level 5:colcon.colcon_core.verb:set package 'bumperbot_localization' build argument 'ament_cmake_args' from command line to 'None'
[0.329s] Level 5:colcon.colcon_core.verb:set package 'bumperbot_localization' build argument 'catkin_cmake_args' from command line to 'None'
[0.329s] Level 5:colcon.colcon_core.verb:set package 'bumperbot_localization' build argument 'catkin_skip_building_tests' from command line to 'False'
[0.329s] DEBUG:colcon.colcon_core.verb:Building package 'bumperbot_localization' with the following arguments: {'ament_cmake_args': None, 'build_base': '/home/alexnew/bumperbot_ws/build/bumperbot_localization', 'catkin_cmake_args': None, 'catkin_skip_building_tests': False, 'cmake_args': None, 'cmake_clean_cache': False, 'cmake_clean_first': False, 'cmake_force_configure': False, 'cmake_target': None, 'cmake_target_skip_unavailable': False, 'install_base': '/home/alexnew/bumperbot_ws/install/bumperbot_localization', 'merge_install': False, 'path': '/home/alexnew/bumperbot_ws/src/bumperbot_localization', 'symlink_install': False, 'test_result_base': None}
[0.329s] INFO:colcon.colcon_core.executor:Executing jobs using 'parallel' executor
[0.330s] DEBUG:colcon.colcon_parallel_executor.executor.parallel:run_until_complete
[0.331s] INFO:colcon.colcon_ros.task.ament_cmake.build:Building ROS package in '/home/alexnew/bumperbot_ws/src/bumperbot_controller' with build type 'ament_cmake'
[0.331s] INFO:colcon.colcon_cmake.task.cmake.build:Building CMake package in '/home/alexnew/bumperbot_ws/src/bumperbot_controller'
[0.334s] INFO:colcon.colcon_core.plugin_system:Skipping extension 'colcon_core.shell.bat': Not used on non-Windows systems
[0.334s] INFO:colcon.colcon_core.shell:Skip shell extension 'powershell' for command environment: Not usable outside of PowerShell
[0.334s] DEBUG:colcon.colcon_core.shell:Skip shell extension 'dsv' for command environment
[0.340s] INFO:colcon.colcon_ros.task.ament_cmake.build:Building ROS package in '/home/alexnew/bumperbot_ws/src/bumperbot_description' with build type 'ament_cmake'
[0.341s] INFO:colcon.colcon_cmake.task.cmake.build:Building CMake package in '/home/alexnew/bumperbot_ws/src/bumperbot_description'
[0.341s] INFO:colcon.colcon_core.shell:Skip shell extension 'powershell' for command environment: Not usable outside of PowerShell
[0.341s] DEBUG:colcon.colcon_core.shell:Skip shell extension 'dsv' for command environment
[0.349s] INFO:colcon.colcon_ros.task.ament_cmake.build:Building ROS package in '/home/alexnew/bumperbot_ws/src/bumperbot_localization' with build type 'ament_cmake'
[0.350s] INFO:colcon.colcon_cmake.task.cmake.build:Building CMake package in '/home/alexnew/bumperbot_ws/src/bumperbot_localization'
[0.350s] INFO:colcon.colcon_core.shell:Skip shell extension 'powershell' for command environment: Not usable outside of PowerShell
[0.350s] DEBUG:colcon.colcon_core.shell:Skip shell extension 'dsv' for command environment
[0.375s] DEBUG:colcon.colcon_core.event_handler.log_command:Invoking command in '/home/alexnew/bumperbot_ws/build/bumperbot_controller': CMAKE_PREFIX_PATH=${CMAKE_PREFIX_PATH}:/home/alexnew/bumperbot_ws/install/bumperbot_py_examples:/opt/ros/humble /usr/bin/cmake --build /home/alexnew/bumperbot_ws/build/bumperbot_controller -- -j4 -l4
[0.375s] DEBUG:colcon.colcon_core.event_handler.log_command:Invoking command in '/home/alexnew/bumperbot_ws/build/bumperbot_description': CMAKE_PREFIX_PATH=${CMAKE_PREFIX_PATH}:/home/alexnew/bumperbot_ws/install/bumperbot_py_examples:/opt/ros/humble /usr/bin/cmake --build /home/alexnew/bumperbot_ws/build/bumperbot_description -- -j4 -l4
[0.410s] DEBUG:colcon.colcon_core.event_handler.log_command:Invoking command in '/home/alexnew/bumperbot_ws/build/bumperbot_localization': CMAKE_PREFIX_PATH=${CMAKE_PREFIX_PATH}:/home/alexnew/bumperbot_ws/install/bumperbot_py_examples:/opt/ros/humble /usr/bin/cmake --build /home/alexnew/bumperbot_ws/build/bumperbot_localization -- -j4 -l4
[0.438s] DEBUG:colcon.colcon_core.event_handler.log_command:Invoked command in '/home/alexnew/bumperbot_ws/build/bumperbot_description' returned '0': CMAKE_PREFIX_PATH=${CMAKE_PREFIX_PATH}:/home/alexnew/bumperbot_ws/install/bumperbot_py_examples:/opt/ros/humble /usr/bin/cmake --build /home/alexnew/bumperbot_ws/build/bumperbot_description -- -j4 -l4
[0.455s] DEBUG:colcon.colcon_core.event_handler.log_command:Invoking command in '/home/alexnew/bumperbot_ws/build/bumperbot_description': CMAKE_PREFIX_PATH=${CMAKE_PREFIX_PATH}:/home/alexnew/bumperbot_ws/install/bumperbot_py_examples:/opt/ros/humble /usr/bin/cmake --install /home/alexnew/bumperbot_ws/build/bumperbot_description
[0.497s] Level 1:colcon.colcon_core.environment:create_environment_scripts_only(bumperbot_description)
[0.499s] Level 1:colcon.colcon_core.environment:checking '/home/alexnew/bumperbot_ws/install/bumperbot_description' for CMake module files
[0.500s] DEBUG:colcon.colcon_core.event_handler.log_command:Invoked command in '/home/alexnew/bumperbot_ws/build/bumperbot_description' returned '0': CMAKE_PREFIX_PATH=${CMAKE_PREFIX_PATH}:/home/alexnew/bumperbot_ws/install/bumperbot_py_examples:/opt/ros/humble /usr/bin/cmake --install /home/alexnew/bumperbot_ws/build/bumperbot_description
[0.503s] Level 1:colcon.colcon_core.environment:checking '/home/alexnew/bumperbot_ws/install/bumperbot_description' for CMake config files
[0.503s] Level 1:colcon.colcon_core.shell:create_environment_hook('bumperbot_description', 'cmake_prefix_path')
[0.503s] INFO:colcon.colcon_core.shell:Creating environment hook '/home/alexnew/bumperbot_ws/install/bumperbot_description/share/bumperbot_description/hook/cmake_prefix_path.ps1'
[0.504s] INFO:colcon.colcon_core.shell:Creating environment descriptor '/home/alexnew/bumperbot_ws/install/bumperbot_description/share/bumperbot_description/hook/cmake_prefix_path.dsv'
[0.506s] INFO:colcon.colcon_core.shell:Creating environment hook '/home/alexnew/bumperbot_ws/install/bumperbot_description/share/bumperbot_description/hook/cmake_prefix_path.sh'
[0.508s] Level 1:colcon.colcon_core.environment:checking '/home/alexnew/bumperbot_ws/install/bumperbot_description/bin'
[0.508s] Level 1:colcon.colcon_core.environment:checking '/home/alexnew/bumperbot_ws/install/bumperbot_description/lib/pkgconfig/bumperbot_description.pc'
[0.508s] Level 1:colcon.colcon_core.environment:checking '/home/alexnew/bumperbot_ws/install/bumperbot_description/lib/python3.10/site-packages'
[0.509s] Level 1:colcon.colcon_core.environment:checking '/home/alexnew/bumperbot_ws/install/bumperbot_description/bin'
[0.509s] INFO:colcon.colcon_core.shell:Creating package script '/home/alexnew/bumperbot_ws/install/bumperbot_description/share/bumperbot_description/package.ps1'
[0.511s] INFO:colcon.colcon_core.shell:Creating package descriptor '/home/alexnew/bumperbot_ws/install/bumperbot_description/share/bumperbot_description/package.dsv'
[0.511s] INFO:colcon.colcon_core.shell:Creating package script '/home/alexnew/bumperbot_ws/install/bumperbot_description/share/bumperbot_description/package.sh'
[0.513s] INFO:colcon.colcon_core.shell:Creating package script '/home/alexnew/bumperbot_ws/install/bumperbot_description/share/bumperbot_description/package.bash'
[0.514s] INFO:colcon.colcon_core.shell:Creating package script '/home/alexnew/bumperbot_ws/install/bumperbot_description/share/bumperbot_description/package.zsh'
[0.515s] Level 1:colcon.colcon_core.environment:create_file_with_runtime_dependencies(/home/alexnew/bumperbot_ws/install/bumperbot_description/share/colcon-core/packages/bumperbot_description)
[0.516s] Level 1:colcon.colcon_core.environment:create_environment_scripts_only(bumperbot_description)
[0.517s] Level 1:colcon.colcon_core.environment:checking '/home/alexnew/bumperbot_ws/install/bumperbot_description' for CMake module files
[0.517s] Level 1:colcon.colcon_core.environment:checking '/home/alexnew/bumperbot_ws/install/bumperbot_description' for CMake config files
[0.518s] Level 1:colcon.colcon_core.shell:create_environment_hook('bumperbot_description', 'cmake_prefix_path')
[0.518s] INFO:colcon.colcon_core.shell:Creating environment hook '/home/alexnew/bumperbot_ws/install/bumperbot_description/share/bumperbot_description/hook/cmake_prefix_path.ps1'
[0.519s] INFO:colcon.colcon_core.shell:Creating environment descriptor '/home/alexnew/bumperbot_ws/install/bumperbot_description/share/bumperbot_description/hook/cmake_prefix_path.dsv'
[0.520s] INFO:colcon.colcon_core.shell:Creating environment hook '/home/alexnew/bumperbot_ws/install/bumperbot_description/share/bumperbot_description/hook/cmake_prefix_path.sh'
[0.520s] Level 1:colcon.colcon_core.environment:checking '/home/alexnew/bumperbot_ws/install/bumperbot_description/bin'
[0.520s] Level 1:colcon.colcon_core.environment:checking '/home/alexnew/bumperbot_ws/install/bumperbot_description/lib/pkgconfig/bumperbot_description.pc'
[0.521s] Level 1:colcon.colcon_core.environment:checking '/home/alexnew/bumperbot_ws/install/bumperbot_description/lib/python3.10/site-packages'
[0.521s] Level 1:colcon.colcon_core.environment:checking '/home/alexnew/bumperbot_ws/install/bumperbot_description/bin'
[0.521s] INFO:colcon.colcon_core.shell:Creating package script '/home/alexnew/bumperbot_ws/install/bumperbot_description/share/bumperbot_description/package.ps1'
[0.522s] INFO:colcon.colcon_core.shell:Creating package descriptor '/home/alexnew/bumperbot_ws/install/bumperbot_description/share/bumperbot_description/package.dsv'
[0.523s] INFO:colcon.colcon_core.shell:Creating package script '/home/alexnew/bumperbot_ws/install/bumperbot_description/share/bumperbot_description/package.sh'
[0.523s] INFO:colcon.colcon_core.shell:Creating package script '/home/alexnew/bumperbot_ws/install/bumperbot_description/share/bumperbot_description/package.bash'
[0.524s] INFO:colcon.colcon_core.shell:Creating package script '/home/alexnew/bumperbot_ws/install/bumperbot_description/share/bumperbot_description/package.zsh'
[0.525s] Level 1:colcon.colcon_core.environment:create_file_with_runtime_dependencies(/home/alexnew/bumperbot_ws/install/bumperbot_description/share/colcon-core/packages/bumperbot_description)
[0.846s] DEBUG:colcon.colcon_core.event_handler.log_command:Invoked command in '/home/alexnew/bumperbot_ws/build/bumperbot_controller' returned '0': CMAKE_PREFIX_PATH=${CMAKE_PREFIX_PATH}:/home/alexnew/bumperbot_ws/install/bumperbot_py_examples:/opt/ros/humble /usr/bin/cmake --build /home/alexnew/bumperbot_ws/build/bumperbot_controller -- -j4 -l4
[0.847s] DEBUG:colcon.colcon_core.event_handler.log_command:Invoking command in '/home/alexnew/bumperbot_ws/build/bumperbot_controller': CMAKE_PREFIX_PATH=${CMAKE_PREFIX_PATH}:/home/alexnew/bumperbot_ws/install/bumperbot_py_examples:/opt/ros/humble /usr/bin/cmake --install /home/alexnew/bumperbot_ws/build/bumperbot_controller
[0.852s] DEBUG:colcon.colcon_core.event_handler.log_command:Invoked command in '/home/alexnew/bumperbot_ws/build/bumperbot_localization' returned '0': CMAKE_PREFIX_PATH=${CMAKE_PREFIX_PATH}:/home/alexnew/bumperbot_ws/install/bumperbot_py_examples:/opt/ros/humble /usr/bin/cmake --build /home/alexnew/bumperbot_ws/build/bumperbot_localization -- -j4 -l4
[0.853s] DEBUG:colcon.colcon_core.event_handler.log_command:Invoking command in '/home/alexnew/bumperbot_ws/build/bumperbot_localization': CMAKE_PREFIX_PATH=${CMAKE_PREFIX_PATH}:/home/alexnew/bumperbot_ws/install/bumperbot_py_examples:/opt/ros/humble /usr/bin/cmake --install /home/alexnew/bumperbot_ws/build/bumperbot_localization
[0.926s] Level 1:colcon.colcon_core.environment:create_environment_scripts_only(bumperbot_controller)
[0.929s] DEBUG:colcon.colcon_core.event_handler.log_command:Invoked command in '/home/alexnew/bumperbot_ws/build/bumperbot_controller' returned '0': CMAKE_PREFIX_PATH=${CMAKE_PREFIX_PATH}:/home/alexnew/bumperbot_ws/install/bumperbot_py_examples:/opt/ros/humble /usr/bin/cmake --install /home/alexnew/bumperbot_ws/build/bumperbot_controller
[0.929s] Level 1:colcon.colcon_core.environment:checking '/home/alexnew/bumperbot_ws/install/bumperbot_controller' for CMake module files
[0.932s] Level 1:colcon.colcon_core.environment:checking '/home/alexnew/bumperbot_ws/install/bumperbot_controller' for CMake config files
[0.933s] Level 1:colcon.colcon_core.shell:create_environment_hook('bumperbot_controller', 'cmake_prefix_path')
[0.933s] INFO:colcon.colcon_core.shell:Creating environment hook '/home/alexnew/bumperbot_ws/install/bumperbot_controller/share/bumperbot_controller/hook/cmake_prefix_path.ps1'
[0.934s] INFO:colcon.colcon_core.shell:Creating environment descriptor '/home/alexnew/bumperbot_ws/install/bumperbot_controller/share/bumperbot_controller/hook/cmake_prefix_path.dsv'
[0.935s] INFO:colcon.colcon_core.shell:Creating environment hook '/home/alexnew/bumperbot_ws/install/bumperbot_controller/share/bumperbot_controller/hook/cmake_prefix_path.sh'
[0.937s] Level 1:colcon.colcon_core.environment:checking '/home/alexnew/bumperbot_ws/install/bumperbot_controller/lib'
[0.937s] Level 1:colcon.colcon_core.environment:checking '/home/alexnew/bumperbot_ws/install/bumperbot_controller/bin'
[0.938s] Level 1:colcon.colcon_core.environment:checking '/home/alexnew/bumperbot_ws/install/bumperbot_controller/lib/pkgconfig/bumperbot_controller.pc'
[0.938s] Level 1:colcon.colcon_core.environment:checking '/home/alexnew/bumperbot_ws/install/bumperbot_controller/lib/python3.10/site-packages'
[0.938s] Level 1:colcon.colcon_core.environment:checking '/home/alexnew/bumperbot_ws/install/bumperbot_controller/bin'
[0.939s] INFO:colcon.colcon_core.shell:Creating package script '/home/alexnew/bumperbot_ws/install/bumperbot_controller/share/bumperbot_controller/package.ps1'
[0.940s] INFO:colcon.colcon_core.shell:Creating package descriptor '/home/alexnew/bumperbot_ws/install/bumperbot_controller/share/bumperbot_controller/package.dsv'
[0.942s] INFO:colcon.colcon_core.shell:Creating package script '/home/alexnew/bumperbot_ws/install/bumperbot_controller/share/bumperbot_controller/package.sh'
[0.943s] INFO:colcon.colcon_core.shell:Creating package script '/home/alexnew/bumperbot_ws/install/bumperbot_controller/share/bumperbot_controller/package.bash'
[0.945s] INFO:colcon.colcon_core.shell:Creating package script '/home/alexnew/bumperbot_ws/install/bumperbot_controller/share/bumperbot_controller/package.zsh'
[0.947s] Level 1:colcon.colcon_core.environment:create_file_with_runtime_dependencies(/home/alexnew/bumperbot_ws/install/bumperbot_controller/share/colcon-core/packages/bumperbot_controller)
[0.948s] Level 1:colcon.colcon_core.environment:create_environment_scripts_only(bumperbot_controller)
[0.949s] Level 1:colcon.colcon_core.environment:checking '/home/alexnew/bumperbot_ws/install/bumperbot_controller' for CMake module files
[0.949s] Level 1:colcon.colcon_core.environment:checking '/home/alexnew/bumperbot_ws/install/bumperbot_controller' for CMake config files
[0.950s] Level 1:colcon.colcon_core.shell:create_environment_hook('bumperbot_controller', 'cmake_prefix_path')
[0.950s] INFO:colcon.colcon_core.shell:Creating environment hook '/home/alexnew/bumperbot_ws/install/bumperbot_controller/share/bumperbot_controller/hook/cmake_prefix_path.ps1'
[0.952s] INFO:colcon.colcon_core.shell:Creating environment descriptor '/home/alexnew/bumperbot_ws/install/bumperbot_controller/share/bumperbot_controller/hook/cmake_prefix_path.dsv'
[0.953s] INFO:colcon.colcon_core.shell:Creating environment hook '/home/alexnew/bumperbot_ws/install/bumperbot_controller/share/bumperbot_controller/hook/cmake_prefix_path.sh'
[0.954s] Level 1:colcon.colcon_core.environment:checking '/home/alexnew/bumperbot_ws/install/bumperbot_controller/lib'
[0.954s] Level 1:colcon.colcon_core.environment:checking '/home/alexnew/bumperbot_ws/install/bumperbot_controller/bin'
[0.954s] Level 1:colcon.colcon_core.environment:checking '/home/alexnew/bumperbot_ws/install/bumperbot_controller/lib/pkgconfig/bumperbot_controller.pc'
[0.954s] Level 1:colcon.colcon_core.environment:checking '/home/alexnew/bumperbot_ws/install/bumperbot_controller/lib/python3.10/site-packages'
[0.955s] Level 1:colcon.colcon_core.environment:checking '/home/alexnew/bumperbot_ws/install/bumperbot_controller/bin'
[0.955s] INFO:colcon.colcon_core.shell:Creating package script '/home/alexnew/bumperbot_ws/install/bumperbot_controller/share/bumperbot_controller/package.ps1'
[0.956s] INFO:colcon.colcon_core.shell:Creating package descriptor '/home/alexnew/bumperbot_ws/install/bumperbot_controller/share/bumperbot_controller/package.dsv'
[0.957s] INFO:colcon.colcon_core.shell:Creating package script '/home/alexnew/bumperbot_ws/install/bumperbot_controller/share/bumperbot_controller/package.sh'
[0.958s] INFO:colcon.colcon_core.shell:Creating package script '/home/alexnew/bumperbot_ws/install/bumperbot_controller/share/bumperbot_controller/package.bash'
[0.959s] INFO:colcon.colcon_core.shell:Creating package script '/home/alexnew/bumperbot_ws/install/bumperbot_controller/share/bumperbot_controller/package.zsh'
[0.960s] Level 1:colcon.colcon_core.environment:create_file_with_runtime_dependencies(/home/alexnew/bumperbot_ws/install/bumperbot_controller/share/colcon-core/packages/bumperbot_controller)
[0.964s] Level 1:colcon.colcon_core.environment:create_environment_scripts_only(bumperbot_localization)
[0.965s] Level 1:colcon.colcon_core.environment:checking '/home/alexnew/bumperbot_ws/install/bumperbot_localization' for CMake module files
[0.966s] DEBUG:colcon.colcon_core.event_handler.log_command:Invoked command in '/home/alexnew/bumperbot_ws/build/bumperbot_localization' returned '0': CMAKE_PREFIX_PATH=${CMAKE_PREFIX_PATH}:/home/alexnew/bumperbot_ws/install/bumperbot_py_examples:/opt/ros/humble /usr/bin/cmake --install /home/alexnew/bumperbot_ws/build/bumperbot_localization
[0.967s] Level 1:colcon.colcon_core.environment:checking '/home/alexnew/bumperbot_ws/install/bumperbot_localization' for CMake config files
[0.968s] Level 1:colcon.colcon_core.shell:create_environment_hook('bumperbot_localization', 'cmake_prefix_path')
[0.968s] INFO:colcon.colcon_core.shell:Creating environment hook '/home/alexnew/bumperbot_ws/install/bumperbot_localization/share/bumperbot_localization/hook/cmake_prefix_path.ps1'
[0.969s] INFO:colcon.colcon_core.shell:Creating environment descriptor '/home/alexnew/bumperbot_ws/install/bumperbot_localization/share/bumperbot_localization/hook/cmake_prefix_path.dsv'
[0.970s] INFO:colcon.colcon_core.shell:Creating environment hook '/home/alexnew/bumperbot_ws/install/bumperbot_localization/share/bumperbot_localization/hook/cmake_prefix_path.sh'
[0.971s] Level 1:colcon.colcon_core.environment:checking '/home/alexnew/bumperbot_ws/install/bumperbot_localization/lib'
[0.971s] Level 1:colcon.colcon_core.environment:checking '/home/alexnew/bumperbot_ws/install/bumperbot_localization/bin'
[0.972s] Level 1:colcon.colcon_core.environment:checking '/home/alexnew/bumperbot_ws/install/bumperbot_localization/lib/pkgconfig/bumperbot_localization.pc'
[0.972s] Level 1:colcon.colcon_core.environment:checking '/home/alexnew/bumperbot_ws/install/bumperbot_localization/lib/python3.10/site-packages'
[0.972s] Level 1:colcon.colcon_core.environment:checking '/home/alexnew/bumperbot_ws/install/bumperbot_localization/bin'
[0.973s] INFO:colcon.colcon_core.shell:Creating package script '/home/alexnew/bumperbot_ws/install/bumperbot_localization/share/bumperbot_localization/package.ps1'
[0.974s] INFO:colcon.colcon_core.shell:Creating package descriptor '/home/alexnew/bumperbot_ws/install/bumperbot_localization/share/bumperbot_localization/package.dsv'
[0.974s] INFO:colcon.colcon_core.shell:Creating package script '/home/alexnew/bumperbot_ws/install/bumperbot_localization/share/bumperbot_localization/package.sh'
[0.976s] INFO:colcon.colcon_core.shell:Creating package script '/home/alexnew/bumperbot_ws/install/bumperbot_localization/share/bumperbot_localization/package.bash'
[0.977s] INFO:colcon.colcon_core.shell:Creating package script '/home/alexnew/bumperbot_ws/install/bumperbot_localization/share/bumperbot_localization/package.zsh'
[0.977s] Level 1:colcon.colcon_core.environment:create_file_with_runtime_dependencies(/home/alexnew/bumperbot_ws/install/bumperbot_localization/share/colcon-core/packages/bumperbot_localization)
[0.979s] Level 1:colcon.colcon_core.environment:create_environment_scripts_only(bumperbot_localization)
[0.979s] Level 1:colcon.colcon_core.environment:checking '/home/alexnew/bumperbot_ws/install/bumperbot_localization' for CMake module files
[0.980s] Level 1:colcon.colcon_core.environment:checking '/home/alexnew/bumperbot_ws/install/bumperbot_localization' for CMake config files
[0.980s] Level 1:colcon.colcon_core.shell:create_environment_hook('bumperbot_localization', 'cmake_prefix_path')
[0.981s] INFO:colcon.colcon_core.shell:Creating environment hook '/home/alexnew/bumperbot_ws/install/bumperbot_localization/share/bumperbot_localization/hook/cmake_prefix_path.ps1'
[0.982s] INFO:colcon.colcon_core.shell:Creating environment descriptor '/home/alexnew/bumperbot_ws/install/bumperbot_localization/share/bumperbot_localization/hook/cmake_prefix_path.dsv'
[0.983s] INFO:colcon.colcon_core.shell:Creating environment hook '/home/alexnew/bumperbot_ws/install/bumperbot_localization/share/bumperbot_localization/hook/cmake_prefix_path.sh'
[0.985s] Level 1:colcon.colcon_core.environment:checking '/home/alexnew/bumperbot_ws/install/bumperbot_localization/lib'
[0.985s] Level 1:colcon.colcon_core.environment:checking '/home/alexnew/bumperbot_ws/install/bumperbot_localization/bin'
[0.985s] Level 1:colcon.colcon_core.environment:checking '/home/alexnew/bumperbot_ws/install/bumperbot_localization/lib/pkgconfig/bumperbot_localization.pc'
[0.985s] Level 1:colcon.colcon_core.environment:checking '/home/alexnew/bumperbot_ws/install/bumperbot_localization/lib/python3.10/site-packages'
[0.986s] Level 1:colcon.colcon_core.environment:checking '/home/alexnew/bumperbot_ws/install/bumperbot_localization/bin'
[0.987s] INFO:colcon.colcon_core.shell:Creating package script '/home/alexnew/bumperbot_ws/install/bumperbot_localization/share/bumperbot_localization/package.ps1'
[0.988s] INFO:colcon.colcon_core.shell:Creating package descriptor '/home/alexnew/bumperbot_ws/install/bumperbot_localization/share/bumperbot_localization/package.dsv'
[0.989s] INFO:colcon.colcon_core.shell:Creating package script '/home/alexnew/bumperbot_ws/install/bumperbot_localization/share/bumperbot_localization/package.sh'
[0.990s] INFO:colcon.colcon_core.shell:Creating package script '/home/alexnew/bumperbot_ws/install/bumperbot_localization/share/bumperbot_localization/package.bash'
[0.991s] INFO:colcon.colcon_core.shell:Creating package script '/home/alexnew/bumperbot_ws/install/bumperbot_localization/share/bumperbot_localization/package.zsh'
[0.992s] Level 1:colcon.colcon_core.environment:create_file_with_runtime_dependencies(/home/alexnew/bumperbot_ws/install/bumperbot_localization/share/colcon-core/packages/bumperbot_localization)
[0.993s] DEBUG:colcon.colcon_parallel_executor.executor.parallel:closing loop
[0.994s] DEBUG:colcon.colcon_parallel_executor.executor.parallel:loop closed
[0.994s] DEBUG:colcon.colcon_parallel_executor.executor.parallel:run_until_complete finished with '0'
[0.994s] DEBUG:colcon.colcon_core.event_reactor:joining thread
[1.004s] DEBUG:colcon.colcon_core.event_reactor:joined thread
[1.006s] INFO:colcon.colcon_core.shell:Creating prefix script '/home/alexnew/bumperbot_ws/install/local_setup.ps1'
[1.009s] INFO:colcon.colcon_core.shell:Creating prefix util module '/home/alexnew/bumperbot_ws/install/_local_setup_util_ps1.py'
[1.013s] INFO:colcon.colcon_core.shell:Creating prefix chain script '/home/alexnew/bumperbot_ws/install/setup.ps1'
[1.018s] INFO:colcon.colcon_core.shell:Creating prefix script '/home/alexnew/bumperbot_ws/install/local_setup.sh'
[1.020s] INFO:colcon.colcon_core.shell:Creating prefix util module '/home/alexnew/bumperbot_ws/install/_local_setup_util_sh.py'
[1.022s] INFO:colcon.colcon_core.shell:Creating prefix chain script '/home/alexnew/bumperbot_ws/install/setup.sh'
[1.026s] INFO:colcon.colcon_core.shell:Creating prefix script '/home/alexnew/bumperbot_ws/install/local_setup.bash'
[1.029s] INFO:colcon.colcon_core.shell:Creating prefix chain script '/home/alexnew/bumperbot_ws/install/setup.bash'
[1.033s] INFO:colcon.colcon_core.shell:Creating prefix script '/home/alexnew/bumperbot_ws/install/local_setup.zsh'
[1.036s] INFO:colcon.colcon_core.shell:Creating prefix chain script '/home/alexnew/bumperbot_ws/install/setup.zsh'
