[0.046s] Invoking command in '/home/alexnew/bumperbot_ws/build/bumperbot_msgs': CMAKE_PREFIX_PATH=${CMAKE_PREFIX_PATH}:/home/alexnew/bumperbot_ws/install/bumperbot_py_examples:/opt/ros/humble /usr/bin/cmake --build /home/alexnew/bumperbot_ws/build/bumperbot_msgs -- -j4 -l4
[0.210s] [ 10%] Built target bumperbot_msgs__rosidl_generator_c
[0.223s] [ 12%] Built target bumperbot_msgs__rs
[0.245s] [ 15%] Built target bumperbot_msgs__cpp
[0.246s] [ 15%] Built target ament_cmake_python_symlink_bumperbot_msgs
[0.332s] [ 25%] Built target bumperbot_msgs__rosidl_typesupport_c
[0.360s] [ 37%] Built target bumperbot_msgs__rosidl_typesupport_fastrtps_c
[0.360s] [ 45%] Built target bumperbot_msgs__rosidl_typesupport_introspection_c
[0.404s] [ 55%] Built target bumperbot_msgs__rosidl_typesupport_introspection_cpp
[0.416s] [ 65%] Built target bumperbot_msgs__rosidl_typesupport_cpp
[0.421s] [ 75%] Built target bumperbot_msgs__rosidl_typesupport_fastrtps_cpp
[0.462s] [ 75%] Built target bumperbot_msgs
[0.544s] [ 77%] Built target bumperbot_msgs__py
[0.573s] [ 85%] Built target bumperbot_msgs__rosidl_generator_py
[0.626s] [ 90%] Built target bumperbot_msgs__rosidl_typesupport_introspection_c__pyext
[0.626s] [ 95%] Built target bumperbot_msgs__rosidl_typesupport_c__pyext
[0.656s] [100%] Built target bumperbot_msgs__rosidl_typesupport_fastrtps_c__pyext
[0.759s] running egg_info
[0.759s] writing bumperbot_msgs.egg-info/PKG-INFO
[0.760s] writing dependency_links to bumperbot_msgs.egg-info/dependency_links.txt
[0.760s] writing top-level names to bumperbot_msgs.egg-info/top_level.txt
[0.766s] reading manifest file 'bumperbot_msgs.egg-info/SOURCES.txt'
[0.767s] writing manifest file 'bumperbot_msgs.egg-info/SOURCES.txt'
[0.818s] [100%] Built target ament_cmake_python_build_bumperbot_msgs_egg
[0.844s] Invoked command in '/home/alexnew/bumperbot_ws/build/bumperbot_msgs' returned '0': CMAKE_PREFIX_PATH=${CMAKE_PREFIX_PATH}:/home/alexnew/bumperbot_ws/install/bumperbot_py_examples:/opt/ros/humble /usr/bin/cmake --build /home/alexnew/bumperbot_ws/build/bumperbot_msgs -- -j4 -l4
[0.845s] Invoking command in '/home/alexnew/bumperbot_ws/build/bumperbot_msgs': CMAKE_PREFIX_PATH=${CMAKE_PREFIX_PATH}:/home/alexnew/bumperbot_ws/install/bumperbot_py_examples:/opt/ros/humble /usr/bin/cmake --install /home/alexnew/bumperbot_ws/build/bumperbot_msgs
[0.854s] -- Install configuration: ""
[0.854s] -- Execute custom install script
[0.855s] -- Up-to-date symlink: /home/alexnew/bumperbot_ws/install/bumperbot_msgs/share/ament_index/resource_index/rosidl_interfaces/bumperbot_msgs
[0.856s] -- Up-to-date symlink: /home/alexnew/bumperbot_ws/install/bumperbot_msgs/include/bumperbot_msgs/bumperbot_msgs/msg/rosidl_generator_c__visibility_control.h
[0.857s] -- Up-to-date symlink: /home/alexnew/bumperbot_ws/install/bumperbot_msgs/include/bumperbot_msgs/bumperbot_msgs/srv/add_two_ints.h
[0.857s] -- Up-to-date symlink: /home/alexnew/bumperbot_ws/install/bumperbot_msgs/include/bumperbot_msgs/bumperbot_msgs/srv/detail/add_two_ints__functions.h
[0.859s] -- Up-to-date symlink: /home/alexnew/bumperbot_ws/install/bumperbot_msgs/include/bumperbot_msgs/bumperbot_msgs/srv/detail/add_two_ints__struct.h
[0.859s] -- Up-to-date symlink: /home/alexnew/bumperbot_ws/install/bumperbot_msgs/include/bumperbot_msgs/bumperbot_msgs/srv/detail/add_two_ints__type_support.h
[0.859s] -- Up-to-date symlink: /home/alexnew/bumperbot_ws/install/bumperbot_msgs/include/bumperbot_msgs/bumperbot_msgs/srv/detail/get_transform__functions.h
[0.859s] -- Up-to-date symlink: /home/alexnew/bumperbot_ws/install/bumperbot_msgs/include/bumperbot_msgs/bumperbot_msgs/srv/detail/get_transform__struct.h
[0.860s] -- Up-to-date symlink: /home/alexnew/bumperbot_ws/install/bumperbot_msgs/include/bumperbot_msgs/bumperbot_msgs/srv/detail/get_transform__type_support.h
[0.860s] -- Up-to-date symlink: /home/alexnew/bumperbot_ws/install/bumperbot_msgs/include/bumperbot_msgs/bumperbot_msgs/srv/get_transform.h
[0.860s] -- Up-to-date symlink: /home/alexnew/bumperbot_ws/install/bumperbot_msgs/share/bumperbot_msgs/environment/library_path.sh
[0.860s] -- Up-to-date symlink: /home/alexnew/bumperbot_ws/install/bumperbot_msgs/share/bumperbot_msgs/environment/library_path.dsv
[0.860s] -- Up-to-date symlink: /home/alexnew/bumperbot_ws/install/bumperbot_msgs/include/bumperbot_msgs/bumperbot_msgs/msg/rosidl_typesupport_fastrtps_c__visibility_control.h
[0.860s] -- Up-to-date symlink: /home/alexnew/bumperbot_ws/install/bumperbot_msgs/include/bumperbot_msgs/bumperbot_msgs/srv/detail/add_two_ints__rosidl_typesupport_fastrtps_c.h
[0.860s] -- Up-to-date symlink: /home/alexnew/bumperbot_ws/install/bumperbot_msgs/include/bumperbot_msgs/bumperbot_msgs/srv/detail/get_transform__rosidl_typesupport_fastrtps_c.h
[0.860s] -- Up-to-date symlink: /home/alexnew/bumperbot_ws/install/bumperbot_msgs/include/bumperbot_msgs/bumperbot_msgs/msg/rosidl_generator_cpp__visibility_control.hpp
[0.861s] -- Up-to-date symlink: /home/alexnew/bumperbot_ws/install/bumperbot_msgs/include/bumperbot_msgs/bumperbot_msgs/srv/add_two_ints.hpp
[0.861s] -- Up-to-date symlink: /home/alexnew/bumperbot_ws/install/bumperbot_msgs/include/bumperbot_msgs/bumperbot_msgs/srv/detail/add_two_ints__builder.hpp
[0.861s] -- Up-to-date symlink: /home/alexnew/bumperbot_ws/install/bumperbot_msgs/include/bumperbot_msgs/bumperbot_msgs/srv/detail/add_two_ints__struct.hpp
[0.861s] -- Up-to-date symlink: /home/alexnew/bumperbot_ws/install/bumperbot_msgs/include/bumperbot_msgs/bumperbot_msgs/srv/detail/add_two_ints__traits.hpp
[0.861s] -- Up-to-date symlink: /home/alexnew/bumperbot_ws/install/bumperbot_msgs/include/bumperbot_msgs/bumperbot_msgs/srv/detail/add_two_ints__type_support.hpp
[0.861s] -- Up-to-date symlink: /home/alexnew/bumperbot_ws/install/bumperbot_msgs/include/bumperbot_msgs/bumperbot_msgs/srv/detail/get_transform__builder.hpp
[0.861s] -- Up-to-date symlink: /home/alexnew/bumperbot_ws/install/bumperbot_msgs/include/bumperbot_msgs/bumperbot_msgs/srv/detail/get_transform__struct.hpp
[0.861s] -- Up-to-date symlink: /home/alexnew/bumperbot_ws/install/bumperbot_msgs/include/bumperbot_msgs/bumperbot_msgs/srv/detail/get_transform__traits.hpp
[0.862s] -- Up-to-date symlink: /home/alexnew/bumperbot_ws/install/bumperbot_msgs/include/bumperbot_msgs/bumperbot_msgs/srv/detail/get_transform__type_support.hpp
[0.862s] -- Up-to-date symlink: /home/alexnew/bumperbot_ws/install/bumperbot_msgs/include/bumperbot_msgs/bumperbot_msgs/srv/get_transform.hpp
[0.862s] -- Up-to-date symlink: /home/alexnew/bumperbot_ws/install/bumperbot_msgs/include/bumperbot_msgs/bumperbot_msgs/msg/rosidl_typesupport_fastrtps_cpp__visibility_control.h
[0.862s] -- Up-to-date symlink: /home/alexnew/bumperbot_ws/install/bumperbot_msgs/include/bumperbot_msgs/bumperbot_msgs/srv/detail/add_two_ints__rosidl_typesupport_fastrtps_cpp.hpp
[0.863s] -- Up-to-date symlink: /home/alexnew/bumperbot_ws/install/bumperbot_msgs/include/bumperbot_msgs/bumperbot_msgs/srv/detail/get_transform__rosidl_typesupport_fastrtps_cpp.hpp
[0.863s] -- Up-to-date symlink: /home/alexnew/bumperbot_ws/install/bumperbot_msgs/include/bumperbot_msgs/bumperbot_msgs/msg/rosidl_typesupport_introspection_c__visibility_control.h
[0.863s] -- Up-to-date symlink: /home/alexnew/bumperbot_ws/install/bumperbot_msgs/include/bumperbot_msgs/bumperbot_msgs/srv/detail/add_two_ints__rosidl_typesupport_introspection_c.h
[0.863s] -- Up-to-date symlink: /home/alexnew/bumperbot_ws/install/bumperbot_msgs/include/bumperbot_msgs/bumperbot_msgs/srv/detail/get_transform__rosidl_typesupport_introspection_c.h
[0.864s] -- Up-to-date symlink: /home/alexnew/bumperbot_ws/install/bumperbot_msgs/include/bumperbot_msgs/bumperbot_msgs/srv/detail/add_two_ints__rosidl_typesupport_introspection_cpp.hpp
[0.864s] -- Up-to-date symlink: /home/alexnew/bumperbot_ws/install/bumperbot_msgs/include/bumperbot_msgs/bumperbot_msgs/srv/detail/get_transform__rosidl_typesupport_introspection_cpp.hpp
[0.865s] -- Up-to-date symlink: /home/alexnew/bumperbot_ws/install/bumperbot_msgs/share/bumperbot_msgs/environment/pythonpath.sh
[0.865s] -- Up-to-date symlink: /home/alexnew/bumperbot_ws/install/bumperbot_msgs/share/bumperbot_msgs/environment/pythonpath.dsv
[0.865s] -- Up-to-date symlink: /home/alexnew/bumperbot_ws/install/bumperbot_msgs/local/lib/python3.10/dist-packages/bumperbot_msgs-0.0.0-py3.10.egg-info/PKG-INFO
[0.865s] -- Up-to-date symlink: /home/alexnew/bumperbot_ws/install/bumperbot_msgs/local/lib/python3.10/dist-packages/bumperbot_msgs-0.0.0-py3.10.egg-info/SOURCES.txt
[0.865s] -- Up-to-date symlink: /home/alexnew/bumperbot_ws/install/bumperbot_msgs/local/lib/python3.10/dist-packages/bumperbot_msgs-0.0.0-py3.10.egg-info/dependency_links.txt
[0.865s] -- Up-to-date symlink: /home/alexnew/bumperbot_ws/install/bumperbot_msgs/local/lib/python3.10/dist-packages/bumperbot_msgs-0.0.0-py3.10.egg-info/top_level.txt
[0.865s] -- Up-to-date symlink: /home/alexnew/bumperbot_ws/install/bumperbot_msgs/local/lib/python3.10/dist-packages/bumperbot_msgs/__init__.py
[0.867s] -- Up-to-date symlink: /home/alexnew/bumperbot_ws/install/bumperbot_msgs/local/lib/python3.10/dist-packages/bumperbot_msgs/_bumperbot_msgs_s.ep.rosidl_typesupport_c.c
[0.868s] -- Up-to-date symlink: /home/alexnew/bumperbot_ws/install/bumperbot_msgs/local/lib/python3.10/dist-packages/bumperbot_msgs/_bumperbot_msgs_s.ep.rosidl_typesupport_fastrtps_c.c
[0.868s] -- Up-to-date symlink: /home/alexnew/bumperbot_ws/install/bumperbot_msgs/local/lib/python3.10/dist-packages/bumperbot_msgs/_bumperbot_msgs_s.ep.rosidl_typesupport_introspection_c.c
[0.868s] -- Up-to-date symlink: /home/alexnew/bumperbot_ws/install/bumperbot_msgs/local/lib/python3.10/dist-packages/bumperbot_msgs/bumperbot_msgs_s__rosidl_typesupport_c.cpython-310-x86_64-linux-gnu.so
[0.870s] -- Up-to-date symlink: /home/alexnew/bumperbot_ws/install/bumperbot_msgs/local/lib/python3.10/dist-packages/bumperbot_msgs/bumperbot_msgs_s__rosidl_typesupport_fastrtps_c.cpython-310-x86_64-linux-gnu.so
[0.871s] -- Up-to-date symlink: /home/alexnew/bumperbot_ws/install/bumperbot_msgs/local/lib/python3.10/dist-packages/bumperbot_msgs/bumperbot_msgs_s__rosidl_typesupport_introspection_c.cpython-310-x86_64-linux-gnu.so
[0.871s] -- Up-to-date symlink: /home/alexnew/bumperbot_ws/install/bumperbot_msgs/local/lib/python3.10/dist-packages/bumperbot_msgs/libbumperbot_msgs__rosidl_generator_py.so
[0.871s] -- Up-to-date symlink: /home/alexnew/bumperbot_ws/install/bumperbot_msgs/local/lib/python3.10/dist-packages/bumperbot_msgs/srv/__init__.py
[0.871s] -- Up-to-date symlink: /home/alexnew/bumperbot_ws/install/bumperbot_msgs/local/lib/python3.10/dist-packages/bumperbot_msgs/srv/_add_two_ints.py
[0.872s] -- Up-to-date symlink: /home/alexnew/bumperbot_ws/install/bumperbot_msgs/local/lib/python3.10/dist-packages/bumperbot_msgs/srv/_add_two_ints_s.c
[0.872s] -- Up-to-date symlink: /home/alexnew/bumperbot_ws/install/bumperbot_msgs/local/lib/python3.10/dist-packages/bumperbot_msgs/srv/_get_transform.py
[0.872s] -- Up-to-date symlink: /home/alexnew/bumperbot_ws/install/bumperbot_msgs/local/lib/python3.10/dist-packages/bumperbot_msgs/srv/_get_transform_s.c
[0.872s] -- Up-to-date symlink: /home/alexnew/bumperbot_ws/install/bumperbot_msgs/local/lib/python3.10/dist-packages/bumperbot_msgs/bumperbot_msgs_s__rosidl_typesupport_fastrtps_c.cpython-310-x86_64-linux-gnu.so
[0.873s] -- Up-to-date symlink: /home/alexnew/bumperbot_ws/install/bumperbot_msgs/local/lib/python3.10/dist-packages/bumperbot_msgs/bumperbot_msgs_s__rosidl_typesupport_introspection_c.cpython-310-x86_64-linux-gnu.so
[0.873s] -- Up-to-date symlink: /home/alexnew/bumperbot_ws/install/bumperbot_msgs/local/lib/python3.10/dist-packages/bumperbot_msgs/bumperbot_msgs_s__rosidl_typesupport_c.cpython-310-x86_64-linux-gnu.so
[0.873s] -- Up-to-date symlink: /home/alexnew/bumperbot_ws/install/bumperbot_msgs/share/ament_index/resource_index/rust_packages/bumperbot_msgs
[0.873s] -- Up-to-date symlink: /home/alexnew/bumperbot_ws/install/bumperbot_msgs/share/bumperbot_msgs/rust/Cargo.toml
[0.873s] -- Up-to-date symlink: /home/alexnew/bumperbot_ws/install/bumperbot_msgs/share/bumperbot_msgs/rust/build.rs
[0.874s] -- Up-to-date symlink: /home/alexnew/bumperbot_ws/install/bumperbot_msgs/share/bumperbot_msgs/rust/src/lib.rs
[0.875s] -- Up-to-date symlink: /home/alexnew/bumperbot_ws/install/bumperbot_msgs/share/bumperbot_msgs/rust/src/srv.rs
[0.875s] -- Up-to-date symlink: /home/alexnew/bumperbot_ws/install/bumperbot_msgs/share/bumperbot_msgs/rust/src/srv/rmw.rs
[0.875s] -- Up-to-date symlink: /home/alexnew/bumperbot_ws/install/bumperbot_msgs/share/bumperbot_msgs/srv/AddTwoInts.idl
[0.875s] -- Up-to-date symlink: /home/alexnew/bumperbot_ws/install/bumperbot_msgs/share/bumperbot_msgs/srv/GetTransform.idl
[0.876s] -- Up-to-date symlink: /home/alexnew/bumperbot_ws/install/bumperbot_msgs/share/bumperbot_msgs/srv/AddTwoInts.srv
[0.876s] -- Up-to-date symlink: /home/alexnew/bumperbot_ws/install/bumperbot_msgs/share/bumperbot_msgs/srv/AddTwoInts_Request.msg
[0.877s] -- Up-to-date symlink: /home/alexnew/bumperbot_ws/install/bumperbot_msgs/share/bumperbot_msgs/srv/AddTwoInts_Response.msg
[0.877s] -- Up-to-date symlink: /home/alexnew/bumperbot_ws/install/bumperbot_msgs/share/bumperbot_msgs/srv/GetTransform.srv
[0.877s] -- Up-to-date symlink: /home/alexnew/bumperbot_ws/install/bumperbot_msgs/share/bumperbot_msgs/srv/GetTransform_Request.msg
[0.877s] -- Up-to-date symlink: /home/alexnew/bumperbot_ws/install/bumperbot_msgs/share/bumperbot_msgs/srv/GetTransform_Response.msg
[0.877s] -- Up-to-date symlink: /home/alexnew/bumperbot_ws/install/bumperbot_msgs/share/ament_index/resource_index/package_run_dependencies/bumperbot_msgs
[0.877s] -- Up-to-date symlink: /home/alexnew/bumperbot_ws/install/bumperbot_msgs/share/ament_index/resource_index/parent_prefix_path/bumperbot_msgs
[0.878s] -- Up-to-date symlink: /home/alexnew/bumperbot_ws/install/bumperbot_msgs/share/bumperbot_msgs/environment/ament_prefix_path.sh
[0.878s] -- Up-to-date symlink: /home/alexnew/bumperbot_ws/install/bumperbot_msgs/share/bumperbot_msgs/environment/ament_prefix_path.dsv
[0.878s] -- Up-to-date symlink: /home/alexnew/bumperbot_ws/install/bumperbot_msgs/share/bumperbot_msgs/environment/path.sh
[0.878s] -- Up-to-date symlink: /home/alexnew/bumperbot_ws/install/bumperbot_msgs/share/bumperbot_msgs/environment/path.dsv
[0.878s] -- Up-to-date symlink: /home/alexnew/bumperbot_ws/install/bumperbot_msgs/share/bumperbot_msgs/local_setup.bash
[0.879s] -- Up-to-date symlink: /home/alexnew/bumperbot_ws/install/bumperbot_msgs/share/bumperbot_msgs/local_setup.sh
[0.879s] -- Up-to-date symlink: /home/alexnew/bumperbot_ws/install/bumperbot_msgs/share/bumperbot_msgs/local_setup.zsh
[0.879s] -- Up-to-date symlink: /home/alexnew/bumperbot_ws/install/bumperbot_msgs/share/bumperbot_msgs/local_setup.dsv
[0.879s] -- Symlinking: /home/alexnew/bumperbot_ws/install/bumperbot_msgs/share/bumperbot_msgs/package.dsv
[0.890s] -- Up-to-date symlink: /home/alexnew/bumperbot_ws/install/bumperbot_msgs/share/ament_index/resource_index/packages/bumperbot_msgs
[0.890s] -- Up-to-date symlink: /home/alexnew/bumperbot_ws/install/bumperbot_msgs/share/bumperbot_msgs/cmake/rosidl_cmake-extras.cmake
[0.890s] -- Up-to-date symlink: /home/alexnew/bumperbot_ws/install/bumperbot_msgs/share/bumperbot_msgs/cmake/ament_cmake_export_dependencies-extras.cmake
[0.891s] -- Up-to-date symlink: /home/alexnew/bumperbot_ws/install/bumperbot_msgs/share/bumperbot_msgs/cmake/ament_cmake_export_include_directories-extras.cmake
[0.891s] -- Up-to-date symlink: /home/alexnew/bumperbot_ws/install/bumperbot_msgs/share/bumperbot_msgs/cmake/ament_cmake_export_libraries-extras.cmake
[0.891s] -- Up-to-date symlink: /home/alexnew/bumperbot_ws/install/bumperbot_msgs/share/bumperbot_msgs/cmake/ament_cmake_export_targets-extras.cmake
[0.891s] -- Up-to-date symlink: /home/alexnew/bumperbot_ws/install/bumperbot_msgs/share/bumperbot_msgs/cmake/rosidl_cmake_export_typesupport_targets-extras.cmake
[0.892s] -- Up-to-date symlink: /home/alexnew/bumperbot_ws/install/bumperbot_msgs/share/bumperbot_msgs/cmake/rosidl_cmake_export_typesupport_libraries-extras.cmake
[0.892s] -- Up-to-date symlink: /home/alexnew/bumperbot_ws/install/bumperbot_msgs/share/bumperbot_msgs/cmake/bumperbot_msgsConfig.cmake
[0.892s] -- Up-to-date symlink: /home/alexnew/bumperbot_ws/install/bumperbot_msgs/share/bumperbot_msgs/cmake/bumperbot_msgsConfig-version.cmake
[0.892s] -- Up-to-date symlink: /home/alexnew/bumperbot_ws/install/bumperbot_msgs/share/bumperbot_msgs/package.xml
[0.892s] -- Up-to-date: /home/alexnew/bumperbot_ws/install/bumperbot_msgs/lib/libbumperbot_msgs__rosidl_generator_c.so
[0.893s] -- Up-to-date: /home/alexnew/bumperbot_ws/install/bumperbot_msgs/lib/libbumperbot_msgs__rosidl_typesupport_fastrtps_c.so
[0.894s] -- Up-to-date: /home/alexnew/bumperbot_ws/install/bumperbot_msgs/lib/libbumperbot_msgs__rosidl_typesupport_fastrtps_cpp.so
[0.894s] -- Up-to-date: /home/alexnew/bumperbot_ws/install/bumperbot_msgs/lib/libbumperbot_msgs__rosidl_typesupport_introspection_c.so
[0.895s] -- Up-to-date: /home/alexnew/bumperbot_ws/install/bumperbot_msgs/lib/libbumperbot_msgs__rosidl_typesupport_c.so
[0.896s] -- Up-to-date: /home/alexnew/bumperbot_ws/install/bumperbot_msgs/lib/libbumperbot_msgs__rosidl_typesupport_introspection_cpp.so
[0.896s] -- Up-to-date: /home/alexnew/bumperbot_ws/install/bumperbot_msgs/lib/libbumperbot_msgs__rosidl_typesupport_cpp.so
[0.950s] Listing '/home/alexnew/bumperbot_ws/install/bumperbot_msgs/local/lib/python3.10/dist-packages/bumperbot_msgs'...
[0.951s] Listing '/home/alexnew/bumperbot_ws/install/bumperbot_msgs/local/lib/python3.10/dist-packages/bumperbot_msgs/srv'...
[0.963s] -- Up-to-date: /home/alexnew/bumperbot_ws/install/bumperbot_msgs/lib/libbumperbot_msgs__rosidl_generator_py.so
[0.963s] -- Up-to-date: /home/alexnew/bumperbot_ws/install/bumperbot_msgs/share/bumperbot_msgs/cmake/export_bumperbot_msgs__rosidl_generator_cExport.cmake
[0.963s] -- Up-to-date: /home/alexnew/bumperbot_ws/install/bumperbot_msgs/share/bumperbot_msgs/cmake/export_bumperbot_msgs__rosidl_generator_cExport-noconfig.cmake
[0.963s] -- Up-to-date: /home/alexnew/bumperbot_ws/install/bumperbot_msgs/share/bumperbot_msgs/cmake/export_bumperbot_msgs__rosidl_typesupport_fastrtps_cExport.cmake
[0.965s] -- Up-to-date: /home/alexnew/bumperbot_ws/install/bumperbot_msgs/share/bumperbot_msgs/cmake/export_bumperbot_msgs__rosidl_typesupport_fastrtps_cExport-noconfig.cmake
[0.966s] -- Up-to-date: /home/alexnew/bumperbot_ws/install/bumperbot_msgs/share/bumperbot_msgs/cmake/export_bumperbot_msgs__rosidl_generator_cppExport.cmake
[0.966s] -- Up-to-date: /home/alexnew/bumperbot_ws/install/bumperbot_msgs/share/bumperbot_msgs/cmake/export_bumperbot_msgs__rosidl_typesupport_fastrtps_cppExport.cmake
[0.966s] -- Up-to-date: /home/alexnew/bumperbot_ws/install/bumperbot_msgs/share/bumperbot_msgs/cmake/export_bumperbot_msgs__rosidl_typesupport_fastrtps_cppExport-noconfig.cmake
[0.966s] -- Up-to-date: /home/alexnew/bumperbot_ws/install/bumperbot_msgs/share/bumperbot_msgs/cmake/bumperbot_msgs__rosidl_typesupport_introspection_cExport.cmake
[0.966s] -- Up-to-date: /home/alexnew/bumperbot_ws/install/bumperbot_msgs/share/bumperbot_msgs/cmake/bumperbot_msgs__rosidl_typesupport_introspection_cExport-noconfig.cmake
[0.966s] -- Up-to-date: /home/alexnew/bumperbot_ws/install/bumperbot_msgs/share/bumperbot_msgs/cmake/bumperbot_msgs__rosidl_typesupport_cExport.cmake
[0.966s] -- Up-to-date: /home/alexnew/bumperbot_ws/install/bumperbot_msgs/share/bumperbot_msgs/cmake/bumperbot_msgs__rosidl_typesupport_cExport-noconfig.cmake
[0.966s] -- Up-to-date: /home/alexnew/bumperbot_ws/install/bumperbot_msgs/share/bumperbot_msgs/cmake/bumperbot_msgs__rosidl_typesupport_introspection_cppExport.cmake
[0.966s] -- Up-to-date: /home/alexnew/bumperbot_ws/install/bumperbot_msgs/share/bumperbot_msgs/cmake/bumperbot_msgs__rosidl_typesupport_introspection_cppExport-noconfig.cmake
[0.966s] -- Up-to-date: /home/alexnew/bumperbot_ws/install/bumperbot_msgs/share/bumperbot_msgs/cmake/bumperbot_msgs__rosidl_typesupport_cppExport.cmake
[0.966s] -- Up-to-date: /home/alexnew/bumperbot_ws/install/bumperbot_msgs/share/bumperbot_msgs/cmake/bumperbot_msgs__rosidl_typesupport_cppExport-noconfig.cmake
[0.979s] -- Up-to-date: /home/alexnew/bumperbot_ws/install/bumperbot_msgs/share/bumperbot_msgs/cmake/export_bumperbot_msgs__rosidl_generator_pyExport.cmake
[0.979s] -- Up-to-date: /home/alexnew/bumperbot_ws/install/bumperbot_msgs/share/bumperbot_msgs/cmake/export_bumperbot_msgs__rosidl_generator_pyExport-noconfig.cmake
[0.981s] Invoked command in '/home/alexnew/bumperbot_ws/build/bumperbot_msgs' returned '0': CMAKE_PREFIX_PATH=${CMAKE_PREFIX_PATH}:/home/alexnew/bumperbot_ws/install/bumperbot_py_examples:/opt/ros/humble /usr/bin/cmake --install /home/alexnew/bumperbot_ws/build/bumperbot_msgs
