[0.036s] Invoking command in '/home/alexnew/bumperbot_ws/build/bumperbot_controller': CMAKE_PREFIX_PATH=${CMAKE_PREFIX_PATH}:/home/alexnew/bumperbot_ws/install/bumperbot_py_examples:/opt/ros/humble /usr/bin/cmake --build /home/alexnew/bumperbot_ws/build/bumperbot_controller -- -j4 -l4
[0.146s] [ 50%] Built target simple_controller
[0.148s] [100%] Built target noisy_controller
[0.156s] [100%] Built target ament_cmake_python_symlink_bumperbot_controller
[0.365s] running egg_info
[0.367s] writing bumperbot_controller.egg-info/PKG-INFO
[0.369s] writing dependency_links to bumperbot_controller.egg-info/dependency_links.txt
[0.369s] writing top-level names to bumperbot_controller.egg-info/top_level.txt
[0.372s] reading manifest file 'bumperbot_controller.egg-info/SOURCES.txt'
[0.376s] writing manifest file 'bumperbot_controller.egg-info/SOURCES.txt'
[0.414s] [100%] Built target ament_cmake_python_build_bumperbot_controller_egg
[0.435s] Invoked command in '/home/alexnew/bumperbot_ws/build/bumperbot_controller' returned '0': CMAKE_PREFIX_PATH=${CMAKE_PREFIX_PATH}:/home/alexnew/bumperbot_ws/install/bumperbot_py_examples:/opt/ros/humble /usr/bin/cmake --build /home/alexnew/bumperbot_ws/build/bumperbot_controller -- -j4 -l4
[0.436s] Invoking command in '/home/alexnew/bumperbot_ws/build/bumperbot_controller': CMAKE_PREFIX_PATH=${CMAKE_PREFIX_PATH}:/home/alexnew/bumperbot_ws/install/bumperbot_py_examples:/opt/ros/humble /usr/bin/cmake --install /home/alexnew/bumperbot_ws/build/bumperbot_controller
[0.446s] -- Install configuration: ""
[0.448s] -- Execute custom install script
[0.449s] -- Up-to-date symlink: /home/alexnew/bumperbot_ws/install/bumperbot_controller/share/bumperbot_controller/environment/pythonpath.sh
[0.450s] -- Up-to-date symlink: /home/alexnew/bumperbot_ws/install/bumperbot_controller/share/bumperbot_controller/environment/pythonpath.dsv
[0.450s] -- Up-to-date symlink: /home/alexnew/bumperbot_ws/install/bumperbot_controller/local/lib/python3.10/dist-packages/bumperbot_controller-0.0.0-py3.10.egg-info/PKG-INFO
[0.452s] -- Up-to-date symlink: /home/alexnew/bumperbot_ws/install/bumperbot_controller/local/lib/python3.10/dist-packages/bumperbot_controller-0.0.0-py3.10.egg-info/SOURCES.txt
[0.454s] -- Up-to-date symlink: /home/alexnew/bumperbot_ws/install/bumperbot_controller/local/lib/python3.10/dist-packages/bumperbot_controller-0.0.0-py3.10.egg-info/dependency_links.txt
[0.454s] -- Up-to-date symlink: /home/alexnew/bumperbot_ws/install/bumperbot_controller/local/lib/python3.10/dist-packages/bumperbot_controller-0.0.0-py3.10.egg-info/top_level.txt
[0.455s] -- Up-to-date symlink: /home/alexnew/bumperbot_ws/install/bumperbot_controller/local/lib/python3.10/dist-packages/bumperbot_controller/__init__.py
[0.456s] -- Up-to-date symlink: /home/alexnew/bumperbot_ws/install/bumperbot_controller/local/lib/python3.10/dist-packages/bumperbot_controller/noisy_controller.py
[0.457s] -- Up-to-date symlink: /home/alexnew/bumperbot_ws/install/bumperbot_controller/local/lib/python3.10/dist-packages/bumperbot_controller/simple_controller.py
[0.458s] -- Up-to-date symlink: /home/alexnew/bumperbot_ws/install/bumperbot_controller/include/include/bumperbot_controller/noisy_controller.hpp
[0.458s] -- Up-to-date symlink: /home/alexnew/bumperbot_ws/install/bumperbot_controller/include/include/bumperbot_controller/simple_controller.hpp
[0.458s] -- Up-to-date symlink: /home/alexnew/bumperbot_ws/install/bumperbot_controller/lib/bumperbot_controller/simple_controller
[0.459s] -- Up-to-date symlink: /home/alexnew/bumperbot_ws/install/bumperbot_controller/lib/bumperbot_controller/noisy_controller
[0.459s] -- Up-to-date symlink: /home/alexnew/bumperbot_ws/install/bumperbot_controller/share/bumperbot_controller/launch/controller.launch.py
[0.459s] -- Up-to-date symlink: /home/alexnew/bumperbot_ws/install/bumperbot_controller/share/bumperbot_controller/launch/joystick_teleop.launch.py
[0.459s] -- Up-to-date symlink: /home/alexnew/bumperbot_ws/install/bumperbot_controller/share/bumperbot_controller/config/bumperbot_controllers.yaml
[0.459s] -- Up-to-date symlink: /home/alexnew/bumperbot_ws/install/bumperbot_controller/share/bumperbot_controller/config/joy_config.yaml
[0.460s] -- Up-to-date symlink: /home/alexnew/bumperbot_ws/install/bumperbot_controller/share/bumperbot_controller/config/joy_teleop.yaml
[0.460s] -- Up-to-date symlink: /home/alexnew/bumperbot_ws/install/bumperbot_controller/lib/bumperbot_controller/simple_controller.py
[0.460s] -- Up-to-date symlink: /home/alexnew/bumperbot_ws/install/bumperbot_controller/lib/bumperbot_controller/noisy_controller.py
[0.460s] -- Up-to-date symlink: /home/alexnew/bumperbot_ws/install/bumperbot_controller/share/ament_index/resource_index/package_run_dependencies/bumperbot_controller
[0.460s] -- Up-to-date symlink: /home/alexnew/bumperbot_ws/install/bumperbot_controller/share/ament_index/resource_index/parent_prefix_path/bumperbot_controller
[0.461s] -- Up-to-date symlink: /home/alexnew/bumperbot_ws/install/bumperbot_controller/share/bumperbot_controller/environment/ament_prefix_path.sh
[0.461s] -- Up-to-date symlink: /home/alexnew/bumperbot_ws/install/bumperbot_controller/share/bumperbot_controller/environment/ament_prefix_path.dsv
[0.465s] -- Up-to-date symlink: /home/alexnew/bumperbot_ws/install/bumperbot_controller/share/bumperbot_controller/environment/path.sh
[0.465s] -- Up-to-date symlink: /home/alexnew/bumperbot_ws/install/bumperbot_controller/share/bumperbot_controller/environment/path.dsv
[0.465s] -- Up-to-date symlink: /home/alexnew/bumperbot_ws/install/bumperbot_controller/share/bumperbot_controller/local_setup.bash
[0.465s] -- Up-to-date symlink: /home/alexnew/bumperbot_ws/install/bumperbot_controller/share/bumperbot_controller/local_setup.sh
[0.465s] -- Up-to-date symlink: /home/alexnew/bumperbot_ws/install/bumperbot_controller/share/bumperbot_controller/local_setup.zsh
[0.465s] -- Up-to-date symlink: /home/alexnew/bumperbot_ws/install/bumperbot_controller/share/bumperbot_controller/local_setup.dsv
[0.465s] -- Symlinking: /home/alexnew/bumperbot_ws/install/bumperbot_controller/share/bumperbot_controller/package.dsv
[0.473s] -- Up-to-date symlink: /home/alexnew/bumperbot_ws/install/bumperbot_controller/share/ament_index/resource_index/packages/bumperbot_controller
[0.473s] -- Up-to-date symlink: /home/alexnew/bumperbot_ws/install/bumperbot_controller/share/bumperbot_controller/cmake/bumperbot_controllerConfig.cmake
[0.474s] -- Up-to-date symlink: /home/alexnew/bumperbot_ws/install/bumperbot_controller/share/bumperbot_controller/cmake/bumperbot_controllerConfig-version.cmake
[0.474s] -- Up-to-date symlink: /home/alexnew/bumperbot_ws/install/bumperbot_controller/share/bumperbot_controller/package.xml
[0.546s] Listing '/home/alexnew/bumperbot_ws/install/bumperbot_controller/local/lib/python3.10/dist-packages/bumperbot_controller'...
[0.554s] Invoked command in '/home/alexnew/bumperbot_ws/build/bumperbot_controller' returned '0': CMAKE_PREFIX_PATH=${CMAKE_PREFIX_PATH}:/home/alexnew/bumperbot_ws/install/bumperbot_py_examples:/opt/ros/humble /usr/bin/cmake --install /home/alexnew/bumperbot_ws/build/bumperbot_controller
