-- Found ament_cmake: 1.3.14 (/opt/ros/humble/share/ament_cmake/cmake)
-- Override CMake install command with custom implementation using symlinks instead of copying resources
-- Found rclcpp: 16.0.19 (/opt/ros/humble/share/rclcpp/cmake)
-- Found rosidl_generator_c: 3.1.8 (/opt/ros/humble/share/rosidl_generator_c/cmake)
-- Found rosidl_adapter: 3.1.8 (/opt/ros/humble/share/rosidl_adapter/cmake)
-- Found rosidl_generator_cpp: 3.1.8 (/opt/ros/humble/share/rosidl_generator_cpp/cmake)
-- Using all available rosidl_typesupport_c: rosidl_typesupport_fastrtps_c;rosidl_typesupport_introspection_c
-- Using all available rosidl_typesupport_cpp: rosidl_typesupport_fastrtps_cpp;rosidl_typesupport_introspection_cpp
-- Found rmw_implementation_cmake: 6.1.2 (/opt/ros/humble/share/rmw_implementation_cmake/cmake)
-- Found rmw_fastrtps_cpp: 6.2.10 (/opt/ros/humble/share/rmw_fastrtps_cpp/cmake)
-- Using RMW implementation 'rmw_fastrtps_cpp' as default
-- Found rclpy: 3.3.21 (/opt/ros/humble/share/rclpy/cmake)
-- Found nav_msgs: 4.9.1 (/opt/ros/humble/share/nav_msgs/cmake)
-- Found sensor_msgs: 4.9.1 (/opt/ros/humble/share/sensor_msgs/cmake)
-- Configuring done
-- Generating done
-- Build files have been written to: /home/alexnew/bumperbot_ws/build/bumperbot_localization
[35m[1mConsolidate compiler generated dependencies of target kalman_filter[0m
[35m[1mConsolidate compiler generated dependencies of target imu_republisher[0m
[ 50%] Built target kalman_filter
[ 50%] Built target ament_cmake_python_symlink_bumperbot_localization
[100%] Built target imu_republisher
running egg_info
writing bumperbot_localization.egg-info/PKG-INFO
writing dependency_links to bumperbot_localization.egg-info/dependency_links.txt
writing top-level names to bumperbot_localization.egg-info/top_level.txt
reading manifest file 'bumperbot_localization.egg-info/SOURCES.txt'
writing manifest file 'bumperbot_localization.egg-info/SOURCES.txt'
[100%] Built target ament_cmake_python_build_bumperbot_localization_egg
-- Install configuration: ""
-- Execute custom install script
-- Up-to-date symlink: /home/alexnew/bumperbot_ws/install/bumperbot_localization/share/bumperbot_localization/environment/pythonpath.sh
-- Up-to-date symlink: /home/alexnew/bumperbot_ws/install/bumperbot_localization/share/bumperbot_localization/environment/pythonpath.dsv
-- Up-to-date symlink: /home/alexnew/bumperbot_ws/install/bumperbot_localization/local/lib/python3.10/dist-packages/bumperbot_localization-0.0.0-py3.10.egg-info/PKG-INFO
-- Up-to-date symlink: /home/alexnew/bumperbot_ws/install/bumperbot_localization/local/lib/python3.10/dist-packages/bumperbot_localization-0.0.0-py3.10.egg-info/SOURCES.txt
-- Up-to-date symlink: /home/alexnew/bumperbot_ws/install/bumperbot_localization/local/lib/python3.10/dist-packages/bumperbot_localization-0.0.0-py3.10.egg-info/dependency_links.txt
-- Up-to-date symlink: /home/alexnew/bumperbot_ws/install/bumperbot_localization/local/lib/python3.10/dist-packages/bumperbot_localization-0.0.0-py3.10.egg-info/top_level.txt
-- Up-to-date symlink: /home/alexnew/bumperbot_ws/install/bumperbot_localization/local/lib/python3.10/dist-packages/bumperbot_localization/__init__.py
-- Up-to-date symlink: /home/alexnew/bumperbot_ws/install/bumperbot_localization/local/lib/python3.10/dist-packages/bumperbot_localization/gps_odom_republisher.py
-- Up-to-date symlink: /home/alexnew/bumperbot_ws/install/bumperbot_localization/local/lib/python3.10/dist-packages/bumperbot_localization/gps_republisher.py
-- Up-to-date symlink: /home/alexnew/bumperbot_ws/install/bumperbot_localization/local/lib/python3.10/dist-packages/bumperbot_localization/imu_republisher.py
-- Symlinking: /home/alexnew/bumperbot_ws/install/bumperbot_localization/local/lib/python3.10/dist-packages/bumperbot_localization/imu_sim_republisher.py
-- Up-to-date symlink: /home/alexnew/bumperbot_ws/install/bumperbot_localization/local/lib/python3.10/dist-packages/bumperbot_localization/kalman_filter.py
-- Up-to-date symlink: /home/alexnew/bumperbot_ws/install/bumperbot_localization/include/include/bumperbot_localization/kalman_filter.hpp
-- Up-to-date symlink: /home/alexnew/bumperbot_ws/install/bumperbot_localization/lib/bumperbot_localization/kalman_filter
-- Up-to-date symlink: /home/alexnew/bumperbot_ws/install/bumperbot_localization/lib/bumperbot_localization/imu_republisher
-- Up-to-date symlink: /home/alexnew/bumperbot_ws/install/bumperbot_localization/share/bumperbot_localization/launch/local_localization.launch.py
-- Up-to-date symlink: /home/alexnew/bumperbot_ws/install/bumperbot_localization/share/bumperbot_localization/config/ekf.yaml
-- Up-to-date symlink: /home/alexnew/bumperbot_ws/install/bumperbot_localization/share/bumperbot_localization/config/ekf_global.yaml
-- Up-to-date symlink: /home/alexnew/bumperbot_ws/install/bumperbot_localization/share/bumperbot_localization/config/navsat_transform.yaml
-- Up-to-date symlink: /home/alexnew/bumperbot_ws/install/bumperbot_localization/lib/bumperbot_localization/kalman_filter.py
-- Up-to-date symlink: /home/alexnew/bumperbot_ws/install/bumperbot_localization/lib/bumperbot_localization/imu_republisher.py
-- Up-to-date symlink: /home/alexnew/bumperbot_ws/install/bumperbot_localization/lib/bumperbot_localization/gps_republisher.py
-- Up-to-date symlink: /home/alexnew/bumperbot_ws/install/bumperbot_localization/lib/bumperbot_localization/gps_odom_republisher.py
-- Symlinking: /home/alexnew/bumperbot_ws/install/bumperbot_localization/lib/bumperbot_localization/imu_sim_republisher.py
-- Up-to-date symlink: /home/alexnew/bumperbot_ws/install/bumperbot_localization/share/ament_index/resource_index/package_run_dependencies/bumperbot_localization
-- Up-to-date symlink: /home/alexnew/bumperbot_ws/install/bumperbot_localization/share/ament_index/resource_index/parent_prefix_path/bumperbot_localization
-- Up-to-date symlink: /home/alexnew/bumperbot_ws/install/bumperbot_localization/share/bumperbot_localization/environment/ament_prefix_path.sh
-- Up-to-date symlink: /home/alexnew/bumperbot_ws/install/bumperbot_localization/share/bumperbot_localization/environment/ament_prefix_path.dsv
-- Up-to-date symlink: /home/alexnew/bumperbot_ws/install/bumperbot_localization/share/bumperbot_localization/environment/path.sh
-- Up-to-date symlink: /home/alexnew/bumperbot_ws/install/bumperbot_localization/share/bumperbot_localization/environment/path.dsv
-- Up-to-date symlink: /home/alexnew/bumperbot_ws/install/bumperbot_localization/share/bumperbot_localization/local_setup.bash
-- Up-to-date symlink: /home/alexnew/bumperbot_ws/install/bumperbot_localization/share/bumperbot_localization/local_setup.sh
-- Up-to-date symlink: /home/alexnew/bumperbot_ws/install/bumperbot_localization/share/bumperbot_localization/local_setup.zsh
-- Up-to-date symlink: /home/alexnew/bumperbot_ws/install/bumperbot_localization/share/bumperbot_localization/local_setup.dsv
-- Symlinking: /home/alexnew/bumperbot_ws/install/bumperbot_localization/share/bumperbot_localization/package.dsv
-- Up-to-date symlink: /home/alexnew/bumperbot_ws/install/bumperbot_localization/share/ament_index/resource_index/packages/bumperbot_localization
-- Up-to-date symlink: /home/alexnew/bumperbot_ws/install/bumperbot_localization/share/bumperbot_localization/cmake/bumperbot_localizationConfig.cmake
-- Up-to-date symlink: /home/alexnew/bumperbot_ws/install/bumperbot_localization/share/bumperbot_localization/cmake/bumperbot_localizationConfig-version.cmake
-- Up-to-date symlink: /home/alexnew/bumperbot_ws/install/bumperbot_localization/share/bumperbot_localization/package.xml
Listing '/home/alexnew/bumperbot_ws/install/bumperbot_localization/local/lib/python3.10/dist-packages/bumperbot_localization'...
Compiling '/home/alexnew/bumperbot_ws/install/bumperbot_localization/local/lib/python3.10/dist-packages/bumperbot_localization/imu_sim_republisher.py'...
