[0.208s] DEBUG:colcon:Command line arguments: ['/usr/bin/colcon', 'build']
[0.208s] DEBUG:colcon:Parsed command line arguments: Namespace(log_base=None, log_level=None, verb_name='build', build_base='build', install_base='install', merge_install=False, symlink_install=False, test_result_base=None, continue_on_error=False, executor='parallel', parallel_workers=4, event_handlers=None, ignore_user_meta=False, metas=['./colcon.meta'], base_paths=['.'], packages_ignore=None, packages_ignore_regex=None, paths=None, packages_up_to=None, packages_up_to_regex=None, packages_above=None, packages_above_and_dependencies=None, packages_above_depth=None, packages_select_by_dep=None, packages_skip_by_dep=None, packages_skip_up_to=None, packages_select_build_failed=False, packages_skip_build_finished=False, packages_select_test_failures=False, packages_skip_test_passed=False, packages_select=None, packages_skip=None, packages_select_regex=None, packages_skip_regex=None, packages_start=None, packages_end=None, allow_overriding=[], cmake_args=None, cmake_target=None, cmake_target_skip_unavailable=False, cmake_clean_cache=False, cmake_clean_first=False, cmake_force_configure=False, ament_cmake_args=None, catkin_cmake_args=None, catkin_skip_building_tests=False, mixin_files=None, mixin=None, verb_parser=<colcon_mixin.mixin.mixin_argument.MixinArgumentDecorator object at 0x7c00a77571f0>, verb_extension=<colcon_core.verb.build.BuildVerb object at 0x7c00a78a4100>, main=<bound method BuildVerb.main of <colcon_core.verb.build.BuildVerb object at 0x7c00a78a4100>>, mixin_verb=('build',))
[0.669s] Level 1:colcon.colcon_core.package_discovery:discover_packages(colcon_meta) check parameters
[0.669s] Level 1:colcon.colcon_core.package_discovery:discover_packages(recursive) check parameters
[0.669s] Level 1:colcon.colcon_core.package_discovery:discover_packages(ignore) check parameters
[0.669s] Level 1:colcon.colcon_core.package_discovery:discover_packages(path) check parameters
[0.669s] Level 1:colcon.colcon_core.package_discovery:discover_packages(colcon_meta) discover
[0.669s] Level 1:colcon.colcon_core.package_discovery:discover_packages(recursive) discover
[0.669s] INFO:colcon.colcon_core.package_discovery:Crawling recursively for packages in '/home/alexnew/bumperbot_ws'
[0.669s] Level 1:colcon.colcon_core.package_identification:_identify(.) by extensions ['ignore', 'ignore_ament_install']
[0.670s] Level 1:colcon.colcon_core.package_identification:_identify(.) by extension 'ignore'
[0.670s] Level 1:colcon.colcon_core.package_identification:_identify(.) by extension 'ignore_ament_install'
[0.670s] Level 1:colcon.colcon_core.package_identification:_identify(.) by extensions ['colcon_pkg']
[0.670s] Level 1:colcon.colcon_core.package_identification:_identify(.) by extension 'colcon_pkg'
[0.670s] Level 1:colcon.colcon_core.package_identification:_identify(.) by extensions ['colcon_meta']
[0.670s] Level 1:colcon.colcon_core.package_identification:_identify(.) by extension 'colcon_meta'
[0.670s] Level 1:colcon.colcon_core.package_identification:_identify(.) by extensions ['ros']
[0.670s] Level 1:colcon.colcon_core.package_identification:_identify(.) by extension 'ros'
[0.686s] Level 1:colcon.colcon_core.package_identification:_identify(.) by extensions ['cmake', 'python']
[0.686s] Level 1:colcon.colcon_core.package_identification:_identify(.) by extension 'cmake'
[0.686s] Level 1:colcon.colcon_core.package_identification:_identify(.) by extension 'python'
[0.686s] Level 1:colcon.colcon_core.package_identification:_identify(.) by extensions ['python_setup_py']
[0.686s] Level 1:colcon.colcon_core.package_identification:_identify(.) by extension 'python_setup_py'
[0.687s] Level 1:colcon.colcon_core.package_identification:_identify(build) by extensions ['ignore', 'ignore_ament_install']
[0.687s] Level 1:colcon.colcon_core.package_identification:_identify(build) by extension 'ignore'
[0.687s] Level 1:colcon.colcon_core.package_identification:_identify(build) ignored
[0.687s] Level 1:colcon.colcon_core.package_identification:_identify(install) by extensions ['ignore', 'ignore_ament_install']
[0.688s] Level 1:colcon.colcon_core.package_identification:_identify(install) by extension 'ignore'
[0.688s] Level 1:colcon.colcon_core.package_identification:_identify(install) ignored
[0.688s] Level 1:colcon.colcon_core.package_identification:_identify(log) by extensions ['ignore', 'ignore_ament_install']
[0.688s] Level 1:colcon.colcon_core.package_identification:_identify(log) by extension 'ignore'
[0.688s] Level 1:colcon.colcon_core.package_identification:_identify(log) ignored
[0.688s] Level 1:colcon.colcon_core.package_identification:_identify(src) by extensions ['ignore', 'ignore_ament_install']
[0.688s] Level 1:colcon.colcon_core.package_identification:_identify(src) by extension 'ignore'
[0.688s] Level 1:colcon.colcon_core.package_identification:_identify(src) by extension 'ignore_ament_install'
[0.688s] Level 1:colcon.colcon_core.package_identification:_identify(src) by extensions ['colcon_pkg']
[0.688s] Level 1:colcon.colcon_core.package_identification:_identify(src) by extension 'colcon_pkg'
[0.689s] Level 1:colcon.colcon_core.package_identification:_identify(src) by extensions ['colcon_meta']
[0.689s] Level 1:colcon.colcon_core.package_identification:_identify(src) by extension 'colcon_meta'
[0.689s] Level 1:colcon.colcon_core.package_identification:_identify(src) by extensions ['ros']
[0.689s] Level 1:colcon.colcon_core.package_identification:_identify(src) by extension 'ros'
[0.689s] Level 1:colcon.colcon_core.package_identification:_identify(src) by extensions ['cmake', 'python']
[0.689s] Level 1:colcon.colcon_core.package_identification:_identify(src) by extension 'cmake'
[0.689s] Level 1:colcon.colcon_core.package_identification:_identify(src) by extension 'python'
[0.689s] Level 1:colcon.colcon_core.package_identification:_identify(src) by extensions ['python_setup_py']
[0.689s] Level 1:colcon.colcon_core.package_identification:_identify(src) by extension 'python_setup_py'
[0.689s] Level 1:colcon.colcon_core.package_identification:_identify(src/bumperbot_controller) by extensions ['ignore', 'ignore_ament_install']
[0.689s] Level 1:colcon.colcon_core.package_identification:_identify(src/bumperbot_controller) by extension 'ignore'
[0.689s] Level 1:colcon.colcon_core.package_identification:_identify(src/bumperbot_controller) by extension 'ignore_ament_install'
[0.689s] Level 1:colcon.colcon_core.package_identification:_identify(src/bumperbot_controller) by extensions ['colcon_pkg']
[0.689s] Level 1:colcon.colcon_core.package_identification:_identify(src/bumperbot_controller) by extension 'colcon_pkg'
[0.689s] Level 1:colcon.colcon_core.package_identification:_identify(src/bumperbot_controller) by extensions ['colcon_meta']
[0.689s] Level 1:colcon.colcon_core.package_identification:_identify(src/bumperbot_controller) by extension 'colcon_meta'
[0.689s] Level 1:colcon.colcon_core.package_identification:_identify(src/bumperbot_controller) by extensions ['ros']
[0.689s] Level 1:colcon.colcon_core.package_identification:_identify(src/bumperbot_controller) by extension 'ros'
[0.695s] DEBUG:colcon.colcon_core.package_identification:Package 'src/bumperbot_controller' with type 'ros.ament_cmake' and name 'bumperbot_controller'
[0.695s] Level 1:colcon.colcon_core.package_identification:_identify(src/bumperbot_description) by extensions ['ignore', 'ignore_ament_install']
[0.696s] Level 1:colcon.colcon_core.package_identification:_identify(src/bumperbot_description) by extension 'ignore'
[0.696s] Level 1:colcon.colcon_core.package_identification:_identify(src/bumperbot_description) by extension 'ignore_ament_install'
[0.696s] Level 1:colcon.colcon_core.package_identification:_identify(src/bumperbot_description) by extensions ['colcon_pkg']
[0.696s] Level 1:colcon.colcon_core.package_identification:_identify(src/bumperbot_description) by extension 'colcon_pkg'
[0.696s] Level 1:colcon.colcon_core.package_identification:_identify(src/bumperbot_description) by extensions ['colcon_meta']
[0.696s] Level 1:colcon.colcon_core.package_identification:_identify(src/bumperbot_description) by extension 'colcon_meta'
[0.696s] Level 1:colcon.colcon_core.package_identification:_identify(src/bumperbot_description) by extensions ['ros']
[0.696s] Level 1:colcon.colcon_core.package_identification:_identify(src/bumperbot_description) by extension 'ros'
[0.710s] DEBUG:colcon.colcon_core.package_identification:Package 'src/bumperbot_description' with type 'ros.ament_cmake' and name 'bumperbot_description'
[0.710s] Level 1:colcon.colcon_core.package_identification:_identify(src/bumperbot_localization) by extensions ['ignore', 'ignore_ament_install']
[0.710s] Level 1:colcon.colcon_core.package_identification:_identify(src/bumperbot_localization) by extension 'ignore'
[0.710s] Level 1:colcon.colcon_core.package_identification:_identify(src/bumperbot_localization) by extension 'ignore_ament_install'
[0.711s] Level 1:colcon.colcon_core.package_identification:_identify(src/bumperbot_localization) by extensions ['colcon_pkg']
[0.711s] Level 1:colcon.colcon_core.package_identification:_identify(src/bumperbot_localization) by extension 'colcon_pkg'
[0.711s] Level 1:colcon.colcon_core.package_identification:_identify(src/bumperbot_localization) by extensions ['colcon_meta']
[0.711s] Level 1:colcon.colcon_core.package_identification:_identify(src/bumperbot_localization) by extension 'colcon_meta'
[0.711s] Level 1:colcon.colcon_core.package_identification:_identify(src/bumperbot_localization) by extensions ['ros']
[0.711s] Level 1:colcon.colcon_core.package_identification:_identify(src/bumperbot_localization) by extension 'ros'
[0.713s] DEBUG:colcon.colcon_core.package_identification:Package 'src/bumperbot_localization' with type 'ros.ament_cmake' and name 'bumperbot_localization'
[0.713s] Level 1:colcon.colcon_core.package_identification:_identify(test_cases) by extensions ['ignore', 'ignore_ament_install']
[0.713s] Level 1:colcon.colcon_core.package_identification:_identify(test_cases) by extension 'ignore'
[0.713s] Level 1:colcon.colcon_core.package_identification:_identify(test_cases) by extension 'ignore_ament_install'
[0.713s] Level 1:colcon.colcon_core.package_identification:_identify(test_cases) by extensions ['colcon_pkg']
[0.713s] Level 1:colcon.colcon_core.package_identification:_identify(test_cases) by extension 'colcon_pkg'
[0.713s] Level 1:colcon.colcon_core.package_identification:_identify(test_cases) by extensions ['colcon_meta']
[0.713s] Level 1:colcon.colcon_core.package_identification:_identify(test_cases) by extension 'colcon_meta'
[0.714s] Level 1:colcon.colcon_core.package_identification:_identify(test_cases) by extensions ['ros']
[0.714s] Level 1:colcon.colcon_core.package_identification:_identify(test_cases) by extension 'ros'
[0.714s] Level 1:colcon.colcon_core.package_identification:_identify(test_cases) by extensions ['cmake', 'python']
[0.714s] Level 1:colcon.colcon_core.package_identification:_identify(test_cases) by extension 'cmake'
[0.714s] Level 1:colcon.colcon_core.package_identification:_identify(test_cases) by extension 'python'
[0.714s] Level 1:colcon.colcon_core.package_identification:_identify(test_cases) by extensions ['python_setup_py']
[0.715s] Level 1:colcon.colcon_core.package_identification:_identify(test_cases) by extension 'python_setup_py'
[0.715s] Level 1:colcon.colcon_core.package_identification:_identify(test_cases/case_1_no_slip_v2) by extensions ['ignore', 'ignore_ament_install']
[0.715s] Level 1:colcon.colcon_core.package_identification:_identify(test_cases/case_1_no_slip_v2) by extension 'ignore'
[0.715s] Level 1:colcon.colcon_core.package_identification:_identify(test_cases/case_1_no_slip_v2) by extension 'ignore_ament_install'
[0.715s] Level 1:colcon.colcon_core.package_identification:_identify(test_cases/case_1_no_slip_v2) by extensions ['colcon_pkg']
[0.715s] Level 1:colcon.colcon_core.package_identification:_identify(test_cases/case_1_no_slip_v2) by extension 'colcon_pkg'
[0.715s] Level 1:colcon.colcon_core.package_identification:_identify(test_cases/case_1_no_slip_v2) by extensions ['colcon_meta']
[0.715s] Level 1:colcon.colcon_core.package_identification:_identify(test_cases/case_1_no_slip_v2) by extension 'colcon_meta'
[0.715s] Level 1:colcon.colcon_core.package_identification:_identify(test_cases/case_1_no_slip_v2) by extensions ['ros']
[0.715s] Level 1:colcon.colcon_core.package_identification:_identify(test_cases/case_1_no_slip_v2) by extension 'ros'
[0.715s] Level 1:colcon.colcon_core.package_identification:_identify(test_cases/case_1_no_slip_v2) by extensions ['cmake', 'python']
[0.715s] Level 1:colcon.colcon_core.package_identification:_identify(test_cases/case_1_no_slip_v2) by extension 'cmake'
[0.715s] Level 1:colcon.colcon_core.package_identification:_identify(test_cases/case_1_no_slip_v2) by extension 'python'
[0.715s] Level 1:colcon.colcon_core.package_identification:_identify(test_cases/case_1_no_slip_v2) by extensions ['python_setup_py']
[0.715s] Level 1:colcon.colcon_core.package_identification:_identify(test_cases/case_1_no_slip_v2) by extension 'python_setup_py'
[0.715s] Level 1:colcon.colcon_core.package_discovery:discover_packages(recursive) using defaults
[0.715s] Level 1:colcon.colcon_core.package_discovery:discover_packages(ignore) discover
[0.715s] Level 1:colcon.colcon_core.package_discovery:discover_packages(ignore) using defaults
[0.715s] Level 1:colcon.colcon_core.package_discovery:discover_packages(path) discover
[0.715s] Level 1:colcon.colcon_core.package_discovery:discover_packages(path) using defaults
[0.753s] Level 1:colcon.colcon_core.package_discovery:discover_packages(prefix_path) check parameters
[0.753s] Level 1:colcon.colcon_core.package_discovery:discover_packages(prefix_path) discover
[0.760s] DEBUG:colcon.colcon_installed_package_information.package_discovery:Found 6 installed packages in /home/alexnew/bumperbot_ws/install
[0.762s] DEBUG:colcon.colcon_installed_package_information.package_discovery:Found 434 installed packages in /opt/ros/humble
[0.764s] Level 1:colcon.colcon_core.package_discovery:discover_packages(prefix_path) using defaults
[0.823s] Level 5:colcon.colcon_core.verb:set package 'bumperbot_controller' build argument 'cmake_args' from command line to 'None'
[0.824s] Level 5:colcon.colcon_core.verb:set package 'bumperbot_controller' build argument 'cmake_target' from command line to 'None'
[0.824s] Level 5:colcon.colcon_core.verb:set package 'bumperbot_controller' build argument 'cmake_target_skip_unavailable' from command line to 'False'
[0.824s] Level 5:colcon.colcon_core.verb:set package 'bumperbot_controller' build argument 'cmake_clean_cache' from command line to 'False'
[0.824s] Level 5:colcon.colcon_core.verb:set package 'bumperbot_controller' build argument 'cmake_clean_first' from command line to 'False'
[0.824s] Level 5:colcon.colcon_core.verb:set package 'bumperbot_controller' build argument 'cmake_force_configure' from command line to 'False'
[0.824s] Level 5:colcon.colcon_core.verb:set package 'bumperbot_controller' build argument 'ament_cmake_args' from command line to 'None'
[0.824s] Level 5:colcon.colcon_core.verb:set package 'bumperbot_controller' build argument 'catkin_cmake_args' from command line to 'None'
[0.824s] Level 5:colcon.colcon_core.verb:set package 'bumperbot_controller' build argument 'catkin_skip_building_tests' from command line to 'False'
[0.824s] DEBUG:colcon.colcon_core.verb:Building package 'bumperbot_controller' with the following arguments: {'ament_cmake_args': None, 'build_base': '/home/alexnew/bumperbot_ws/build/bumperbot_controller', 'catkin_cmake_args': None, 'catkin_skip_building_tests': False, 'cmake_args': None, 'cmake_clean_cache': False, 'cmake_clean_first': False, 'cmake_force_configure': False, 'cmake_target': None, 'cmake_target_skip_unavailable': False, 'install_base': '/home/alexnew/bumperbot_ws/install/bumperbot_controller', 'merge_install': False, 'path': '/home/alexnew/bumperbot_ws/src/bumperbot_controller', 'symlink_install': False, 'test_result_base': None}
[0.824s] Level 5:colcon.colcon_core.verb:set package 'bumperbot_description' build argument 'cmake_args' from command line to 'None'
[0.825s] Level 5:colcon.colcon_core.verb:set package 'bumperbot_description' build argument 'cmake_target' from command line to 'None'
[0.825s] Level 5:colcon.colcon_core.verb:set package 'bumperbot_description' build argument 'cmake_target_skip_unavailable' from command line to 'False'
[0.825s] Level 5:colcon.colcon_core.verb:set package 'bumperbot_description' build argument 'cmake_clean_cache' from command line to 'False'
[0.825s] Level 5:colcon.colcon_core.verb:set package 'bumperbot_description' build argument 'cmake_clean_first' from command line to 'False'
[0.825s] Level 5:colcon.colcon_core.verb:set package 'bumperbot_description' build argument 'cmake_force_configure' from command line to 'False'
[0.825s] Level 5:colcon.colcon_core.verb:set package 'bumperbot_description' build argument 'ament_cmake_args' from command line to 'None'
[0.825s] Level 5:colcon.colcon_core.verb:set package 'bumperbot_description' build argument 'catkin_cmake_args' from command line to 'None'
[0.825s] Level 5:colcon.colcon_core.verb:set package 'bumperbot_description' build argument 'catkin_skip_building_tests' from command line to 'False'
[0.825s] DEBUG:colcon.colcon_core.verb:Building package 'bumperbot_description' with the following arguments: {'ament_cmake_args': None, 'build_base': '/home/alexnew/bumperbot_ws/build/bumperbot_description', 'catkin_cmake_args': None, 'catkin_skip_building_tests': False, 'cmake_args': None, 'cmake_clean_cache': False, 'cmake_clean_first': False, 'cmake_force_configure': False, 'cmake_target': None, 'cmake_target_skip_unavailable': False, 'install_base': '/home/alexnew/bumperbot_ws/install/bumperbot_description', 'merge_install': False, 'path': '/home/alexnew/bumperbot_ws/src/bumperbot_description', 'symlink_install': False, 'test_result_base': None}
[0.825s] Level 5:colcon.colcon_core.verb:set package 'bumperbot_localization' build argument 'cmake_args' from command line to 'None'
[0.826s] Level 5:colcon.colcon_core.verb:set package 'bumperbot_localization' build argument 'cmake_target' from command line to 'None'
[0.826s] Level 5:colcon.colcon_core.verb:set package 'bumperbot_localization' build argument 'cmake_target_skip_unavailable' from command line to 'False'
[0.826s] Level 5:colcon.colcon_core.verb:set package 'bumperbot_localization' build argument 'cmake_clean_cache' from command line to 'False'
[0.826s] Level 5:colcon.colcon_core.verb:set package 'bumperbot_localization' build argument 'cmake_clean_first' from command line to 'False'
[0.826s] Level 5:colcon.colcon_core.verb:set package 'bumperbot_localization' build argument 'cmake_force_configure' from command line to 'False'
[0.826s] Level 5:colcon.colcon_core.verb:set package 'bumperbot_localization' build argument 'ament_cmake_args' from command line to 'None'
[0.826s] Level 5:colcon.colcon_core.verb:set package 'bumperbot_localization' build argument 'catkin_cmake_args' from command line to 'None'
[0.826s] Level 5:colcon.colcon_core.verb:set package 'bumperbot_localization' build argument 'catkin_skip_building_tests' from command line to 'False'
[0.826s] DEBUG:colcon.colcon_core.verb:Building package 'bumperbot_localization' with the following arguments: {'ament_cmake_args': None, 'build_base': '/home/alexnew/bumperbot_ws/build/bumperbot_localization', 'catkin_cmake_args': None, 'catkin_skip_building_tests': False, 'cmake_args': None, 'cmake_clean_cache': False, 'cmake_clean_first': False, 'cmake_force_configure': False, 'cmake_target': None, 'cmake_target_skip_unavailable': False, 'install_base': '/home/alexnew/bumperbot_ws/install/bumperbot_localization', 'merge_install': False, 'path': '/home/alexnew/bumperbot_ws/src/bumperbot_localization', 'symlink_install': False, 'test_result_base': None}
[0.826s] INFO:colcon.colcon_core.executor:Executing jobs using 'parallel' executor
[0.829s] DEBUG:colcon.colcon_parallel_executor.executor.parallel:run_until_complete
[0.829s] INFO:colcon.colcon_ros.task.ament_cmake.build:Building ROS package in '/home/alexnew/bumperbot_ws/src/bumperbot_controller' with build type 'ament_cmake'
[0.830s] INFO:colcon.colcon_cmake.task.cmake.build:Building CMake package in '/home/alexnew/bumperbot_ws/src/bumperbot_controller'
[0.840s] INFO:colcon.colcon_core.plugin_system:Skipping extension 'colcon_core.shell.bat': Not used on non-Windows systems
[0.841s] INFO:colcon.colcon_core.shell:Skip shell extension 'powershell' for command environment: Not usable outside of PowerShell
[0.841s] DEBUG:colcon.colcon_core.shell:Skip shell extension 'dsv' for command environment
[0.855s] INFO:colcon.colcon_ros.task.ament_cmake.build:Building ROS package in '/home/alexnew/bumperbot_ws/src/bumperbot_description' with build type 'ament_cmake'
[0.855s] INFO:colcon.colcon_cmake.task.cmake.build:Building CMake package in '/home/alexnew/bumperbot_ws/src/bumperbot_description'
[0.856s] INFO:colcon.colcon_core.shell:Skip shell extension 'powershell' for command environment: Not usable outside of PowerShell
[0.856s] DEBUG:colcon.colcon_core.shell:Skip shell extension 'dsv' for command environment
[0.866s] INFO:colcon.colcon_ros.task.ament_cmake.build:Building ROS package in '/home/alexnew/bumperbot_ws/src/bumperbot_localization' with build type 'ament_cmake'
[0.866s] INFO:colcon.colcon_cmake.task.cmake.build:Building CMake package in '/home/alexnew/bumperbot_ws/src/bumperbot_localization'
[0.867s] INFO:colcon.colcon_core.shell:Skip shell extension 'powershell' for command environment: Not usable outside of PowerShell
[0.868s] DEBUG:colcon.colcon_core.shell:Skip shell extension 'dsv' for command environment
[0.891s] DEBUG:colcon.colcon_core.event_handler.log_command:Invoking command in '/home/alexnew/bumperbot_ws/build/bumperbot_controller': CMAKE_PREFIX_PATH=${CMAKE_PREFIX_PATH}:/home/alexnew/bumperbot_ws/install/bumperbot_py_examples:/opt/ros/humble /usr/bin/cmake --build /home/alexnew/bumperbot_ws/build/bumperbot_controller -- -j4 -l4
[0.920s] DEBUG:colcon.colcon_core.event_handler.log_command:Invoking command in '/home/alexnew/bumperbot_ws/build/bumperbot_description': CMAKE_PREFIX_PATH=${CMAKE_PREFIX_PATH}:/home/alexnew/bumperbot_ws/install/bumperbot_py_examples:/opt/ros/humble /usr/bin/cmake --build /home/alexnew/bumperbot_ws/build/bumperbot_description -- -j4 -l4
[0.943s] DEBUG:colcon.colcon_core.event_handler.log_command:Invoking command in '/home/alexnew/bumperbot_ws/build/bumperbot_localization': CMAKE_PREFIX_PATH=${CMAKE_PREFIX_PATH}:/home/alexnew/bumperbot_ws/install/bumperbot_py_examples:/opt/ros/humble /usr/bin/cmake --build /home/alexnew/bumperbot_ws/build/bumperbot_localization -- -j4 -l4
[1.073s] DEBUG:colcon.colcon_core.event_handler.log_command:Invoked command in '/home/alexnew/bumperbot_ws/build/bumperbot_description' returned '0': CMAKE_PREFIX_PATH=${CMAKE_PREFIX_PATH}:/home/alexnew/bumperbot_ws/install/bumperbot_py_examples:/opt/ros/humble /usr/bin/cmake --build /home/alexnew/bumperbot_ws/build/bumperbot_description -- -j4 -l4
[1.141s] DEBUG:colcon.colcon_core.event_handler.log_command:Invoking command in '/home/alexnew/bumperbot_ws/build/bumperbot_description': CMAKE_PREFIX_PATH=${CMAKE_PREFIX_PATH}:/home/alexnew/bumperbot_ws/install/bumperbot_py_examples:/opt/ros/humble /usr/bin/cmake --install /home/alexnew/bumperbot_ws/build/bumperbot_description
[1.250s] Level 1:colcon.colcon_core.environment:create_environment_scripts_only(bumperbot_description)
[1.270s] DEBUG:colcon.colcon_core.event_handler.log_command:Invoked command in '/home/alexnew/bumperbot_ws/build/bumperbot_description' returned '0': CMAKE_PREFIX_PATH=${CMAKE_PREFIX_PATH}:/home/alexnew/bumperbot_ws/install/bumperbot_py_examples:/opt/ros/humble /usr/bin/cmake --install /home/alexnew/bumperbot_ws/build/bumperbot_description
[1.308s] Level 1:colcon.colcon_core.environment:checking '/home/alexnew/bumperbot_ws/install/bumperbot_description' for CMake module files
[1.313s] Level 1:colcon.colcon_core.environment:checking '/home/alexnew/bumperbot_ws/install/bumperbot_description' for CMake config files
[1.314s] Level 1:colcon.colcon_core.shell:create_environment_hook('bumperbot_description', 'cmake_prefix_path')
[1.314s] INFO:colcon.colcon_core.shell:Creating environment hook '/home/alexnew/bumperbot_ws/install/bumperbot_description/share/bumperbot_description/hook/cmake_prefix_path.ps1'
[1.318s] INFO:colcon.colcon_core.shell:Creating environment descriptor '/home/alexnew/bumperbot_ws/install/bumperbot_description/share/bumperbot_description/hook/cmake_prefix_path.dsv'
[1.320s] INFO:colcon.colcon_core.shell:Creating environment hook '/home/alexnew/bumperbot_ws/install/bumperbot_description/share/bumperbot_description/hook/cmake_prefix_path.sh'
[1.323s] Level 1:colcon.colcon_core.environment:checking '/home/alexnew/bumperbot_ws/install/bumperbot_description/bin'
[1.323s] Level 1:colcon.colcon_core.environment:checking '/home/alexnew/bumperbot_ws/install/bumperbot_description/lib/pkgconfig/bumperbot_description.pc'
[1.324s] Level 1:colcon.colcon_core.environment:checking '/home/alexnew/bumperbot_ws/install/bumperbot_description/lib/python3.10/site-packages'
[1.324s] Level 1:colcon.colcon_core.environment:checking '/home/alexnew/bumperbot_ws/install/bumperbot_description/bin'
[1.325s] INFO:colcon.colcon_core.shell:Creating package script '/home/alexnew/bumperbot_ws/install/bumperbot_description/share/bumperbot_description/package.ps1'
[1.328s] INFO:colcon.colcon_core.shell:Creating package descriptor '/home/alexnew/bumperbot_ws/install/bumperbot_description/share/bumperbot_description/package.dsv'
[1.330s] INFO:colcon.colcon_core.shell:Creating package script '/home/alexnew/bumperbot_ws/install/bumperbot_description/share/bumperbot_description/package.sh'
[1.332s] INFO:colcon.colcon_core.shell:Creating package script '/home/alexnew/bumperbot_ws/install/bumperbot_description/share/bumperbot_description/package.bash'
[1.335s] INFO:colcon.colcon_core.shell:Creating package script '/home/alexnew/bumperbot_ws/install/bumperbot_description/share/bumperbot_description/package.zsh'
[1.337s] Level 1:colcon.colcon_core.environment:create_file_with_runtime_dependencies(/home/alexnew/bumperbot_ws/install/bumperbot_description/share/colcon-core/packages/bumperbot_description)
[1.339s] Level 1:colcon.colcon_core.environment:create_environment_scripts_only(bumperbot_description)
[1.340s] Level 1:colcon.colcon_core.environment:checking '/home/alexnew/bumperbot_ws/install/bumperbot_description' for CMake module files
[1.341s] Level 1:colcon.colcon_core.environment:checking '/home/alexnew/bumperbot_ws/install/bumperbot_description' for CMake config files
[1.342s] Level 1:colcon.colcon_core.shell:create_environment_hook('bumperbot_description', 'cmake_prefix_path')
[1.342s] INFO:colcon.colcon_core.shell:Creating environment hook '/home/alexnew/bumperbot_ws/install/bumperbot_description/share/bumperbot_description/hook/cmake_prefix_path.ps1'
[1.343s] INFO:colcon.colcon_core.shell:Creating environment descriptor '/home/alexnew/bumperbot_ws/install/bumperbot_description/share/bumperbot_description/hook/cmake_prefix_path.dsv'
[1.344s] INFO:colcon.colcon_core.shell:Creating environment hook '/home/alexnew/bumperbot_ws/install/bumperbot_description/share/bumperbot_description/hook/cmake_prefix_path.sh'
[1.345s] Level 1:colcon.colcon_core.environment:checking '/home/alexnew/bumperbot_ws/install/bumperbot_description/bin'
[1.346s] Level 1:colcon.colcon_core.environment:checking '/home/alexnew/bumperbot_ws/install/bumperbot_description/lib/pkgconfig/bumperbot_description.pc'
[1.346s] Level 1:colcon.colcon_core.environment:checking '/home/alexnew/bumperbot_ws/install/bumperbot_description/lib/python3.10/site-packages'
[1.347s] Level 1:colcon.colcon_core.environment:checking '/home/alexnew/bumperbot_ws/install/bumperbot_description/bin'
[1.347s] INFO:colcon.colcon_core.shell:Creating package script '/home/alexnew/bumperbot_ws/install/bumperbot_description/share/bumperbot_description/package.ps1'
[1.348s] INFO:colcon.colcon_core.shell:Creating package descriptor '/home/alexnew/bumperbot_ws/install/bumperbot_description/share/bumperbot_description/package.dsv'
[1.349s] INFO:colcon.colcon_core.shell:Creating package script '/home/alexnew/bumperbot_ws/install/bumperbot_description/share/bumperbot_description/package.sh'
[1.351s] INFO:colcon.colcon_core.shell:Creating package script '/home/alexnew/bumperbot_ws/install/bumperbot_description/share/bumperbot_description/package.bash'
[1.352s] INFO:colcon.colcon_core.shell:Creating package script '/home/alexnew/bumperbot_ws/install/bumperbot_description/share/bumperbot_description/package.zsh'
[1.353s] Level 1:colcon.colcon_core.environment:create_file_with_runtime_dependencies(/home/alexnew/bumperbot_ws/install/bumperbot_description/share/colcon-core/packages/bumperbot_description)
[1.732s] DEBUG:colcon.colcon_core.event_handler.log_command:Invoked command in '/home/alexnew/bumperbot_ws/build/bumperbot_localization' returned '0': CMAKE_PREFIX_PATH=${CMAKE_PREFIX_PATH}:/home/alexnew/bumperbot_ws/install/bumperbot_py_examples:/opt/ros/humble /usr/bin/cmake --build /home/alexnew/bumperbot_ws/build/bumperbot_localization -- -j4 -l4
[1.734s] DEBUG:colcon.colcon_core.event_handler.log_command:Invoking command in '/home/alexnew/bumperbot_ws/build/bumperbot_localization': CMAKE_PREFIX_PATH=${CMAKE_PREFIX_PATH}:/home/alexnew/bumperbot_ws/install/bumperbot_py_examples:/opt/ros/humble /usr/bin/cmake --install /home/alexnew/bumperbot_ws/build/bumperbot_localization
[1.792s] DEBUG:colcon.colcon_core.event_handler.log_command:Invoked command in '/home/alexnew/bumperbot_ws/build/bumperbot_controller' returned '0': CMAKE_PREFIX_PATH=${CMAKE_PREFIX_PATH}:/home/alexnew/bumperbot_ws/install/bumperbot_py_examples:/opt/ros/humble /usr/bin/cmake --build /home/alexnew/bumperbot_ws/build/bumperbot_controller -- -j4 -l4
[1.795s] DEBUG:colcon.colcon_core.event_handler.log_command:Invoking command in '/home/alexnew/bumperbot_ws/build/bumperbot_controller': CMAKE_PREFIX_PATH=${CMAKE_PREFIX_PATH}:/home/alexnew/bumperbot_ws/install/bumperbot_py_examples:/opt/ros/humble /usr/bin/cmake --install /home/alexnew/bumperbot_ws/build/bumperbot_controller
[1.824s] Level 1:colcon.colcon_core.environment:create_environment_scripts_only(bumperbot_localization)
[1.825s] Level 1:colcon.colcon_core.environment:checking '/home/alexnew/bumperbot_ws/install/bumperbot_localization' for CMake module files
[1.825s] Level 1:colcon.colcon_core.environment:checking '/home/alexnew/bumperbot_ws/install/bumperbot_localization' for CMake config files
[1.829s] DEBUG:colcon.colcon_core.event_handler.log_command:Invoked command in '/home/alexnew/bumperbot_ws/build/bumperbot_localization' returned '0': CMAKE_PREFIX_PATH=${CMAKE_PREFIX_PATH}:/home/alexnew/bumperbot_ws/install/bumperbot_py_examples:/opt/ros/humble /usr/bin/cmake --install /home/alexnew/bumperbot_ws/build/bumperbot_localization
[1.830s] Level 1:colcon.colcon_core.shell:create_environment_hook('bumperbot_localization', 'cmake_prefix_path')
[1.830s] INFO:colcon.colcon_core.shell:Creating environment hook '/home/alexnew/bumperbot_ws/install/bumperbot_localization/share/bumperbot_localization/hook/cmake_prefix_path.ps1'
[1.831s] INFO:colcon.colcon_core.shell:Creating environment descriptor '/home/alexnew/bumperbot_ws/install/bumperbot_localization/share/bumperbot_localization/hook/cmake_prefix_path.dsv'
[1.832s] INFO:colcon.colcon_core.shell:Creating environment hook '/home/alexnew/bumperbot_ws/install/bumperbot_localization/share/bumperbot_localization/hook/cmake_prefix_path.sh'
[1.833s] Level 1:colcon.colcon_core.environment:checking '/home/alexnew/bumperbot_ws/install/bumperbot_localization/lib'
[1.833s] Level 1:colcon.colcon_core.environment:checking '/home/alexnew/bumperbot_ws/install/bumperbot_localization/bin'
[1.833s] Level 1:colcon.colcon_core.environment:checking '/home/alexnew/bumperbot_ws/install/bumperbot_localization/lib/pkgconfig/bumperbot_localization.pc'
[1.833s] Level 1:colcon.colcon_core.environment:checking '/home/alexnew/bumperbot_ws/install/bumperbot_localization/lib/python3.10/site-packages'
[1.834s] Level 1:colcon.colcon_core.environment:checking '/home/alexnew/bumperbot_ws/install/bumperbot_localization/bin'
[1.834s] INFO:colcon.colcon_core.shell:Creating package script '/home/alexnew/bumperbot_ws/install/bumperbot_localization/share/bumperbot_localization/package.ps1'
[1.835s] INFO:colcon.colcon_core.shell:Creating package descriptor '/home/alexnew/bumperbot_ws/install/bumperbot_localization/share/bumperbot_localization/package.dsv'
[1.836s] INFO:colcon.colcon_core.shell:Creating package script '/home/alexnew/bumperbot_ws/install/bumperbot_localization/share/bumperbot_localization/package.sh'
[1.837s] INFO:colcon.colcon_core.shell:Creating package script '/home/alexnew/bumperbot_ws/install/bumperbot_localization/share/bumperbot_localization/package.bash'
[1.838s] INFO:colcon.colcon_core.shell:Creating package script '/home/alexnew/bumperbot_ws/install/bumperbot_localization/share/bumperbot_localization/package.zsh'
[1.838s] Level 1:colcon.colcon_core.environment:create_file_with_runtime_dependencies(/home/alexnew/bumperbot_ws/install/bumperbot_localization/share/colcon-core/packages/bumperbot_localization)
[1.839s] Level 1:colcon.colcon_core.environment:create_environment_scripts_only(bumperbot_localization)
[1.840s] Level 1:colcon.colcon_core.environment:checking '/home/alexnew/bumperbot_ws/install/bumperbot_localization' for CMake module files
[1.840s] Level 1:colcon.colcon_core.environment:checking '/home/alexnew/bumperbot_ws/install/bumperbot_localization' for CMake config files
[1.841s] Level 1:colcon.colcon_core.shell:create_environment_hook('bumperbot_localization', 'cmake_prefix_path')
[1.841s] INFO:colcon.colcon_core.shell:Creating environment hook '/home/alexnew/bumperbot_ws/install/bumperbot_localization/share/bumperbot_localization/hook/cmake_prefix_path.ps1'
[1.842s] INFO:colcon.colcon_core.shell:Creating environment descriptor '/home/alexnew/bumperbot_ws/install/bumperbot_localization/share/bumperbot_localization/hook/cmake_prefix_path.dsv'
[1.842s] INFO:colcon.colcon_core.shell:Creating environment hook '/home/alexnew/bumperbot_ws/install/bumperbot_localization/share/bumperbot_localization/hook/cmake_prefix_path.sh'
[1.843s] Level 1:colcon.colcon_core.environment:checking '/home/alexnew/bumperbot_ws/install/bumperbot_localization/lib'
[1.843s] Level 1:colcon.colcon_core.environment:checking '/home/alexnew/bumperbot_ws/install/bumperbot_localization/bin'
[1.843s] Level 1:colcon.colcon_core.environment:checking '/home/alexnew/bumperbot_ws/install/bumperbot_localization/lib/pkgconfig/bumperbot_localization.pc'
[1.844s] Level 1:colcon.colcon_core.environment:checking '/home/alexnew/bumperbot_ws/install/bumperbot_localization/lib/python3.10/site-packages'
[1.844s] Level 1:colcon.colcon_core.environment:checking '/home/alexnew/bumperbot_ws/install/bumperbot_localization/bin'
[1.844s] INFO:colcon.colcon_core.shell:Creating package script '/home/alexnew/bumperbot_ws/install/bumperbot_localization/share/bumperbot_localization/package.ps1'
[1.845s] INFO:colcon.colcon_core.shell:Creating package descriptor '/home/alexnew/bumperbot_ws/install/bumperbot_localization/share/bumperbot_localization/package.dsv'
[1.846s] INFO:colcon.colcon_core.shell:Creating package script '/home/alexnew/bumperbot_ws/install/bumperbot_localization/share/bumperbot_localization/package.sh'
[1.847s] INFO:colcon.colcon_core.shell:Creating package script '/home/alexnew/bumperbot_ws/install/bumperbot_localization/share/bumperbot_localization/package.bash'
[1.847s] INFO:colcon.colcon_core.shell:Creating package script '/home/alexnew/bumperbot_ws/install/bumperbot_localization/share/bumperbot_localization/package.zsh'
[1.848s] Level 1:colcon.colcon_core.environment:create_file_with_runtime_dependencies(/home/alexnew/bumperbot_ws/install/bumperbot_localization/share/colcon-core/packages/bumperbot_localization)
[1.897s] Level 1:colcon.colcon_core.environment:create_environment_scripts_only(bumperbot_controller)
[1.898s] Level 1:colcon.colcon_core.environment:checking '/home/alexnew/bumperbot_ws/install/bumperbot_controller' for CMake module files
[1.899s] DEBUG:colcon.colcon_core.event_handler.log_command:Invoked command in '/home/alexnew/bumperbot_ws/build/bumperbot_controller' returned '0': CMAKE_PREFIX_PATH=${CMAKE_PREFIX_PATH}:/home/alexnew/bumperbot_ws/install/bumperbot_py_examples:/opt/ros/humble /usr/bin/cmake --install /home/alexnew/bumperbot_ws/build/bumperbot_controller
[1.900s] Level 1:colcon.colcon_core.environment:checking '/home/alexnew/bumperbot_ws/install/bumperbot_controller' for CMake config files
[1.900s] Level 1:colcon.colcon_core.shell:create_environment_hook('bumperbot_controller', 'cmake_prefix_path')
[1.901s] INFO:colcon.colcon_core.shell:Creating environment hook '/home/alexnew/bumperbot_ws/install/bumperbot_controller/share/bumperbot_controller/hook/cmake_prefix_path.ps1'
[1.901s] INFO:colcon.colcon_core.shell:Creating environment descriptor '/home/alexnew/bumperbot_ws/install/bumperbot_controller/share/bumperbot_controller/hook/cmake_prefix_path.dsv'
[1.903s] INFO:colcon.colcon_core.shell:Creating environment hook '/home/alexnew/bumperbot_ws/install/bumperbot_controller/share/bumperbot_controller/hook/cmake_prefix_path.sh'
[1.904s] Level 1:colcon.colcon_core.environment:checking '/home/alexnew/bumperbot_ws/install/bumperbot_controller/lib'
[1.904s] Level 1:colcon.colcon_core.environment:checking '/home/alexnew/bumperbot_ws/install/bumperbot_controller/bin'
[1.905s] Level 1:colcon.colcon_core.environment:checking '/home/alexnew/bumperbot_ws/install/bumperbot_controller/lib/pkgconfig/bumperbot_controller.pc'
[1.905s] Level 1:colcon.colcon_core.environment:checking '/home/alexnew/bumperbot_ws/install/bumperbot_controller/lib/python3.10/site-packages'
[1.906s] Level 1:colcon.colcon_core.environment:checking '/home/alexnew/bumperbot_ws/install/bumperbot_controller/bin'
[1.906s] INFO:colcon.colcon_core.shell:Creating package script '/home/alexnew/bumperbot_ws/install/bumperbot_controller/share/bumperbot_controller/package.ps1'
[1.908s] INFO:colcon.colcon_core.shell:Creating package descriptor '/home/alexnew/bumperbot_ws/install/bumperbot_controller/share/bumperbot_controller/package.dsv'
[1.908s] INFO:colcon.colcon_core.shell:Creating package script '/home/alexnew/bumperbot_ws/install/bumperbot_controller/share/bumperbot_controller/package.sh'
[1.909s] INFO:colcon.colcon_core.shell:Creating package script '/home/alexnew/bumperbot_ws/install/bumperbot_controller/share/bumperbot_controller/package.bash'
[1.910s] INFO:colcon.colcon_core.shell:Creating package script '/home/alexnew/bumperbot_ws/install/bumperbot_controller/share/bumperbot_controller/package.zsh'
[1.911s] Level 1:colcon.colcon_core.environment:create_file_with_runtime_dependencies(/home/alexnew/bumperbot_ws/install/bumperbot_controller/share/colcon-core/packages/bumperbot_controller)
[1.912s] Level 1:colcon.colcon_core.environment:create_environment_scripts_only(bumperbot_controller)
[1.912s] Level 1:colcon.colcon_core.environment:checking '/home/alexnew/bumperbot_ws/install/bumperbot_controller' for CMake module files
[1.913s] Level 1:colcon.colcon_core.environment:checking '/home/alexnew/bumperbot_ws/install/bumperbot_controller' for CMake config files
[1.913s] Level 1:colcon.colcon_core.shell:create_environment_hook('bumperbot_controller', 'cmake_prefix_path')
[1.913s] INFO:colcon.colcon_core.shell:Creating environment hook '/home/alexnew/bumperbot_ws/install/bumperbot_controller/share/bumperbot_controller/hook/cmake_prefix_path.ps1'
[1.914s] INFO:colcon.colcon_core.shell:Creating environment descriptor '/home/alexnew/bumperbot_ws/install/bumperbot_controller/share/bumperbot_controller/hook/cmake_prefix_path.dsv'
[1.914s] INFO:colcon.colcon_core.shell:Creating environment hook '/home/alexnew/bumperbot_ws/install/bumperbot_controller/share/bumperbot_controller/hook/cmake_prefix_path.sh'
[1.915s] Level 1:colcon.colcon_core.environment:checking '/home/alexnew/bumperbot_ws/install/bumperbot_controller/lib'
[1.915s] Level 1:colcon.colcon_core.environment:checking '/home/alexnew/bumperbot_ws/install/bumperbot_controller/bin'
[1.916s] Level 1:colcon.colcon_core.environment:checking '/home/alexnew/bumperbot_ws/install/bumperbot_controller/lib/pkgconfig/bumperbot_controller.pc'
[1.916s] Level 1:colcon.colcon_core.environment:checking '/home/alexnew/bumperbot_ws/install/bumperbot_controller/lib/python3.10/site-packages'
[1.916s] Level 1:colcon.colcon_core.environment:checking '/home/alexnew/bumperbot_ws/install/bumperbot_controller/bin'
[1.916s] INFO:colcon.colcon_core.shell:Creating package script '/home/alexnew/bumperbot_ws/install/bumperbot_controller/share/bumperbot_controller/package.ps1'
[1.917s] INFO:colcon.colcon_core.shell:Creating package descriptor '/home/alexnew/bumperbot_ws/install/bumperbot_controller/share/bumperbot_controller/package.dsv'
[1.918s] INFO:colcon.colcon_core.shell:Creating package script '/home/alexnew/bumperbot_ws/install/bumperbot_controller/share/bumperbot_controller/package.sh'
[1.919s] INFO:colcon.colcon_core.shell:Creating package script '/home/alexnew/bumperbot_ws/install/bumperbot_controller/share/bumperbot_controller/package.bash'
[1.920s] INFO:colcon.colcon_core.shell:Creating package script '/home/alexnew/bumperbot_ws/install/bumperbot_controller/share/bumperbot_controller/package.zsh'
[1.920s] Level 1:colcon.colcon_core.environment:create_file_with_runtime_dependencies(/home/alexnew/bumperbot_ws/install/bumperbot_controller/share/colcon-core/packages/bumperbot_controller)
[1.921s] DEBUG:colcon.colcon_parallel_executor.executor.parallel:closing loop
[1.921s] DEBUG:colcon.colcon_parallel_executor.executor.parallel:loop closed
[1.921s] DEBUG:colcon.colcon_parallel_executor.executor.parallel:run_until_complete finished with '0'
[1.921s] DEBUG:colcon.colcon_core.event_reactor:joining thread
[1.928s] DEBUG:colcon.colcon_core.event_reactor:joined thread
[1.929s] INFO:colcon.colcon_core.shell:Creating prefix script '/home/alexnew/bumperbot_ws/install/local_setup.ps1'
[1.932s] INFO:colcon.colcon_core.shell:Creating prefix util module '/home/alexnew/bumperbot_ws/install/_local_setup_util_ps1.py'
[1.934s] INFO:colcon.colcon_core.shell:Creating prefix chain script '/home/alexnew/bumperbot_ws/install/setup.ps1'
[1.937s] INFO:colcon.colcon_core.shell:Creating prefix script '/home/alexnew/bumperbot_ws/install/local_setup.sh'
[1.939s] INFO:colcon.colcon_core.shell:Creating prefix util module '/home/alexnew/bumperbot_ws/install/_local_setup_util_sh.py'
[1.941s] INFO:colcon.colcon_core.shell:Creating prefix chain script '/home/alexnew/bumperbot_ws/install/setup.sh'
[1.944s] INFO:colcon.colcon_core.shell:Creating prefix script '/home/alexnew/bumperbot_ws/install/local_setup.bash'
[1.945s] INFO:colcon.colcon_core.shell:Creating prefix chain script '/home/alexnew/bumperbot_ws/install/setup.bash'
[1.947s] INFO:colcon.colcon_core.shell:Creating prefix script '/home/alexnew/bumperbot_ws/install/local_setup.zsh'
[1.948s] INFO:colcon.colcon_core.shell:Creating prefix chain script '/home/alexnew/bumperbot_ws/install/setup.zsh'
