[0.042s] Invoking command in '/home/alexnew/bumperbot_ws/build/bumperbot_msgs': CMAKE_PREFIX_PATH=${CMAKE_PREFIX_PATH}:/home/alexnew/bumperbot_ws/install/bumperbot_py_examples:/opt/ros/humble /usr/bin/cmake --build /home/alexnew/bumperbot_ws/build/bumperbot_msgs -- -j4 -l4
[0.119s] [35m[1mConsolidate compiler generated dependencies of target bumperbot_msgs__rosidl_generator_c[0m
[0.134s] [  2%] Built target bumperbot_msgs__rs
[0.159s] [  2%] Built target ament_cmake_python_symlink_bumperbot_msgs
[0.161s] [ 12%] Built target bumperbot_msgs__rosidl_generator_c
[0.175s] [ 15%] Built target bumperbot_msgs__cpp
[0.199s] [35m[1mConsolidate compiler generated dependencies of target bumperbot_msgs__rosidl_typesupport_introspection_c[0m
[0.209s] [35m[1mConsolidate compiler generated dependencies of target bumperbot_msgs__rosidl_typesupport_c[0m
[0.223s] [35m[1mConsolidate compiler generated dependencies of target bumperbot_msgs__rosidl_typesupport_fastrtps_c[0m
[0.248s] [ 27%] Built target bumperbot_msgs__rosidl_typesupport_introspection_c
[0.249s] [ 35%] Built target bumperbot_msgs__rosidl_typesupport_c
[0.264s] [ 45%] Built target bumperbot_msgs__rosidl_typesupport_fastrtps_c
[0.283s] [35m[1mConsolidate compiler generated dependencies of target bumperbot_msgs__rosidl_typesupport_introspection_cpp[0m
[0.283s] [35m[1mConsolidate compiler generated dependencies of target bumperbot_msgs__rosidl_typesupport_cpp[0m
[0.295s] [35m[1mConsolidate compiler generated dependencies of target bumperbot_msgs__rosidl_typesupport_fastrtps_cpp[0m
[0.308s] [ 55%] Built target bumperbot_msgs__rosidl_typesupport_cpp
[0.310s] [ 65%] Built target bumperbot_msgs__rosidl_typesupport_introspection_cpp
[0.321s] [ 75%] Built target bumperbot_msgs__rosidl_typesupport_fastrtps_cpp
[0.362s] [ 75%] Built target bumperbot_msgs
[0.373s] [ 77%] Built target bumperbot_msgs__py
[0.386s] [35m[1mConsolidate compiler generated dependencies of target bumperbot_msgs__rosidl_generator_py[0m
[0.400s] [ 85%] Built target bumperbot_msgs__rosidl_generator_py
[0.416s] [35m[1mConsolidate compiler generated dependencies of target bumperbot_msgs__rosidl_typesupport_introspection_c__pyext[0m
[0.428s] [35m[1mConsolidate compiler generated dependencies of target bumperbot_msgs__rosidl_typesupport_fastrtps_c__pyext[0m
[0.433s] [35m[1mConsolidate compiler generated dependencies of target bumperbot_msgs__rosidl_typesupport_c__pyext[0m
[0.454s] [ 90%] Built target bumperbot_msgs__rosidl_typesupport_introspection_c__pyext
[0.460s] [ 95%] Built target bumperbot_msgs__rosidl_typesupport_c__pyext
[0.471s] [100%] Built target bumperbot_msgs__rosidl_typesupport_fastrtps_c__pyext
[0.495s] running egg_info
[0.496s] writing bumperbot_msgs.egg-info/PKG-INFO
[0.497s] writing dependency_links to bumperbot_msgs.egg-info/dependency_links.txt
[0.498s] writing top-level names to bumperbot_msgs.egg-info/top_level.txt
[0.502s] reading manifest file 'bumperbot_msgs.egg-info/SOURCES.txt'
[0.502s] writing manifest file 'bumperbot_msgs.egg-info/SOURCES.txt'
[0.527s] [100%] Built target ament_cmake_python_build_bumperbot_msgs_egg
[0.542s] Invoked command in '/home/alexnew/bumperbot_ws/build/bumperbot_msgs' returned '0': CMAKE_PREFIX_PATH=${CMAKE_PREFIX_PATH}:/home/alexnew/bumperbot_ws/install/bumperbot_py_examples:/opt/ros/humble /usr/bin/cmake --build /home/alexnew/bumperbot_ws/build/bumperbot_msgs -- -j4 -l4
[0.549s] Invoking command in '/home/alexnew/bumperbot_ws/build/bumperbot_msgs': CMAKE_PREFIX_PATH=${CMAKE_PREFIX_PATH}:/home/alexnew/bumperbot_ws/install/bumperbot_py_examples:/opt/ros/humble /usr/bin/cmake --install /home/alexnew/bumperbot_ws/build/bumperbot_msgs
[0.578s] -- Install configuration: ""
[0.578s] -- Execute custom install script
[0.578s] -- Up-to-date symlink: /home/alexnew/bumperbot_ws/install/bumperbot_msgs/share/ament_index/resource_index/rosidl_interfaces/bumperbot_msgs
[0.578s] -- Up-to-date symlink: /home/alexnew/bumperbot_ws/install/bumperbot_msgs/include/bumperbot_msgs/bumperbot_msgs/msg/rosidl_generator_c__visibility_control.h
[0.578s] -- Up-to-date symlink: /home/alexnew/bumperbot_ws/install/bumperbot_msgs/include/bumperbot_msgs/bumperbot_msgs/srv/add_two_ints.h
[0.578s] -- Up-to-date symlink: /home/alexnew/bumperbot_ws/install/bumperbot_msgs/include/bumperbot_msgs/bumperbot_msgs/srv/detail/add_two_ints__functions.h
[0.578s] -- Up-to-date symlink: /home/alexnew/bumperbot_ws/install/bumperbot_msgs/include/bumperbot_msgs/bumperbot_msgs/srv/detail/add_two_ints__struct.h
[0.578s] -- Up-to-date symlink: /home/alexnew/bumperbot_ws/install/bumperbot_msgs/include/bumperbot_msgs/bumperbot_msgs/srv/detail/add_two_ints__type_support.h
[0.578s] -- Up-to-date symlink: /home/alexnew/bumperbot_ws/install/bumperbot_msgs/include/bumperbot_msgs/bumperbot_msgs/srv/detail/get_transform__functions.h
[0.578s] -- Up-to-date symlink: /home/alexnew/bumperbot_ws/install/bumperbot_msgs/include/bumperbot_msgs/bumperbot_msgs/srv/detail/get_transform__struct.h
[0.578s] -- Up-to-date symlink: /home/alexnew/bumperbot_ws/install/bumperbot_msgs/include/bumperbot_msgs/bumperbot_msgs/srv/detail/get_transform__type_support.h
[0.578s] -- Up-to-date symlink: /home/alexnew/bumperbot_ws/install/bumperbot_msgs/include/bumperbot_msgs/bumperbot_msgs/srv/get_transform.h
[0.579s] -- Up-to-date symlink: /home/alexnew/bumperbot_ws/install/bumperbot_msgs/share/bumperbot_msgs/environment/library_path.sh
[0.579s] -- Up-to-date symlink: /home/alexnew/bumperbot_ws/install/bumperbot_msgs/share/bumperbot_msgs/environment/library_path.dsv
[0.579s] -- Up-to-date symlink: /home/alexnew/bumperbot_ws/install/bumperbot_msgs/include/bumperbot_msgs/bumperbot_msgs/msg/rosidl_typesupport_fastrtps_c__visibility_control.h
[0.579s] -- Up-to-date symlink: /home/alexnew/bumperbot_ws/install/bumperbot_msgs/include/bumperbot_msgs/bumperbot_msgs/srv/detail/add_two_ints__rosidl_typesupport_fastrtps_c.h
[0.579s] -- Up-to-date symlink: /home/alexnew/bumperbot_ws/install/bumperbot_msgs/include/bumperbot_msgs/bumperbot_msgs/srv/detail/get_transform__rosidl_typesupport_fastrtps_c.h
[0.579s] -- Up-to-date symlink: /home/alexnew/bumperbot_ws/install/bumperbot_msgs/include/bumperbot_msgs/bumperbot_msgs/msg/rosidl_generator_cpp__visibility_control.hpp
[0.579s] -- Up-to-date symlink: /home/alexnew/bumperbot_ws/install/bumperbot_msgs/include/bumperbot_msgs/bumperbot_msgs/srv/add_two_ints.hpp
[0.580s] -- Up-to-date symlink: /home/alexnew/bumperbot_ws/install/bumperbot_msgs/include/bumperbot_msgs/bumperbot_msgs/srv/detail/add_two_ints__builder.hpp
[0.581s] -- Up-to-date symlink: /home/alexnew/bumperbot_ws/install/bumperbot_msgs/include/bumperbot_msgs/bumperbot_msgs/srv/detail/add_two_ints__struct.hpp
[0.581s] -- Up-to-date symlink: /home/alexnew/bumperbot_ws/install/bumperbot_msgs/include/bumperbot_msgs/bumperbot_msgs/srv/detail/add_two_ints__traits.hpp
[0.582s] -- Up-to-date symlink: /home/alexnew/bumperbot_ws/install/bumperbot_msgs/include/bumperbot_msgs/bumperbot_msgs/srv/detail/add_two_ints__type_support.hpp
[0.582s] -- Up-to-date symlink: /home/alexnew/bumperbot_ws/install/bumperbot_msgs/include/bumperbot_msgs/bumperbot_msgs/srv/detail/get_transform__builder.hpp
[0.582s] -- Up-to-date symlink: /home/alexnew/bumperbot_ws/install/bumperbot_msgs/include/bumperbot_msgs/bumperbot_msgs/srv/detail/get_transform__struct.hpp
[0.582s] -- Up-to-date symlink: /home/alexnew/bumperbot_ws/install/bumperbot_msgs/include/bumperbot_msgs/bumperbot_msgs/srv/detail/get_transform__traits.hpp
[0.582s] -- Up-to-date symlink: /home/alexnew/bumperbot_ws/install/bumperbot_msgs/include/bumperbot_msgs/bumperbot_msgs/srv/detail/get_transform__type_support.hpp
[0.583s] -- Up-to-date symlink: /home/alexnew/bumperbot_ws/install/bumperbot_msgs/include/bumperbot_msgs/bumperbot_msgs/srv/get_transform.hpp
[0.584s] -- Up-to-date symlink: /home/alexnew/bumperbot_ws/install/bumperbot_msgs/include/bumperbot_msgs/bumperbot_msgs/msg/rosidl_typesupport_fastrtps_cpp__visibility_control.h
[0.584s] -- Up-to-date symlink: /home/alexnew/bumperbot_ws/install/bumperbot_msgs/include/bumperbot_msgs/bumperbot_msgs/srv/detail/add_two_ints__rosidl_typesupport_fastrtps_cpp.hpp
[0.584s] -- Up-to-date symlink: /home/alexnew/bumperbot_ws/install/bumperbot_msgs/include/bumperbot_msgs/bumperbot_msgs/srv/detail/get_transform__rosidl_typesupport_fastrtps_cpp.hpp
[0.585s] -- Up-to-date symlink: /home/alexnew/bumperbot_ws/install/bumperbot_msgs/include/bumperbot_msgs/bumperbot_msgs/msg/rosidl_typesupport_introspection_c__visibility_control.h
[0.586s] -- Up-to-date symlink: /home/alexnew/bumperbot_ws/install/bumperbot_msgs/include/bumperbot_msgs/bumperbot_msgs/srv/detail/add_two_ints__rosidl_typesupport_introspection_c.h
[0.586s] -- Up-to-date symlink: /home/alexnew/bumperbot_ws/install/bumperbot_msgs/include/bumperbot_msgs/bumperbot_msgs/srv/detail/get_transform__rosidl_typesupport_introspection_c.h
[0.590s] -- Up-to-date symlink: /home/alexnew/bumperbot_ws/install/bumperbot_msgs/include/bumperbot_msgs/bumperbot_msgs/srv/detail/add_two_ints__rosidl_typesupport_introspection_cpp.hpp
[0.590s] -- Up-to-date symlink: /home/alexnew/bumperbot_ws/install/bumperbot_msgs/include/bumperbot_msgs/bumperbot_msgs/srv/detail/get_transform__rosidl_typesupport_introspection_cpp.hpp
[0.590s] -- Up-to-date symlink: /home/alexnew/bumperbot_ws/install/bumperbot_msgs/share/bumperbot_msgs/environment/pythonpath.sh
[0.591s] -- Up-to-date symlink: /home/alexnew/bumperbot_ws/install/bumperbot_msgs/share/bumperbot_msgs/environment/pythonpath.dsv
[0.591s] -- Up-to-date symlink: /home/alexnew/bumperbot_ws/install/bumperbot_msgs/local/lib/python3.10/dist-packages/bumperbot_msgs-0.0.0-py3.10.egg-info/PKG-INFO
[0.591s] -- Up-to-date symlink: /home/alexnew/bumperbot_ws/install/bumperbot_msgs/local/lib/python3.10/dist-packages/bumperbot_msgs-0.0.0-py3.10.egg-info/SOURCES.txt
[0.591s] -- Up-to-date symlink: /home/alexnew/bumperbot_ws/install/bumperbot_msgs/local/lib/python3.10/dist-packages/bumperbot_msgs-0.0.0-py3.10.egg-info/dependency_links.txt
[0.591s] -- Up-to-date symlink: /home/alexnew/bumperbot_ws/install/bumperbot_msgs/local/lib/python3.10/dist-packages/bumperbot_msgs-0.0.0-py3.10.egg-info/top_level.txt
[0.591s] -- Up-to-date symlink: /home/alexnew/bumperbot_ws/install/bumperbot_msgs/local/lib/python3.10/dist-packages/bumperbot_msgs/__init__.py
[0.592s] -- Up-to-date symlink: /home/alexnew/bumperbot_ws/install/bumperbot_msgs/local/lib/python3.10/dist-packages/bumperbot_msgs/_bumperbot_msgs_s.ep.rosidl_typesupport_c.c
[0.592s] -- Up-to-date symlink: /home/alexnew/bumperbot_ws/install/bumperbot_msgs/local/lib/python3.10/dist-packages/bumperbot_msgs/_bumperbot_msgs_s.ep.rosidl_typesupport_fastrtps_c.c
[0.592s] -- Up-to-date symlink: /home/alexnew/bumperbot_ws/install/bumperbot_msgs/local/lib/python3.10/dist-packages/bumperbot_msgs/_bumperbot_msgs_s.ep.rosidl_typesupport_introspection_c.c
[0.592s] -- Up-to-date symlink: /home/alexnew/bumperbot_ws/install/bumperbot_msgs/local/lib/python3.10/dist-packages/bumperbot_msgs/bumperbot_msgs_s__rosidl_typesupport_c.cpython-310-x86_64-linux-gnu.so
[0.592s] -- Up-to-date symlink: /home/alexnew/bumperbot_ws/install/bumperbot_msgs/local/lib/python3.10/dist-packages/bumperbot_msgs/bumperbot_msgs_s__rosidl_typesupport_fastrtps_c.cpython-310-x86_64-linux-gnu.so
[0.592s] -- Up-to-date symlink: /home/alexnew/bumperbot_ws/install/bumperbot_msgs/local/lib/python3.10/dist-packages/bumperbot_msgs/bumperbot_msgs_s__rosidl_typesupport_introspection_c.cpython-310-x86_64-linux-gnu.so
[0.593s] -- Up-to-date symlink: /home/alexnew/bumperbot_ws/install/bumperbot_msgs/local/lib/python3.10/dist-packages/bumperbot_msgs/libbumperbot_msgs__rosidl_generator_py.so
[0.593s] -- Up-to-date symlink: /home/alexnew/bumperbot_ws/install/bumperbot_msgs/local/lib/python3.10/dist-packages/bumperbot_msgs/srv/__init__.py
[0.593s] -- Up-to-date symlink: /home/alexnew/bumperbot_ws/install/bumperbot_msgs/local/lib/python3.10/dist-packages/bumperbot_msgs/srv/_add_two_ints.py
[0.593s] -- Up-to-date symlink: /home/alexnew/bumperbot_ws/install/bumperbot_msgs/local/lib/python3.10/dist-packages/bumperbot_msgs/srv/_add_two_ints_s.c
[0.593s] -- Up-to-date symlink: /home/alexnew/bumperbot_ws/install/bumperbot_msgs/local/lib/python3.10/dist-packages/bumperbot_msgs/srv/_get_transform.py
[0.594s] -- Up-to-date symlink: /home/alexnew/bumperbot_ws/install/bumperbot_msgs/local/lib/python3.10/dist-packages/bumperbot_msgs/srv/_get_transform_s.c
[0.594s] -- Up-to-date symlink: /home/alexnew/bumperbot_ws/install/bumperbot_msgs/local/lib/python3.10/dist-packages/bumperbot_msgs/bumperbot_msgs_s__rosidl_typesupport_fastrtps_c.cpython-310-x86_64-linux-gnu.so
[0.594s] -- Up-to-date symlink: /home/alexnew/bumperbot_ws/install/bumperbot_msgs/local/lib/python3.10/dist-packages/bumperbot_msgs/bumperbot_msgs_s__rosidl_typesupport_introspection_c.cpython-310-x86_64-linux-gnu.so
[0.594s] -- Up-to-date symlink: /home/alexnew/bumperbot_ws/install/bumperbot_msgs/local/lib/python3.10/dist-packages/bumperbot_msgs/bumperbot_msgs_s__rosidl_typesupport_c.cpython-310-x86_64-linux-gnu.so
[0.594s] -- Up-to-date symlink: /home/alexnew/bumperbot_ws/install/bumperbot_msgs/share/ament_index/resource_index/rust_packages/bumperbot_msgs
[0.594s] -- Up-to-date symlink: /home/alexnew/bumperbot_ws/install/bumperbot_msgs/share/bumperbot_msgs/rust/Cargo.toml
[0.596s] -- Up-to-date symlink: /home/alexnew/bumperbot_ws/install/bumperbot_msgs/share/bumperbot_msgs/rust/build.rs
[0.596s] -- Up-to-date symlink: /home/alexnew/bumperbot_ws/install/bumperbot_msgs/share/bumperbot_msgs/rust/src/lib.rs
[0.596s] -- Up-to-date symlink: /home/alexnew/bumperbot_ws/install/bumperbot_msgs/share/bumperbot_msgs/rust/src/srv.rs
[0.597s] -- Up-to-date symlink: /home/alexnew/bumperbot_ws/install/bumperbot_msgs/share/bumperbot_msgs/rust/src/srv/rmw.rs
[0.598s] -- Up-to-date symlink: /home/alexnew/bumperbot_ws/install/bumperbot_msgs/share/bumperbot_msgs/srv/AddTwoInts.idl
[0.598s] -- Up-to-date symlink: /home/alexnew/bumperbot_ws/install/bumperbot_msgs/share/bumperbot_msgs/srv/GetTransform.idl
[0.598s] -- Up-to-date symlink: /home/alexnew/bumperbot_ws/install/bumperbot_msgs/share/bumperbot_msgs/srv/AddTwoInts.srv
[0.598s] -- Up-to-date symlink: /home/alexnew/bumperbot_ws/install/bumperbot_msgs/share/bumperbot_msgs/srv/AddTwoInts_Request.msg
[0.598s] -- Up-to-date symlink: /home/alexnew/bumperbot_ws/install/bumperbot_msgs/share/bumperbot_msgs/srv/AddTwoInts_Response.msg
[0.598s] -- Up-to-date symlink: /home/alexnew/bumperbot_ws/install/bumperbot_msgs/share/bumperbot_msgs/srv/GetTransform.srv
[0.598s] -- Up-to-date symlink: /home/alexnew/bumperbot_ws/install/bumperbot_msgs/share/bumperbot_msgs/srv/GetTransform_Request.msg
[0.598s] -- Up-to-date symlink: /home/alexnew/bumperbot_ws/install/bumperbot_msgs/share/bumperbot_msgs/srv/GetTransform_Response.msg
[0.598s] -- Up-to-date symlink: /home/alexnew/bumperbot_ws/install/bumperbot_msgs/share/ament_index/resource_index/package_run_dependencies/bumperbot_msgs
[0.598s] -- Up-to-date symlink: /home/alexnew/bumperbot_ws/install/bumperbot_msgs/share/ament_index/resource_index/parent_prefix_path/bumperbot_msgs
[0.598s] -- Up-to-date symlink: /home/alexnew/bumperbot_ws/install/bumperbot_msgs/share/bumperbot_msgs/environment/ament_prefix_path.sh
[0.598s] -- Up-to-date symlink: /home/alexnew/bumperbot_ws/install/bumperbot_msgs/share/bumperbot_msgs/environment/ament_prefix_path.dsv
[0.598s] -- Up-to-date symlink: /home/alexnew/bumperbot_ws/install/bumperbot_msgs/share/bumperbot_msgs/environment/path.sh
[0.598s] -- Up-to-date symlink: /home/alexnew/bumperbot_ws/install/bumperbot_msgs/share/bumperbot_msgs/environment/path.dsv
[0.598s] -- Up-to-date symlink: /home/alexnew/bumperbot_ws/install/bumperbot_msgs/share/bumperbot_msgs/local_setup.bash
[0.599s] -- Up-to-date symlink: /home/alexnew/bumperbot_ws/install/bumperbot_msgs/share/bumperbot_msgs/local_setup.sh
[0.599s] -- Up-to-date symlink: /home/alexnew/bumperbot_ws/install/bumperbot_msgs/share/bumperbot_msgs/local_setup.zsh
[0.599s] -- Up-to-date symlink: /home/alexnew/bumperbot_ws/install/bumperbot_msgs/share/bumperbot_msgs/local_setup.dsv
[0.599s] -- Symlinking: /home/alexnew/bumperbot_ws/install/bumperbot_msgs/share/bumperbot_msgs/package.dsv
[0.613s] -- Up-to-date symlink: /home/alexnew/bumperbot_ws/install/bumperbot_msgs/share/ament_index/resource_index/packages/bumperbot_msgs
[0.613s] -- Up-to-date symlink: /home/alexnew/bumperbot_ws/install/bumperbot_msgs/share/bumperbot_msgs/cmake/rosidl_cmake-extras.cmake
[0.614s] -- Up-to-date symlink: /home/alexnew/bumperbot_ws/install/bumperbot_msgs/share/bumperbot_msgs/cmake/ament_cmake_export_dependencies-extras.cmake
[0.614s] -- Up-to-date symlink: /home/alexnew/bumperbot_ws/install/bumperbot_msgs/share/bumperbot_msgs/cmake/ament_cmake_export_include_directories-extras.cmake
[0.614s] -- Up-to-date symlink: /home/alexnew/bumperbot_ws/install/bumperbot_msgs/share/bumperbot_msgs/cmake/ament_cmake_export_libraries-extras.cmake
[0.615s] -- Up-to-date symlink: /home/alexnew/bumperbot_ws/install/bumperbot_msgs/share/bumperbot_msgs/cmake/ament_cmake_export_targets-extras.cmake
[0.615s] -- Up-to-date symlink: /home/alexnew/bumperbot_ws/install/bumperbot_msgs/share/bumperbot_msgs/cmake/rosidl_cmake_export_typesupport_targets-extras.cmake
[0.616s] -- Up-to-date symlink: /home/alexnew/bumperbot_ws/install/bumperbot_msgs/share/bumperbot_msgs/cmake/rosidl_cmake_export_typesupport_libraries-extras.cmake
[0.616s] -- Up-to-date symlink: /home/alexnew/bumperbot_ws/install/bumperbot_msgs/share/bumperbot_msgs/cmake/bumperbot_msgsConfig.cmake
[0.616s] -- Up-to-date symlink: /home/alexnew/bumperbot_ws/install/bumperbot_msgs/share/bumperbot_msgs/cmake/bumperbot_msgsConfig-version.cmake
[0.617s] -- Up-to-date symlink: /home/alexnew/bumperbot_ws/install/bumperbot_msgs/share/bumperbot_msgs/package.xml
[0.617s] -- Up-to-date: /home/alexnew/bumperbot_ws/install/bumperbot_msgs/lib/libbumperbot_msgs__rosidl_generator_c.so
[0.617s] -- Up-to-date: /home/alexnew/bumperbot_ws/install/bumperbot_msgs/lib/libbumperbot_msgs__rosidl_typesupport_fastrtps_c.so
[0.617s] -- Up-to-date: /home/alexnew/bumperbot_ws/install/bumperbot_msgs/lib/libbumperbot_msgs__rosidl_typesupport_fastrtps_cpp.so
[0.618s] -- Up-to-date: /home/alexnew/bumperbot_ws/install/bumperbot_msgs/lib/libbumperbot_msgs__rosidl_typesupport_introspection_c.so
[0.618s] -- Up-to-date: /home/alexnew/bumperbot_ws/install/bumperbot_msgs/lib/libbumperbot_msgs__rosidl_typesupport_c.so
[0.618s] -- Up-to-date: /home/alexnew/bumperbot_ws/install/bumperbot_msgs/lib/libbumperbot_msgs__rosidl_typesupport_introspection_cpp.so
[0.618s] -- Up-to-date: /home/alexnew/bumperbot_ws/install/bumperbot_msgs/lib/libbumperbot_msgs__rosidl_typesupport_cpp.so
[0.649s] Listing '/home/alexnew/bumperbot_ws/install/bumperbot_msgs/local/lib/python3.10/dist-packages/bumperbot_msgs'...
[0.649s] Listing '/home/alexnew/bumperbot_ws/install/bumperbot_msgs/local/lib/python3.10/dist-packages/bumperbot_msgs/srv'...
[0.654s] -- Up-to-date: /home/alexnew/bumperbot_ws/install/bumperbot_msgs/lib/libbumperbot_msgs__rosidl_generator_py.so
[0.659s] -- Up-to-date: /home/alexnew/bumperbot_ws/install/bumperbot_msgs/share/bumperbot_msgs/cmake/export_bumperbot_msgs__rosidl_generator_cExport.cmake
[0.659s] -- Up-to-date: /home/alexnew/bumperbot_ws/install/bumperbot_msgs/share/bumperbot_msgs/cmake/export_bumperbot_msgs__rosidl_generator_cExport-noconfig.cmake
[0.659s] -- Up-to-date: /home/alexnew/bumperbot_ws/install/bumperbot_msgs/share/bumperbot_msgs/cmake/export_bumperbot_msgs__rosidl_typesupport_fastrtps_cExport.cmake
[0.660s] -- Up-to-date: /home/alexnew/bumperbot_ws/install/bumperbot_msgs/share/bumperbot_msgs/cmake/export_bumperbot_msgs__rosidl_typesupport_fastrtps_cExport-noconfig.cmake
[0.664s] -- Up-to-date: /home/alexnew/bumperbot_ws/install/bumperbot_msgs/share/bumperbot_msgs/cmake/export_bumperbot_msgs__rosidl_generator_cppExport.cmake
[0.665s] -- Up-to-date: /home/alexnew/bumperbot_ws/install/bumperbot_msgs/share/bumperbot_msgs/cmake/export_bumperbot_msgs__rosidl_typesupport_fastrtps_cppExport.cmake
[0.665s] -- Up-to-date: /home/alexnew/bumperbot_ws/install/bumperbot_msgs/share/bumperbot_msgs/cmake/export_bumperbot_msgs__rosidl_typesupport_fastrtps_cppExport-noconfig.cmake
[0.665s] -- Up-to-date: /home/alexnew/bumperbot_ws/install/bumperbot_msgs/share/bumperbot_msgs/cmake/bumperbot_msgs__rosidl_typesupport_introspection_cExport.cmake
[0.665s] -- Up-to-date: /home/alexnew/bumperbot_ws/install/bumperbot_msgs/share/bumperbot_msgs/cmake/bumperbot_msgs__rosidl_typesupport_introspection_cExport-noconfig.cmake
[0.665s] -- Up-to-date: /home/alexnew/bumperbot_ws/install/bumperbot_msgs/share/bumperbot_msgs/cmake/bumperbot_msgs__rosidl_typesupport_cExport.cmake
[0.665s] -- Up-to-date: /home/alexnew/bumperbot_ws/install/bumperbot_msgs/share/bumperbot_msgs/cmake/bumperbot_msgs__rosidl_typesupport_cExport-noconfig.cmake
[0.666s] -- Up-to-date: /home/alexnew/bumperbot_ws/install/bumperbot_msgs/share/bumperbot_msgs/cmake/bumperbot_msgs__rosidl_typesupport_introspection_cppExport.cmake
[0.668s] -- Up-to-date: /home/alexnew/bumperbot_ws/install/bumperbot_msgs/share/bumperbot_msgs/cmake/bumperbot_msgs__rosidl_typesupport_introspection_cppExport-noconfig.cmake
[0.669s] -- Up-to-date: /home/alexnew/bumperbot_ws/install/bumperbot_msgs/share/bumperbot_msgs/cmake/bumperbot_msgs__rosidl_typesupport_cppExport.cmake
[0.669s] -- Up-to-date: /home/alexnew/bumperbot_ws/install/bumperbot_msgs/share/bumperbot_msgs/cmake/bumperbot_msgs__rosidl_typesupport_cppExport-noconfig.cmake
[0.670s] -- Up-to-date: /home/alexnew/bumperbot_ws/install/bumperbot_msgs/share/bumperbot_msgs/cmake/export_bumperbot_msgs__rosidl_generator_pyExport.cmake
[0.670s] -- Up-to-date: /home/alexnew/bumperbot_ws/install/bumperbot_msgs/share/bumperbot_msgs/cmake/export_bumperbot_msgs__rosidl_generator_pyExport-noconfig.cmake
[0.684s] Invoked command in '/home/alexnew/bumperbot_ws/build/bumperbot_msgs' returned '0': CMAKE_PREFIX_PATH=${CMAKE_PREFIX_PATH}:/home/alexnew/bumperbot_ws/install/bumperbot_py_examples:/opt/ros/humble /usr/bin/cmake --install /home/alexnew/bumperbot_ws/build/bumperbot_msgs
