running develop
running egg_info
creating bumperbot_py_examples.egg-info
writing bumperbot_py_examples.egg-info/PKG-INFO
writing dependency_links to bumperbot_py_examples.egg-info/dependency_links.txt
writing entry points to bumperbot_py_examples.egg-info/entry_points.txt
writing requirements to bumperbot_py_examples.egg-info/requires.txt
writing top-level names to bumperbot_py_examples.egg-info/top_level.txt
writing manifest file 'bumperbot_py_examples.egg-info/SOURCES.txt'
reading manifest file 'bumperbot_py_examples.egg-info/SOURCES.txt'
writing manifest file 'bumperbot_py_examples.egg-info/SOURCES.txt'
running build_ext
Creating /home/alexnew/bumperbot_ws/install/bumperbot_py_examples/lib/python3.10/site-packages/bumperbot-py-examples.egg-link (link to .)
Installing simple_parameter script to /home/alexnew/bumperbot_ws/install/bumperbot_py_examples/lib/bumperbot_py_examples
Installing simple_publisher script to /home/alexnew/bumperbot_ws/install/bumperbot_py_examples/lib/bumperbot_py_examples
Installing simple_service_client script to /home/alexnew/bumperbot_ws/install/bumperbot_py_examples/lib/bumperbot_py_examples
Installing simple_service_server script to /home/alexnew/bumperbot_ws/install/bumperbot_py_examples/lib/bumperbot_py_examples
Installing simple_subscriber script to /home/alexnew/bumperbot_ws/install/bumperbot_py_examples/lib/bumperbot_py_examples
Installing simple_tf_kinematics script to /home/alexnew/bumperbot_ws/install/bumperbot_py_examples/lib/bumperbot_py_examples
Installing simple_turtlesim_kinematics script to /home/alexnew/bumperbot_ws/install/bumperbot_py_examples/lib/bumperbot_py_examples

Installed /home/alexnew/bumperbot_ws/build/bumperbot_py_examples
running symlink_data
creating /home/alexnew/bumperbot_ws/install/bumperbot_py_examples/share/ament_index
creating /home/alexnew/bumperbot_ws/install/bumperbot_py_examples/share/ament_index/resource_index
creating /home/alexnew/bumperbot_ws/install/bumperbot_py_examples/share/ament_index/resource_index/packages
symbolically linking /home/alexnew/bumperbot_ws/build/bumperbot_py_examples/resource/bumperbot_py_examples -> /home/alexnew/bumperbot_ws/install/bumperbot_py_examples/share/ament_index/resource_index/packages
symbolically linking /home/alexnew/bumperbot_ws/build/bumperbot_py_examples/package.xml -> /home/alexnew/bumperbot_ws/install/bumperbot_py_examples/share/bumperbot_py_examples
