[1.073s] Invoking command in '/home/alexnew/bumperbot_ws/build/bumperbot_py_examples': CMAKE_PREFIX_PATH=/home/alexnew/bumperbot_ws/install/bumperbot_msgs:/home/alexnew/bumperbot_ws/install/bumperbot_cpp_examples:/home/alexnew/bumperbot_ws/install/bumperbot_localization:/home/alexnew/bumperbot_ws/install/bumperbot_description:/home/alexnew/bumperbot_ws/install/bumperbot_controller PYTHONPATH=/home/alexnew/bumperbot_ws/build/bumperbot_py_examples/prefix_override:/usr/lib/python3/dist-packages/colcon_core/task/python/colcon_distutils_commands:/home/alexnew/bumperbot_ws/install/bumperbot_py_examples/lib/python3.10/site-packages:${PYTHONPATH} /usr/bin/python3 -W ignore:setup.py install is deprecated -W ignore:easy_install command is deprecated setup.py develop --editable --build-directory /home/alexnew/bumperbot_ws/build/bumperbot_py_examples/build --no-deps symlink_data
[1.361s] running develop
[1.541s] running egg_info
[1.541s] creating bumperbot_py_examples.egg-info
[1.542s] writing bumperbot_py_examples.egg-info/PKG-INFO
[1.546s] writing dependency_links to bumperbot_py_examples.egg-info/dependency_links.txt
[1.546s] writing entry points to bumperbot_py_examples.egg-info/entry_points.txt
[1.546s] writing requirements to bumperbot_py_examples.egg-info/requires.txt
[1.546s] writing top-level names to bumperbot_py_examples.egg-info/top_level.txt
[1.546s] writing manifest file 'bumperbot_py_examples.egg-info/SOURCES.txt'
[1.547s] reading manifest file 'bumperbot_py_examples.egg-info/SOURCES.txt'
[1.548s] writing manifest file 'bumperbot_py_examples.egg-info/SOURCES.txt'
[1.549s] running build_ext
[1.549s] Creating /home/alexnew/bumperbot_ws/install/bumperbot_py_examples/lib/python3.10/site-packages/bumperbot-py-examples.egg-link (link to .)
[1.550s] Installing simple_parameter script to /home/alexnew/bumperbot_ws/install/bumperbot_py_examples/lib/bumperbot_py_examples
[1.550s] Installing simple_publisher script to /home/alexnew/bumperbot_ws/install/bumperbot_py_examples/lib/bumperbot_py_examples
[1.551s] Installing simple_service_client script to /home/alexnew/bumperbot_ws/install/bumperbot_py_examples/lib/bumperbot_py_examples
[1.551s] Installing simple_service_server script to /home/alexnew/bumperbot_ws/install/bumperbot_py_examples/lib/bumperbot_py_examples
[1.551s] Installing simple_subscriber script to /home/alexnew/bumperbot_ws/install/bumperbot_py_examples/lib/bumperbot_py_examples
[1.552s] Installing simple_tf_kinematics script to /home/alexnew/bumperbot_ws/install/bumperbot_py_examples/lib/bumperbot_py_examples
[1.552s] Installing simple_turtlesim_kinematics script to /home/alexnew/bumperbot_ws/install/bumperbot_py_examples/lib/bumperbot_py_examples
[1.552s] 
[1.552s] Installed /home/alexnew/bumperbot_ws/build/bumperbot_py_examples
[1.552s] running symlink_data
[1.553s] creating /home/alexnew/bumperbot_ws/install/bumperbot_py_examples/share/ament_index
[1.553s] creating /home/alexnew/bumperbot_ws/install/bumperbot_py_examples/share/ament_index/resource_index
[1.553s] creating /home/alexnew/bumperbot_ws/install/bumperbot_py_examples/share/ament_index/resource_index/packages
[1.553s] symbolically linking /home/alexnew/bumperbot_ws/build/bumperbot_py_examples/resource/bumperbot_py_examples -> /home/alexnew/bumperbot_ws/install/bumperbot_py_examples/share/ament_index/resource_index/packages
[1.561s] symbolically linking /home/alexnew/bumperbot_ws/build/bumperbot_py_examples/package.xml -> /home/alexnew/bumperbot_ws/install/bumperbot_py_examples/share/bumperbot_py_examples
[1.606s] Invoked command in '/home/alexnew/bumperbot_ws/build/bumperbot_py_examples' returned '0': CMAKE_PREFIX_PATH=/home/alexnew/bumperbot_ws/install/bumperbot_msgs:/home/alexnew/bumperbot_ws/install/bumperbot_cpp_examples:/home/alexnew/bumperbot_ws/install/bumperbot_localization:/home/alexnew/bumperbot_ws/install/bumperbot_description:/home/alexnew/bumperbot_ws/install/bumperbot_controller PYTHONPATH=/home/alexnew/bumperbot_ws/build/bumperbot_py_examples/prefix_override:/usr/lib/python3/dist-packages/colcon_core/task/python/colcon_distutils_commands:/home/alexnew/bumperbot_ws/install/bumperbot_py_examples/lib/python3.10/site-packages:${PYTHONPATH} /usr/bin/python3 -W ignore:setup.py install is deprecated -W ignore:easy_install command is deprecated setup.py develop --editable --build-directory /home/alexnew/bumperbot_ws/build/bumperbot_py_examples/build --no-deps symlink_data
