[  2%] Built target bumperbot_msgs__cpp
[  2%] Built target ament_cmake_python_symlink_bumperbot_msgs
[  5%] Built target bumperbot_msgs__rs
[ 15%] Built target bumperbot_msgs__rosidl_generator_c
[ 25%] Built target bumperbot_msgs__rosidl_typesupport_cpp
Fatal Python error: init_import_site: Failed to import the site module
Python runtime state: initialized
Traceback (most recent call last):
  File "/usr/lib/python3.10/site.py", line 636, in <module>
    main()
  File "/usr/lib/python3.10/site.py", line 623, in main
    known_paths = addsitepackages(known_paths)
  File "/usr/lib/python3.10/site.py", line 406, in addsitepackages
    addsitedir(sitedir, known_paths)
  File "/usr/lib/python3.10/site.py", line 232, in addsitedir
    addpackage(sitedir, name, known_paths)
  File "/usr/lib/python3.10/site.py", line 192, in addpackage
    exec(line)
  File "<string>", line 1, in <module>
  File "/usr/lib/python3.10/importlib/__init__.py", line 57, in <module>
    import warnings
  File "<frozen importlib._bootstrap>", line 1027, in _find_and_load
  File "<frozen importlib._bootstrap>", line 1006, in _find_and_load_unlocked
  File "<frozen importlib._bootstrap>", line 688, in _load_unlocked
  File "<frozen importlib._bootstrap_external>", line 879, in exec_module
  File "<frozen importlib._bootstrap_external>", line 1012, in get_code
  File "<frozen importlib._bootstrap_external>", line 672, in _compile_bytecode
KeyboardInterrupt
gmake[2]: *** [CMakeFiles/ament_cmake_python_build_bumperbot_msgs_egg.dir/build.make:70: CMakeFiles/ament_cmake_python_build_bumperbot_msgs_egg] Interrupt
gmake[1]: *** [CMakeFiles/Makefile2:466: CMakeFiles/ament_cmake_python_build_bumperbot_msgs_egg.dir/all] Interrupt
gmake: *** [Makefile:146: all] Interrupt
