[0.297s] Invoking command in '/home/alexnew/bumperbot_ws/build/bumperbot_msgs': CMAKE_PREFIX_PATH=${CMAKE_PREFIX_PATH}:/home/alexnew/bumperbot_ws/install/bumperbot_py_examples:/opt/ros/humble /usr/bin/cmake --build /home/alexnew/bumperbot_ws/build/bumperbot_msgs -- -j4 -l4
[1.384s] [  2%] Built target bumperbot_msgs__cpp
[1.426s] [  2%] Built target ament_cmake_python_symlink_bumperbot_msgs
[1.569s] [  5%] Built target bumperbot_msgs__rs
[1.626s] [ 15%] Built target bumperbot_msgs__rosidl_generator_c
[2.105s] [ 25%] Built target bumperbot_msgs__rosidl_typesupport_cpp
[2.536s] Fatal Python error: init_import_site: Failed to import the site module
[2.536s] Python runtime state: initialized
[2.536s] Traceback (most recent call last):
[2.536s]   File "/usr/lib/python3.10/site.py", line 636, in <module>
[2.536s]     main()
[2.536s]   File "/usr/lib/python3.10/site.py", line 623, in main
[2.565s]     known_paths = addsitepackages(known_paths)
[2.565s]   File "/usr/lib/python3.10/site.py", line 406, in addsitepackages
[2.565s]     addsitedir(sitedir, known_paths)
[2.565s]   File "/usr/lib/python3.10/site.py", line 232, in addsitedir
[2.565s]     addpackage(sitedir, name, known_paths)
[2.566s]   File "/usr/lib/python3.10/site.py", line 192, in addpackage
[2.566s]     exec(line)
[2.566s]   File "<string>", line 1, in <module>
[2.566s]   File "/usr/lib/python3.10/importlib/__init__.py", line 57, in <module>
[2.566s]     import warnings
[2.566s]   File "<frozen importlib._bootstrap>", line 1027, in _find_and_load
[2.566s]   File "<frozen importlib._bootstrap>", line 1006, in _find_and_load_unlocked
[2.566s]   File "<frozen importlib._bootstrap>", line 688, in _load_unlocked
[2.566s]   File "<frozen importlib._bootstrap_external>", line 879, in exec_module
[2.566s]   File "<frozen importlib._bootstrap_external>", line 1012, in get_code
[2.566s]   File "<frozen importlib._bootstrap_external>", line 672, in _compile_bytecode
[2.566s] KeyboardInterrupt
[2.566s] gmake[2]: *** [CMakeFiles/ament_cmake_python_build_bumperbot_msgs_egg.dir/build.make:70: CMakeFiles/ament_cmake_python_build_bumperbot_msgs_egg] Interrupt
[2.566s] gmake[1]: *** [CMakeFiles/Makefile2:466: CMakeFiles/ament_cmake_python_build_bumperbot_msgs_egg.dir/all] Interrupt
[2.566s] gmake: *** [Makefile:146: all] Interrupt
