[0.108s] DEBUG:colcon:Command line arguments: ['/usr/bin/colcon', 'build', '--packages-select', 'bumperbot_localization']
[0.108s] DEBUG:colcon:Parsed command line arguments: Namespace(log_base=None, log_level=None, verb_name='build', build_base='build', install_base='install', merge_install=False, symlink_install=False, test_result_base=None, continue_on_error=False, executor='parallel', parallel_workers=4, event_handlers=None, ignore_user_meta=False, metas=['./colcon.meta'], base_paths=['.'], packages_ignore=None, packages_ignore_regex=None, paths=None, packages_up_to=None, packages_up_to_regex=None, packages_above=None, packages_above_and_dependencies=None, packages_above_depth=None, packages_select_by_dep=None, packages_skip_by_dep=None, packages_skip_up_to=None, packages_select_build_failed=False, packages_skip_build_finished=False, packages_select_test_failures=False, packages_skip_test_passed=False, packages_select=['bumperbot_localization'], packages_skip=None, packages_select_regex=None, packages_skip_regex=None, packages_start=None, packages_end=None, allow_overriding=[], cmake_args=None, cmake_target=None, cmake_target_skip_unavailable=False, cmake_clean_cache=False, cmake_clean_first=False, cmake_force_configure=False, ament_cmake_args=None, catkin_cmake_args=None, catkin_skip_building_tests=False, mixin_files=None, mixin=None, verb_parser=<colcon_mixin.mixin.mixin_argument.MixinArgumentDecorator object at 0x7b50ac863220>, verb_extension=<colcon_core.verb.build.BuildVerb object at 0x7b50ac9b0130>, main=<bound method BuildVerb.main of <colcon_core.verb.build.BuildVerb object at 0x7b50ac9b0130>>, mixin_verb=('build',))
[0.244s] Level 1:colcon.colcon_core.package_discovery:discover_packages(colcon_meta) check parameters
[0.245s] Level 1:colcon.colcon_core.package_discovery:discover_packages(recursive) check parameters
[0.245s] Level 1:colcon.colcon_core.package_discovery:discover_packages(ignore) check parameters
[0.245s] Level 1:colcon.colcon_core.package_discovery:discover_packages(path) check parameters
[0.245s] Level 1:colcon.colcon_core.package_discovery:discover_packages(colcon_meta) discover
[0.245s] Level 1:colcon.colcon_core.package_discovery:discover_packages(recursive) discover
[0.245s] INFO:colcon.colcon_core.package_discovery:Crawling recursively for packages in '/home/alexnew/bumperbot_ws'
[0.245s] Level 1:colcon.colcon_core.package_identification:_identify(.) by extensions ['ignore', 'ignore_ament_install']
[0.245s] Level 1:colcon.colcon_core.package_identification:_identify(.) by extension 'ignore'
[0.245s] Level 1:colcon.colcon_core.package_identification:_identify(.) by extension 'ignore_ament_install'
[0.245s] Level 1:colcon.colcon_core.package_identification:_identify(.) by extensions ['colcon_pkg']
[0.245s] Level 1:colcon.colcon_core.package_identification:_identify(.) by extension 'colcon_pkg'
[0.245s] Level 1:colcon.colcon_core.package_identification:_identify(.) by extensions ['colcon_meta']
[0.245s] Level 1:colcon.colcon_core.package_identification:_identify(.) by extension 'colcon_meta'
[0.245s] Level 1:colcon.colcon_core.package_identification:_identify(.) by extensions ['ros']
[0.245s] Level 1:colcon.colcon_core.package_identification:_identify(.) by extension 'ros'
[0.254s] Level 1:colcon.colcon_core.package_identification:_identify(.) by extensions ['cmake', 'python']
[0.254s] Level 1:colcon.colcon_core.package_identification:_identify(.) by extension 'cmake'
[0.254s] Level 1:colcon.colcon_core.package_identification:_identify(.) by extension 'python'
[0.254s] Level 1:colcon.colcon_core.package_identification:_identify(.) by extensions ['python_setup_py']
[0.254s] Level 1:colcon.colcon_core.package_identification:_identify(.) by extension 'python_setup_py'
[0.254s] Level 1:colcon.colcon_core.package_identification:_identify(build) by extensions ['ignore', 'ignore_ament_install']
[0.254s] Level 1:colcon.colcon_core.package_identification:_identify(build) by extension 'ignore'
[0.254s] Level 1:colcon.colcon_core.package_identification:_identify(build) ignored
[0.254s] Level 1:colcon.colcon_core.package_identification:_identify(install) by extensions ['ignore', 'ignore_ament_install']
[0.254s] Level 1:colcon.colcon_core.package_identification:_identify(install) by extension 'ignore'
[0.254s] Level 1:colcon.colcon_core.package_identification:_identify(install) ignored
[0.255s] Level 1:colcon.colcon_core.package_identification:_identify(log) by extensions ['ignore', 'ignore_ament_install']
[0.255s] Level 1:colcon.colcon_core.package_identification:_identify(log) by extension 'ignore'
[0.255s] Level 1:colcon.colcon_core.package_identification:_identify(log) ignored
[0.255s] Level 1:colcon.colcon_core.package_identification:_identify(src) by extensions ['ignore', 'ignore_ament_install']
[0.255s] Level 1:colcon.colcon_core.package_identification:_identify(src) by extension 'ignore'
[0.255s] Level 1:colcon.colcon_core.package_identification:_identify(src) by extension 'ignore_ament_install'
[0.255s] Level 1:colcon.colcon_core.package_identification:_identify(src) by extensions ['colcon_pkg']
[0.255s] Level 1:colcon.colcon_core.package_identification:_identify(src) by extension 'colcon_pkg'
[0.255s] Level 1:colcon.colcon_core.package_identification:_identify(src) by extensions ['colcon_meta']
[0.255s] Level 1:colcon.colcon_core.package_identification:_identify(src) by extension 'colcon_meta'
[0.255s] Level 1:colcon.colcon_core.package_identification:_identify(src) by extensions ['ros']
[0.255s] Level 1:colcon.colcon_core.package_identification:_identify(src) by extension 'ros'
[0.255s] Level 1:colcon.colcon_core.package_identification:_identify(src) by extensions ['cmake', 'python']
[0.255s] Level 1:colcon.colcon_core.package_identification:_identify(src) by extension 'cmake'
[0.255s] Level 1:colcon.colcon_core.package_identification:_identify(src) by extension 'python'
[0.255s] Level 1:colcon.colcon_core.package_identification:_identify(src) by extensions ['python_setup_py']
[0.255s] Level 1:colcon.colcon_core.package_identification:_identify(src) by extension 'python_setup_py'
[0.256s] Level 1:colcon.colcon_core.package_identification:_identify(src/bumperbot_controller) by extensions ['ignore', 'ignore_ament_install']
[0.256s] Level 1:colcon.colcon_core.package_identification:_identify(src/bumperbot_controller) by extension 'ignore'
[0.256s] Level 1:colcon.colcon_core.package_identification:_identify(src/bumperbot_controller) by extension 'ignore_ament_install'
[0.256s] Level 1:colcon.colcon_core.package_identification:_identify(src/bumperbot_controller) by extensions ['colcon_pkg']
[0.256s] Level 1:colcon.colcon_core.package_identification:_identify(src/bumperbot_controller) by extension 'colcon_pkg'
[0.256s] Level 1:colcon.colcon_core.package_identification:_identify(src/bumperbot_controller) by extensions ['colcon_meta']
[0.256s] Level 1:colcon.colcon_core.package_identification:_identify(src/bumperbot_controller) by extension 'colcon_meta'
[0.256s] Level 1:colcon.colcon_core.package_identification:_identify(src/bumperbot_controller) by extensions ['ros']
[0.256s] Level 1:colcon.colcon_core.package_identification:_identify(src/bumperbot_controller) by extension 'ros'
[0.258s] DEBUG:colcon.colcon_core.package_identification:Package 'src/bumperbot_controller' with type 'ros.ament_cmake' and name 'bumperbot_controller'
[0.258s] Level 1:colcon.colcon_core.package_identification:_identify(src/bumperbot_description) by extensions ['ignore', 'ignore_ament_install']
[0.259s] Level 1:colcon.colcon_core.package_identification:_identify(src/bumperbot_description) by extension 'ignore'
[0.259s] Level 1:colcon.colcon_core.package_identification:_identify(src/bumperbot_description) by extension 'ignore_ament_install'
[0.259s] Level 1:colcon.colcon_core.package_identification:_identify(src/bumperbot_description) by extensions ['colcon_pkg']
[0.259s] Level 1:colcon.colcon_core.package_identification:_identify(src/bumperbot_description) by extension 'colcon_pkg'
[0.259s] Level 1:colcon.colcon_core.package_identification:_identify(src/bumperbot_description) by extensions ['colcon_meta']
[0.259s] Level 1:colcon.colcon_core.package_identification:_identify(src/bumperbot_description) by extension 'colcon_meta'
[0.259s] Level 1:colcon.colcon_core.package_identification:_identify(src/bumperbot_description) by extensions ['ros']
[0.259s] Level 1:colcon.colcon_core.package_identification:_identify(src/bumperbot_description) by extension 'ros'
[0.271s] DEBUG:colcon.colcon_core.package_identification:Package 'src/bumperbot_description' with type 'ros.ament_cmake' and name 'bumperbot_description'
[0.271s] Level 1:colcon.colcon_core.package_identification:_identify(src/bumperbot_localization) by extensions ['ignore', 'ignore_ament_install']
[0.271s] Level 1:colcon.colcon_core.package_identification:_identify(src/bumperbot_localization) by extension 'ignore'
[0.271s] Level 1:colcon.colcon_core.package_identification:_identify(src/bumperbot_localization) by extension 'ignore_ament_install'
[0.271s] Level 1:colcon.colcon_core.package_identification:_identify(src/bumperbot_localization) by extensions ['colcon_pkg']
[0.272s] Level 1:colcon.colcon_core.package_identification:_identify(src/bumperbot_localization) by extension 'colcon_pkg'
[0.272s] Level 1:colcon.colcon_core.package_identification:_identify(src/bumperbot_localization) by extensions ['colcon_meta']
[0.272s] Level 1:colcon.colcon_core.package_identification:_identify(src/bumperbot_localization) by extension 'colcon_meta'
[0.272s] Level 1:colcon.colcon_core.package_identification:_identify(src/bumperbot_localization) by extensions ['ros']
[0.272s] Level 1:colcon.colcon_core.package_identification:_identify(src/bumperbot_localization) by extension 'ros'
[0.273s] DEBUG:colcon.colcon_core.package_identification:Package 'src/bumperbot_localization' with type 'ros.ament_cmake' and name 'bumperbot_localization'
[0.273s] Level 1:colcon.colcon_core.package_identification:_identify(src/final_results) by extensions ['ignore', 'ignore_ament_install']
[0.273s] Level 1:colcon.colcon_core.package_identification:_identify(src/final_results) by extension 'ignore'
[0.273s] Level 1:colcon.colcon_core.package_identification:_identify(src/final_results) by extension 'ignore_ament_install'
[0.273s] Level 1:colcon.colcon_core.package_identification:_identify(src/final_results) by extensions ['colcon_pkg']
[0.273s] Level 1:colcon.colcon_core.package_identification:_identify(src/final_results) by extension 'colcon_pkg'
[0.273s] Level 1:colcon.colcon_core.package_identification:_identify(src/final_results) by extensions ['colcon_meta']
[0.273s] Level 1:colcon.colcon_core.package_identification:_identify(src/final_results) by extension 'colcon_meta'
[0.273s] Level 1:colcon.colcon_core.package_identification:_identify(src/final_results) by extensions ['ros']
[0.273s] Level 1:colcon.colcon_core.package_identification:_identify(src/final_results) by extension 'ros'
[0.273s] Level 1:colcon.colcon_core.package_identification:_identify(src/final_results) by extensions ['cmake', 'python']
[0.273s] Level 1:colcon.colcon_core.package_identification:_identify(src/final_results) by extension 'cmake'
[0.273s] Level 1:colcon.colcon_core.package_identification:_identify(src/final_results) by extension 'python'
[0.273s] Level 1:colcon.colcon_core.package_identification:_identify(src/final_results) by extensions ['python_setup_py']
[0.273s] Level 1:colcon.colcon_core.package_identification:_identify(src/final_results) by extension 'python_setup_py'
[0.274s] Level 1:colcon.colcon_core.package_identification:_identify(src/final_results/archive_models) by extensions ['ignore', 'ignore_ament_install']
[0.274s] Level 1:colcon.colcon_core.package_identification:_identify(src/final_results/archive_models) by extension 'ignore'
[0.274s] Level 1:colcon.colcon_core.package_identification:_identify(src/final_results/archive_models) by extension 'ignore_ament_install'
[0.274s] Level 1:colcon.colcon_core.package_identification:_identify(src/final_results/archive_models) by extensions ['colcon_pkg']
[0.274s] Level 1:colcon.colcon_core.package_identification:_identify(src/final_results/archive_models) by extension 'colcon_pkg'
[0.274s] Level 1:colcon.colcon_core.package_identification:_identify(src/final_results/archive_models) by extensions ['colcon_meta']
[0.274s] Level 1:colcon.colcon_core.package_identification:_identify(src/final_results/archive_models) by extension 'colcon_meta'
[0.274s] Level 1:colcon.colcon_core.package_identification:_identify(src/final_results/archive_models) by extensions ['ros']
[0.274s] Level 1:colcon.colcon_core.package_identification:_identify(src/final_results/archive_models) by extension 'ros'
[0.274s] Level 1:colcon.colcon_core.package_identification:_identify(src/final_results/archive_models) by extensions ['cmake', 'python']
[0.274s] Level 1:colcon.colcon_core.package_identification:_identify(src/final_results/archive_models) by extension 'cmake'
[0.274s] Level 1:colcon.colcon_core.package_identification:_identify(src/final_results/archive_models) by extension 'python'
[0.274s] Level 1:colcon.colcon_core.package_identification:_identify(src/final_results/archive_models) by extensions ['python_setup_py']
[0.274s] Level 1:colcon.colcon_core.package_identification:_identify(src/final_results/archive_models) by extension 'python_setup_py'
[0.275s] Level 1:colcon.colcon_core.package_identification:_identify(src/final_results/final_model) by extensions ['ignore', 'ignore_ament_install']
[0.275s] Level 1:colcon.colcon_core.package_identification:_identify(src/final_results/final_model) by extension 'ignore'
[0.275s] Level 1:colcon.colcon_core.package_identification:_identify(src/final_results/final_model) by extension 'ignore_ament_install'
[0.275s] Level 1:colcon.colcon_core.package_identification:_identify(src/final_results/final_model) by extensions ['colcon_pkg']
[0.275s] Level 1:colcon.colcon_core.package_identification:_identify(src/final_results/final_model) by extension 'colcon_pkg'
[0.275s] Level 1:colcon.colcon_core.package_identification:_identify(src/final_results/final_model) by extensions ['colcon_meta']
[0.275s] Level 1:colcon.colcon_core.package_identification:_identify(src/final_results/final_model) by extension 'colcon_meta'
[0.275s] Level 1:colcon.colcon_core.package_identification:_identify(src/final_results/final_model) by extensions ['ros']
[0.275s] Level 1:colcon.colcon_core.package_identification:_identify(src/final_results/final_model) by extension 'ros'
[0.275s] Level 1:colcon.colcon_core.package_identification:_identify(src/final_results/final_model) by extensions ['cmake', 'python']
[0.275s] Level 1:colcon.colcon_core.package_identification:_identify(src/final_results/final_model) by extension 'cmake'
[0.275s] Level 1:colcon.colcon_core.package_identification:_identify(src/final_results/final_model) by extension 'python'
[0.275s] Level 1:colcon.colcon_core.package_identification:_identify(src/final_results/final_model) by extensions ['python_setup_py']
[0.275s] Level 1:colcon.colcon_core.package_identification:_identify(src/final_results/final_model) by extension 'python_setup_py'
[0.276s] Level 1:colcon.colcon_core.package_identification:_identify(src/final_results/no_slip_test) by extensions ['ignore', 'ignore_ament_install']
[0.276s] Level 1:colcon.colcon_core.package_identification:_identify(src/final_results/no_slip_test) by extension 'ignore'
[0.276s] Level 1:colcon.colcon_core.package_identification:_identify(src/final_results/no_slip_test) by extension 'ignore_ament_install'
[0.276s] Level 1:colcon.colcon_core.package_identification:_identify(src/final_results/no_slip_test) by extensions ['colcon_pkg']
[0.276s] Level 1:colcon.colcon_core.package_identification:_identify(src/final_results/no_slip_test) by extension 'colcon_pkg'
[0.276s] Level 1:colcon.colcon_core.package_identification:_identify(src/final_results/no_slip_test) by extensions ['colcon_meta']
[0.276s] Level 1:colcon.colcon_core.package_identification:_identify(src/final_results/no_slip_test) by extension 'colcon_meta'
[0.276s] Level 1:colcon.colcon_core.package_identification:_identify(src/final_results/no_slip_test) by extensions ['ros']
[0.276s] Level 1:colcon.colcon_core.package_identification:_identify(src/final_results/no_slip_test) by extension 'ros'
[0.276s] Level 1:colcon.colcon_core.package_identification:_identify(src/final_results/no_slip_test) by extensions ['cmake', 'python']
[0.276s] Level 1:colcon.colcon_core.package_identification:_identify(src/final_results/no_slip_test) by extension 'cmake'
[0.276s] Level 1:colcon.colcon_core.package_identification:_identify(src/final_results/no_slip_test) by extension 'python'
[0.276s] Level 1:colcon.colcon_core.package_identification:_identify(src/final_results/no_slip_test) by extensions ['python_setup_py']
[0.276s] Level 1:colcon.colcon_core.package_identification:_identify(src/final_results/no_slip_test) by extension 'python_setup_py'
[0.276s] Level 1:colcon.colcon_core.package_identification:_identify(test_cases) by extensions ['ignore', 'ignore_ament_install']
[0.277s] Level 1:colcon.colcon_core.package_identification:_identify(test_cases) by extension 'ignore'
[0.277s] Level 1:colcon.colcon_core.package_identification:_identify(test_cases) by extension 'ignore_ament_install'
[0.277s] Level 1:colcon.colcon_core.package_identification:_identify(test_cases) by extensions ['colcon_pkg']
[0.277s] Level 1:colcon.colcon_core.package_identification:_identify(test_cases) by extension 'colcon_pkg'
[0.277s] Level 1:colcon.colcon_core.package_identification:_identify(test_cases) by extensions ['colcon_meta']
[0.277s] Level 1:colcon.colcon_core.package_identification:_identify(test_cases) by extension 'colcon_meta'
[0.277s] Level 1:colcon.colcon_core.package_identification:_identify(test_cases) by extensions ['ros']
[0.277s] Level 1:colcon.colcon_core.package_identification:_identify(test_cases) by extension 'ros'
[0.277s] Level 1:colcon.colcon_core.package_identification:_identify(test_cases) by extensions ['cmake', 'python']
[0.277s] Level 1:colcon.colcon_core.package_identification:_identify(test_cases) by extension 'cmake'
[0.277s] Level 1:colcon.colcon_core.package_identification:_identify(test_cases) by extension 'python'
[0.277s] Level 1:colcon.colcon_core.package_identification:_identify(test_cases) by extensions ['python_setup_py']
[0.277s] Level 1:colcon.colcon_core.package_identification:_identify(test_cases) by extension 'python_setup_py'
[0.277s] Level 1:colcon.colcon_core.package_identification:_identify(test_cases/case_1_no_slip_v2) by extensions ['ignore', 'ignore_ament_install']
[0.278s] Level 1:colcon.colcon_core.package_identification:_identify(test_cases/case_1_no_slip_v2) by extension 'ignore'
[0.278s] Level 1:colcon.colcon_core.package_identification:_identify(test_cases/case_1_no_slip_v2) by extension 'ignore_ament_install'
[0.278s] Level 1:colcon.colcon_core.package_identification:_identify(test_cases/case_1_no_slip_v2) by extensions ['colcon_pkg']
[0.278s] Level 1:colcon.colcon_core.package_identification:_identify(test_cases/case_1_no_slip_v2) by extension 'colcon_pkg'
[0.278s] Level 1:colcon.colcon_core.package_identification:_identify(test_cases/case_1_no_slip_v2) by extensions ['colcon_meta']
[0.278s] Level 1:colcon.colcon_core.package_identification:_identify(test_cases/case_1_no_slip_v2) by extension 'colcon_meta'
[0.278s] Level 1:colcon.colcon_core.package_identification:_identify(test_cases/case_1_no_slip_v2) by extensions ['ros']
[0.278s] Level 1:colcon.colcon_core.package_identification:_identify(test_cases/case_1_no_slip_v2) by extension 'ros'
[0.278s] Level 1:colcon.colcon_core.package_identification:_identify(test_cases/case_1_no_slip_v2) by extensions ['cmake', 'python']
[0.278s] Level 1:colcon.colcon_core.package_identification:_identify(test_cases/case_1_no_slip_v2) by extension 'cmake'
[0.278s] Level 1:colcon.colcon_core.package_identification:_identify(test_cases/case_1_no_slip_v2) by extension 'python'
[0.278s] Level 1:colcon.colcon_core.package_identification:_identify(test_cases/case_1_no_slip_v2) by extensions ['python_setup_py']
[0.278s] Level 1:colcon.colcon_core.package_identification:_identify(test_cases/case_1_no_slip_v2) by extension 'python_setup_py'
[0.278s] Level 1:colcon.colcon_core.package_discovery:discover_packages(recursive) using defaults
[0.278s] Level 1:colcon.colcon_core.package_discovery:discover_packages(ignore) discover
[0.278s] Level 1:colcon.colcon_core.package_discovery:discover_packages(ignore) using defaults
[0.278s] Level 1:colcon.colcon_core.package_discovery:discover_packages(path) discover
[0.278s] Level 1:colcon.colcon_core.package_discovery:discover_packages(path) using defaults
[0.293s] INFO:colcon.colcon_core.package_selection:Skipping not selected package 'bumperbot_controller' in 'src/bumperbot_controller'
[0.293s] INFO:colcon.colcon_core.package_selection:Skipping not selected package 'bumperbot_description' in 'src/bumperbot_description'
[0.294s] Level 1:colcon.colcon_core.package_discovery:discover_packages(prefix_path) check parameters
[0.294s] Level 1:colcon.colcon_core.package_discovery:discover_packages(prefix_path) discover
[0.295s] DEBUG:colcon.colcon_installed_package_information.package_discovery:Found 6 installed packages in /home/alexnew/bumperbot_ws/install
[0.296s] DEBUG:colcon.colcon_installed_package_information.package_discovery:Found 434 installed packages in /opt/ros/humble
[0.298s] Level 1:colcon.colcon_core.package_discovery:discover_packages(prefix_path) using defaults
[0.339s] Level 5:colcon.colcon_core.verb:set package 'bumperbot_localization' build argument 'cmake_args' from command line to 'None'
[0.339s] Level 5:colcon.colcon_core.verb:set package 'bumperbot_localization' build argument 'cmake_target' from command line to 'None'
[0.339s] Level 5:colcon.colcon_core.verb:set package 'bumperbot_localization' build argument 'cmake_target_skip_unavailable' from command line to 'False'
[0.339s] Level 5:colcon.colcon_core.verb:set package 'bumperbot_localization' build argument 'cmake_clean_cache' from command line to 'False'
[0.339s] Level 5:colcon.colcon_core.verb:set package 'bumperbot_localization' build argument 'cmake_clean_first' from command line to 'False'
[0.339s] Level 5:colcon.colcon_core.verb:set package 'bumperbot_localization' build argument 'cmake_force_configure' from command line to 'False'
[0.339s] Level 5:colcon.colcon_core.verb:set package 'bumperbot_localization' build argument 'ament_cmake_args' from command line to 'None'
[0.339s] Level 5:colcon.colcon_core.verb:set package 'bumperbot_localization' build argument 'catkin_cmake_args' from command line to 'None'
[0.339s] Level 5:colcon.colcon_core.verb:set package 'bumperbot_localization' build argument 'catkin_skip_building_tests' from command line to 'False'
[0.339s] DEBUG:colcon.colcon_core.verb:Building package 'bumperbot_localization' with the following arguments: {'ament_cmake_args': None, 'build_base': '/home/alexnew/bumperbot_ws/build/bumperbot_localization', 'catkin_cmake_args': None, 'catkin_skip_building_tests': False, 'cmake_args': None, 'cmake_clean_cache': False, 'cmake_clean_first': False, 'cmake_force_configure': False, 'cmake_target': None, 'cmake_target_skip_unavailable': False, 'install_base': '/home/alexnew/bumperbot_ws/install/bumperbot_localization', 'merge_install': False, 'path': '/home/alexnew/bumperbot_ws/src/bumperbot_localization', 'symlink_install': False, 'test_result_base': None}
[0.339s] INFO:colcon.colcon_core.executor:Executing jobs using 'parallel' executor
[0.341s] DEBUG:colcon.colcon_parallel_executor.executor.parallel:run_until_complete
[0.341s] INFO:colcon.colcon_ros.task.ament_cmake.build:Building ROS package in '/home/alexnew/bumperbot_ws/src/bumperbot_localization' with build type 'ament_cmake'
[0.341s] INFO:colcon.colcon_cmake.task.cmake.build:Building CMake package in '/home/alexnew/bumperbot_ws/src/bumperbot_localization'
[0.344s] INFO:colcon.colcon_core.plugin_system:Skipping extension 'colcon_core.shell.bat': Not used on non-Windows systems
[0.344s] INFO:colcon.colcon_core.shell:Skip shell extension 'powershell' for command environment: Not usable outside of PowerShell
[0.345s] DEBUG:colcon.colcon_core.shell:Skip shell extension 'dsv' for command environment
[0.366s] DEBUG:colcon.colcon_core.event_handler.log_command:Invoking command in '/home/alexnew/bumperbot_ws/build/bumperbot_localization': CMAKE_PREFIX_PATH=${CMAKE_PREFIX_PATH}:/home/alexnew/bumperbot_ws/install/bumperbot_py_examples:/opt/ros/humble /usr/bin/cmake --build /home/alexnew/bumperbot_ws/build/bumperbot_localization -- -j4 -l4
[0.807s] DEBUG:colcon.colcon_core.event_handler.log_command:Invoked command in '/home/alexnew/bumperbot_ws/build/bumperbot_localization' returned '0': CMAKE_PREFIX_PATH=${CMAKE_PREFIX_PATH}:/home/alexnew/bumperbot_ws/install/bumperbot_py_examples:/opt/ros/humble /usr/bin/cmake --build /home/alexnew/bumperbot_ws/build/bumperbot_localization -- -j4 -l4
[0.827s] DEBUG:colcon.colcon_core.event_handler.log_command:Invoking command in '/home/alexnew/bumperbot_ws/build/bumperbot_localization': CMAKE_PREFIX_PATH=${CMAKE_PREFIX_PATH}:/home/alexnew/bumperbot_ws/install/bumperbot_py_examples:/opt/ros/humble /usr/bin/cmake --install /home/alexnew/bumperbot_ws/build/bumperbot_localization
[0.923s] Level 1:colcon.colcon_core.environment:create_environment_scripts_only(bumperbot_localization)
[0.924s] DEBUG:colcon.colcon_core.event_handler.log_command:Invoked command in '/home/alexnew/bumperbot_ws/build/bumperbot_localization' returned '0': CMAKE_PREFIX_PATH=${CMAKE_PREFIX_PATH}:/home/alexnew/bumperbot_ws/install/bumperbot_py_examples:/opt/ros/humble /usr/bin/cmake --install /home/alexnew/bumperbot_ws/build/bumperbot_localization
[0.927s] Level 1:colcon.colcon_core.environment:checking '/home/alexnew/bumperbot_ws/install/bumperbot_localization' for CMake module files
[0.928s] Level 1:colcon.colcon_core.environment:checking '/home/alexnew/bumperbot_ws/install/bumperbot_localization' for CMake config files
[0.928s] Level 1:colcon.colcon_core.shell:create_environment_hook('bumperbot_localization', 'cmake_prefix_path')
[0.929s] INFO:colcon.colcon_core.shell:Creating environment hook '/home/alexnew/bumperbot_ws/install/bumperbot_localization/share/bumperbot_localization/hook/cmake_prefix_path.ps1'
[0.931s] INFO:colcon.colcon_core.shell:Creating environment descriptor '/home/alexnew/bumperbot_ws/install/bumperbot_localization/share/bumperbot_localization/hook/cmake_prefix_path.dsv'
[0.932s] INFO:colcon.colcon_core.shell:Creating environment hook '/home/alexnew/bumperbot_ws/install/bumperbot_localization/share/bumperbot_localization/hook/cmake_prefix_path.sh'
[0.934s] Level 1:colcon.colcon_core.environment:checking '/home/alexnew/bumperbot_ws/install/bumperbot_localization/lib'
[0.934s] Level 1:colcon.colcon_core.environment:checking '/home/alexnew/bumperbot_ws/install/bumperbot_localization/bin'
[0.934s] Level 1:colcon.colcon_core.environment:checking '/home/alexnew/bumperbot_ws/install/bumperbot_localization/lib/pkgconfig/bumperbot_localization.pc'
[0.934s] Level 1:colcon.colcon_core.environment:checking '/home/alexnew/bumperbot_ws/install/bumperbot_localization/lib/python3.10/site-packages'
[0.935s] Level 1:colcon.colcon_core.environment:checking '/home/alexnew/bumperbot_ws/install/bumperbot_localization/bin'
[0.935s] INFO:colcon.colcon_core.shell:Creating package script '/home/alexnew/bumperbot_ws/install/bumperbot_localization/share/bumperbot_localization/package.ps1'
[0.937s] INFO:colcon.colcon_core.shell:Creating package descriptor '/home/alexnew/bumperbot_ws/install/bumperbot_localization/share/bumperbot_localization/package.dsv'
[0.938s] INFO:colcon.colcon_core.shell:Creating package script '/home/alexnew/bumperbot_ws/install/bumperbot_localization/share/bumperbot_localization/package.sh'
[0.939s] INFO:colcon.colcon_core.shell:Creating package script '/home/alexnew/bumperbot_ws/install/bumperbot_localization/share/bumperbot_localization/package.bash'
[0.940s] INFO:colcon.colcon_core.shell:Creating package script '/home/alexnew/bumperbot_ws/install/bumperbot_localization/share/bumperbot_localization/package.zsh'
[0.942s] Level 1:colcon.colcon_core.environment:create_file_with_runtime_dependencies(/home/alexnew/bumperbot_ws/install/bumperbot_localization/share/colcon-core/packages/bumperbot_localization)
[0.943s] Level 1:colcon.colcon_core.environment:create_environment_scripts_only(bumperbot_localization)
[0.944s] Level 1:colcon.colcon_core.environment:checking '/home/alexnew/bumperbot_ws/install/bumperbot_localization' for CMake module files
[0.946s] Level 1:colcon.colcon_core.environment:checking '/home/alexnew/bumperbot_ws/install/bumperbot_localization' for CMake config files
[0.947s] Level 1:colcon.colcon_core.shell:create_environment_hook('bumperbot_localization', 'cmake_prefix_path')
[0.947s] INFO:colcon.colcon_core.shell:Creating environment hook '/home/alexnew/bumperbot_ws/install/bumperbot_localization/share/bumperbot_localization/hook/cmake_prefix_path.ps1'
[0.948s] INFO:colcon.colcon_core.shell:Creating environment descriptor '/home/alexnew/bumperbot_ws/install/bumperbot_localization/share/bumperbot_localization/hook/cmake_prefix_path.dsv'
[0.949s] INFO:colcon.colcon_core.shell:Creating environment hook '/home/alexnew/bumperbot_ws/install/bumperbot_localization/share/bumperbot_localization/hook/cmake_prefix_path.sh'
[0.950s] Level 1:colcon.colcon_core.environment:checking '/home/alexnew/bumperbot_ws/install/bumperbot_localization/lib'
[0.950s] Level 1:colcon.colcon_core.environment:checking '/home/alexnew/bumperbot_ws/install/bumperbot_localization/bin'
[0.951s] Level 1:colcon.colcon_core.environment:checking '/home/alexnew/bumperbot_ws/install/bumperbot_localization/lib/pkgconfig/bumperbot_localization.pc'
[0.951s] Level 1:colcon.colcon_core.environment:checking '/home/alexnew/bumperbot_ws/install/bumperbot_localization/lib/python3.10/site-packages'
[0.951s] Level 1:colcon.colcon_core.environment:checking '/home/alexnew/bumperbot_ws/install/bumperbot_localization/bin'
[0.952s] INFO:colcon.colcon_core.shell:Creating package script '/home/alexnew/bumperbot_ws/install/bumperbot_localization/share/bumperbot_localization/package.ps1'
[0.954s] INFO:colcon.colcon_core.shell:Creating package descriptor '/home/alexnew/bumperbot_ws/install/bumperbot_localization/share/bumperbot_localization/package.dsv'
[0.955s] INFO:colcon.colcon_core.shell:Creating package script '/home/alexnew/bumperbot_ws/install/bumperbot_localization/share/bumperbot_localization/package.sh'
[0.957s] INFO:colcon.colcon_core.shell:Creating package script '/home/alexnew/bumperbot_ws/install/bumperbot_localization/share/bumperbot_localization/package.bash'
[0.959s] INFO:colcon.colcon_core.shell:Creating package script '/home/alexnew/bumperbot_ws/install/bumperbot_localization/share/bumperbot_localization/package.zsh'
[0.961s] Level 1:colcon.colcon_core.environment:create_file_with_runtime_dependencies(/home/alexnew/bumperbot_ws/install/bumperbot_localization/share/colcon-core/packages/bumperbot_localization)
[0.962s] DEBUG:colcon.colcon_parallel_executor.executor.parallel:closing loop
[0.963s] DEBUG:colcon.colcon_parallel_executor.executor.parallel:loop closed
[0.963s] DEBUG:colcon.colcon_parallel_executor.executor.parallel:run_until_complete finished with '0'
[0.963s] DEBUG:colcon.colcon_core.event_reactor:joining thread
[0.965s] DEBUG:colcon.colcon_core.event_reactor:joined thread
[0.966s] INFO:colcon.colcon_core.shell:Creating prefix script '/home/alexnew/bumperbot_ws/install/local_setup.ps1'
[0.968s] INFO:colcon.colcon_core.shell:Creating prefix util module '/home/alexnew/bumperbot_ws/install/_local_setup_util_ps1.py'
[0.970s] INFO:colcon.colcon_core.shell:Creating prefix chain script '/home/alexnew/bumperbot_ws/install/setup.ps1'
[0.972s] INFO:colcon.colcon_core.shell:Creating prefix script '/home/alexnew/bumperbot_ws/install/local_setup.sh'
[0.974s] INFO:colcon.colcon_core.shell:Creating prefix util module '/home/alexnew/bumperbot_ws/install/_local_setup_util_sh.py'
[0.974s] INFO:colcon.colcon_core.shell:Creating prefix chain script '/home/alexnew/bumperbot_ws/install/setup.sh'
[0.976s] INFO:colcon.colcon_core.shell:Creating prefix script '/home/alexnew/bumperbot_ws/install/local_setup.bash'
[0.977s] INFO:colcon.colcon_core.shell:Creating prefix chain script '/home/alexnew/bumperbot_ws/install/setup.bash'
[0.979s] INFO:colcon.colcon_core.shell:Creating prefix script '/home/alexnew/bumperbot_ws/install/local_setup.zsh'
[0.980s] INFO:colcon.colcon_core.shell:Creating prefix chain script '/home/alexnew/bumperbot_ws/install/setup.zsh'
