[0.192s] Invoking command in '/home/alexnew/bumperbot_ws/build/bumperbot_msgs': CMAKE_PREFIX_PATH=${CMAKE_PREFIX_PATH}:/home/alexnew/bumperbot_ws/install/bumperbot_py_examples:/opt/ros/humble /usr/bin/cmake --build /home/alexnew/bumperbot_ws/build/bumperbot_msgs -- -j4 -l4
[0.472s] [  2%] Built target bumperbot_msgs__cpp
[0.595s] [  2%] Built target ament_cmake_python_symlink_bumperbot_msgs
[0.729s] [ 12%] Built target bumperbot_msgs__rosidl_typesupport_introspection_cpp
[0.910s] [ 22%] Built target bumperbot_msgs__rosidl_typesupport_cpp
[1.164s] [ 32%] Built target bumperbot_msgs__rosidl_typesupport_fastrtps_cpp
[2.050s] running egg_info
[2.051s] writing bumperbot_msgs.egg-info/PKG-INFO
[2.051s] writing dependency_links to bumperbot_msgs.egg-info/dependency_links.txt
[2.051s] writing top-level names to bumperbot_msgs.egg-info/top_level.txt
[2.067s] reading manifest file 'bumperbot_msgs.egg-info/SOURCES.txt'
[2.071s] writing manifest file 'bumperbot_msgs.egg-info/SOURCES.txt'
[2.189s] [ 32%] Built target ament_cmake_python_build_bumperbot_msgs_egg
[2.288s] [ 35%] Built target bumperbot_msgs__rs
[2.397s] [ 45%] Built target bumperbot_msgs__rosidl_generator_c
[2.522s] [ 55%] Built target bumperbot_msgs__rosidl_typesupport_fastrtps_c
[2.590s] [ 65%] Built target bumperbot_msgs__rosidl_typesupport_c
[2.657s] [ 75%] Built target bumperbot_msgs__rosidl_typesupport_introspection_c
[2.723s] [ 75%] Built target bumperbot_msgs
[2.806s] [ 77%] Built target bumperbot_msgs__py
[2.859s] [ 85%] Built target bumperbot_msgs__rosidl_generator_py
[2.934s] [ 90%] Built target bumperbot_msgs__rosidl_typesupport_fastrtps_c__pyext
[3.021s] [ 95%] Built target bumperbot_msgs__rosidl_typesupport_c__pyext
[3.119s] [100%] Built target bumperbot_msgs__rosidl_typesupport_introspection_c__pyext
[3.157s] Invoked command in '/home/alexnew/bumperbot_ws/build/bumperbot_msgs' returned '0': CMAKE_PREFIX_PATH=${CMAKE_PREFIX_PATH}:/home/alexnew/bumperbot_ws/install/bumperbot_py_examples:/opt/ros/humble /usr/bin/cmake --build /home/alexnew/bumperbot_ws/build/bumperbot_msgs -- -j4 -l4
[3.158s] Invoking command in '/home/alexnew/bumperbot_ws/build/bumperbot_msgs': CMAKE_PREFIX_PATH=${CMAKE_PREFIX_PATH}:/home/alexnew/bumperbot_ws/install/bumperbot_py_examples:/opt/ros/humble /usr/bin/cmake --install /home/alexnew/bumperbot_ws/build/bumperbot_msgs
[3.185s] -- Install configuration: ""
[3.186s] -- Execute custom install script
[3.189s] -- Up-to-date symlink: /home/alexnew/bumperbot_ws/install/bumperbot_msgs/share/ament_index/resource_index/rosidl_interfaces/bumperbot_msgs
[3.189s] -- Up-to-date symlink: /home/alexnew/bumperbot_ws/install/bumperbot_msgs/include/bumperbot_msgs/bumperbot_msgs/msg/rosidl_generator_c__visibility_control.h
[3.189s] -- Up-to-date symlink: /home/alexnew/bumperbot_ws/install/bumperbot_msgs/include/bumperbot_msgs/bumperbot_msgs/srv/add_two_ints.h
[3.190s] -- Up-to-date symlink: /home/alexnew/bumperbot_ws/install/bumperbot_msgs/include/bumperbot_msgs/bumperbot_msgs/srv/detail/add_two_ints__functions.h
[3.190s] -- Up-to-date symlink: /home/alexnew/bumperbot_ws/install/bumperbot_msgs/include/bumperbot_msgs/bumperbot_msgs/srv/detail/add_two_ints__struct.h
[3.190s] -- Up-to-date symlink: /home/alexnew/bumperbot_ws/install/bumperbot_msgs/include/bumperbot_msgs/bumperbot_msgs/srv/detail/add_two_ints__type_support.h
[3.190s] -- Up-to-date symlink: /home/alexnew/bumperbot_ws/install/bumperbot_msgs/include/bumperbot_msgs/bumperbot_msgs/srv/detail/get_transform__functions.h
[3.190s] -- Up-to-date symlink: /home/alexnew/bumperbot_ws/install/bumperbot_msgs/include/bumperbot_msgs/bumperbot_msgs/srv/detail/get_transform__struct.h
[3.191s] -- Up-to-date symlink: /home/alexnew/bumperbot_ws/install/bumperbot_msgs/include/bumperbot_msgs/bumperbot_msgs/srv/detail/get_transform__type_support.h
[3.191s] -- Up-to-date symlink: /home/alexnew/bumperbot_ws/install/bumperbot_msgs/include/bumperbot_msgs/bumperbot_msgs/srv/get_transform.h
[3.191s] -- Up-to-date symlink: /home/alexnew/bumperbot_ws/install/bumperbot_msgs/share/bumperbot_msgs/environment/library_path.sh
[3.193s] -- Up-to-date symlink: /home/alexnew/bumperbot_ws/install/bumperbot_msgs/share/bumperbot_msgs/environment/library_path.dsv
[3.193s] -- Up-to-date symlink: /home/alexnew/bumperbot_ws/install/bumperbot_msgs/include/bumperbot_msgs/bumperbot_msgs/msg/rosidl_typesupport_fastrtps_c__visibility_control.h
[3.193s] -- Up-to-date symlink: /home/alexnew/bumperbot_ws/install/bumperbot_msgs/include/bumperbot_msgs/bumperbot_msgs/srv/detail/add_two_ints__rosidl_typesupport_fastrtps_c.h
[3.193s] -- Up-to-date symlink: /home/alexnew/bumperbot_ws/install/bumperbot_msgs/include/bumperbot_msgs/bumperbot_msgs/srv/detail/get_transform__rosidl_typesupport_fastrtps_c.h
[3.196s] -- Up-to-date symlink: /home/alexnew/bumperbot_ws/install/bumperbot_msgs/include/bumperbot_msgs/bumperbot_msgs/msg/rosidl_generator_cpp__visibility_control.hpp
[3.197s] -- Up-to-date symlink: /home/alexnew/bumperbot_ws/install/bumperbot_msgs/include/bumperbot_msgs/bumperbot_msgs/srv/add_two_ints.hpp
[3.197s] -- Up-to-date symlink: /home/alexnew/bumperbot_ws/install/bumperbot_msgs/include/bumperbot_msgs/bumperbot_msgs/srv/detail/add_two_ints__builder.hpp
[3.197s] -- Up-to-date symlink: /home/alexnew/bumperbot_ws/install/bumperbot_msgs/include/bumperbot_msgs/bumperbot_msgs/srv/detail/add_two_ints__struct.hpp
[3.197s] -- Up-to-date symlink: /home/alexnew/bumperbot_ws/install/bumperbot_msgs/include/bumperbot_msgs/bumperbot_msgs/srv/detail/add_two_ints__traits.hpp
[3.197s] -- Up-to-date symlink: /home/alexnew/bumperbot_ws/install/bumperbot_msgs/include/bumperbot_msgs/bumperbot_msgs/srv/detail/add_two_ints__type_support.hpp
[3.197s] -- Up-to-date symlink: /home/alexnew/bumperbot_ws/install/bumperbot_msgs/include/bumperbot_msgs/bumperbot_msgs/srv/detail/get_transform__builder.hpp
[3.197s] -- Up-to-date symlink: /home/alexnew/bumperbot_ws/install/bumperbot_msgs/include/bumperbot_msgs/bumperbot_msgs/srv/detail/get_transform__struct.hpp
[3.197s] -- Up-to-date symlink: /home/alexnew/bumperbot_ws/install/bumperbot_msgs/include/bumperbot_msgs/bumperbot_msgs/srv/detail/get_transform__traits.hpp
[3.197s] -- Up-to-date symlink: /home/alexnew/bumperbot_ws/install/bumperbot_msgs/include/bumperbot_msgs/bumperbot_msgs/srv/detail/get_transform__type_support.hpp
[3.197s] -- Up-to-date symlink: /home/alexnew/bumperbot_ws/install/bumperbot_msgs/include/bumperbot_msgs/bumperbot_msgs/srv/get_transform.hpp
[3.197s] -- Up-to-date symlink: /home/alexnew/bumperbot_ws/install/bumperbot_msgs/include/bumperbot_msgs/bumperbot_msgs/msg/rosidl_typesupport_fastrtps_cpp__visibility_control.h
[3.197s] -- Up-to-date symlink: /home/alexnew/bumperbot_ws/install/bumperbot_msgs/include/bumperbot_msgs/bumperbot_msgs/srv/detail/add_two_ints__rosidl_typesupport_fastrtps_cpp.hpp
[3.197s] -- Up-to-date symlink: /home/alexnew/bumperbot_ws/install/bumperbot_msgs/include/bumperbot_msgs/bumperbot_msgs/srv/detail/get_transform__rosidl_typesupport_fastrtps_cpp.hpp
[3.202s] -- Up-to-date symlink: /home/alexnew/bumperbot_ws/install/bumperbot_msgs/include/bumperbot_msgs/bumperbot_msgs/msg/rosidl_typesupport_introspection_c__visibility_control.h
[3.202s] -- Up-to-date symlink: /home/alexnew/bumperbot_ws/install/bumperbot_msgs/include/bumperbot_msgs/bumperbot_msgs/srv/detail/add_two_ints__rosidl_typesupport_introspection_c.h
[3.205s] -- Up-to-date symlink: /home/alexnew/bumperbot_ws/install/bumperbot_msgs/include/bumperbot_msgs/bumperbot_msgs/srv/detail/get_transform__rosidl_typesupport_introspection_c.h
[3.206s] -- Up-to-date symlink: /home/alexnew/bumperbot_ws/install/bumperbot_msgs/include/bumperbot_msgs/bumperbot_msgs/srv/detail/add_two_ints__rosidl_typesupport_introspection_cpp.hpp
[3.206s] -- Up-to-date symlink: /home/alexnew/bumperbot_ws/install/bumperbot_msgs/include/bumperbot_msgs/bumperbot_msgs/srv/detail/get_transform__rosidl_typesupport_introspection_cpp.hpp
[3.206s] -- Up-to-date symlink: /home/alexnew/bumperbot_ws/install/bumperbot_msgs/share/bumperbot_msgs/environment/pythonpath.sh
[3.206s] -- Up-to-date symlink: /home/alexnew/bumperbot_ws/install/bumperbot_msgs/share/bumperbot_msgs/environment/pythonpath.dsv
[3.206s] -- Up-to-date symlink: /home/alexnew/bumperbot_ws/install/bumperbot_msgs/local/lib/python3.10/dist-packages/bumperbot_msgs-0.0.0-py3.10.egg-info/PKG-INFO
[3.206s] -- Up-to-date symlink: /home/alexnew/bumperbot_ws/install/bumperbot_msgs/local/lib/python3.10/dist-packages/bumperbot_msgs-0.0.0-py3.10.egg-info/SOURCES.txt
[3.206s] -- Up-to-date symlink: /home/alexnew/bumperbot_ws/install/bumperbot_msgs/local/lib/python3.10/dist-packages/bumperbot_msgs-0.0.0-py3.10.egg-info/dependency_links.txt
[3.206s] -- Up-to-date symlink: /home/alexnew/bumperbot_ws/install/bumperbot_msgs/local/lib/python3.10/dist-packages/bumperbot_msgs-0.0.0-py3.10.egg-info/top_level.txt
[3.207s] -- Up-to-date symlink: /home/alexnew/bumperbot_ws/install/bumperbot_msgs/local/lib/python3.10/dist-packages/bumperbot_msgs/__init__.py
[3.208s] -- Up-to-date symlink: /home/alexnew/bumperbot_ws/install/bumperbot_msgs/local/lib/python3.10/dist-packages/bumperbot_msgs/_bumperbot_msgs_s.ep.rosidl_typesupport_c.c
[3.209s] -- Up-to-date symlink: /home/alexnew/bumperbot_ws/install/bumperbot_msgs/local/lib/python3.10/dist-packages/bumperbot_msgs/_bumperbot_msgs_s.ep.rosidl_typesupport_fastrtps_c.c
[3.209s] -- Up-to-date symlink: /home/alexnew/bumperbot_ws/install/bumperbot_msgs/local/lib/python3.10/dist-packages/bumperbot_msgs/_bumperbot_msgs_s.ep.rosidl_typesupport_introspection_c.c
[3.212s] -- Up-to-date symlink: /home/alexnew/bumperbot_ws/install/bumperbot_msgs/local/lib/python3.10/dist-packages/bumperbot_msgs/bumperbot_msgs_s__rosidl_typesupport_c.cpython-310-x86_64-linux-gnu.so
[3.212s] -- Up-to-date symlink: /home/alexnew/bumperbot_ws/install/bumperbot_msgs/local/lib/python3.10/dist-packages/bumperbot_msgs/bumperbot_msgs_s__rosidl_typesupport_fastrtps_c.cpython-310-x86_64-linux-gnu.so
[3.212s] -- Up-to-date symlink: /home/alexnew/bumperbot_ws/install/bumperbot_msgs/local/lib/python3.10/dist-packages/bumperbot_msgs/bumperbot_msgs_s__rosidl_typesupport_introspection_c.cpython-310-x86_64-linux-gnu.so
[3.212s] -- Up-to-date symlink: /home/alexnew/bumperbot_ws/install/bumperbot_msgs/local/lib/python3.10/dist-packages/bumperbot_msgs/libbumperbot_msgs__rosidl_generator_py.so
[3.213s] -- Up-to-date symlink: /home/alexnew/bumperbot_ws/install/bumperbot_msgs/local/lib/python3.10/dist-packages/bumperbot_msgs/srv/__init__.py
[3.213s] -- Up-to-date symlink: /home/alexnew/bumperbot_ws/install/bumperbot_msgs/local/lib/python3.10/dist-packages/bumperbot_msgs/srv/_add_two_ints.py
[3.213s] -- Up-to-date symlink: /home/alexnew/bumperbot_ws/install/bumperbot_msgs/local/lib/python3.10/dist-packages/bumperbot_msgs/srv/_add_two_ints_s.c
[3.213s] -- Up-to-date symlink: /home/alexnew/bumperbot_ws/install/bumperbot_msgs/local/lib/python3.10/dist-packages/bumperbot_msgs/srv/_get_transform.py
[3.213s] -- Up-to-date symlink: /home/alexnew/bumperbot_ws/install/bumperbot_msgs/local/lib/python3.10/dist-packages/bumperbot_msgs/srv/_get_transform_s.c
[3.214s] -- Up-to-date symlink: /home/alexnew/bumperbot_ws/install/bumperbot_msgs/local/lib/python3.10/dist-packages/bumperbot_msgs/bumperbot_msgs_s__rosidl_typesupport_fastrtps_c.cpython-310-x86_64-linux-gnu.so
[3.214s] -- Up-to-date symlink: /home/alexnew/bumperbot_ws/install/bumperbot_msgs/local/lib/python3.10/dist-packages/bumperbot_msgs/bumperbot_msgs_s__rosidl_typesupport_introspection_c.cpython-310-x86_64-linux-gnu.so
[3.215s] -- Up-to-date symlink: /home/alexnew/bumperbot_ws/install/bumperbot_msgs/local/lib/python3.10/dist-packages/bumperbot_msgs/bumperbot_msgs_s__rosidl_typesupport_c.cpython-310-x86_64-linux-gnu.so
[3.217s] -- Up-to-date symlink: /home/alexnew/bumperbot_ws/install/bumperbot_msgs/share/ament_index/resource_index/rust_packages/bumperbot_msgs
[3.217s] -- Up-to-date symlink: /home/alexnew/bumperbot_ws/install/bumperbot_msgs/share/bumperbot_msgs/rust/Cargo.toml
[3.217s] -- Up-to-date symlink: /home/alexnew/bumperbot_ws/install/bumperbot_msgs/share/bumperbot_msgs/rust/build.rs
[3.218s] -- Up-to-date symlink: /home/alexnew/bumperbot_ws/install/bumperbot_msgs/share/bumperbot_msgs/rust/src/lib.rs
[3.218s] -- Up-to-date symlink: /home/alexnew/bumperbot_ws/install/bumperbot_msgs/share/bumperbot_msgs/rust/src/srv.rs
[3.218s] -- Up-to-date symlink: /home/alexnew/bumperbot_ws/install/bumperbot_msgs/share/bumperbot_msgs/rust/src/srv/rmw.rs
[3.218s] -- Up-to-date symlink: /home/alexnew/bumperbot_ws/install/bumperbot_msgs/share/bumperbot_msgs/srv/AddTwoInts.idl
[3.218s] -- Up-to-date symlink: /home/alexnew/bumperbot_ws/install/bumperbot_msgs/share/bumperbot_msgs/srv/GetTransform.idl
[3.218s] -- Up-to-date symlink: /home/alexnew/bumperbot_ws/install/bumperbot_msgs/share/bumperbot_msgs/srv/AddTwoInts.srv
[3.218s] -- Up-to-date symlink: /home/alexnew/bumperbot_ws/install/bumperbot_msgs/share/bumperbot_msgs/srv/AddTwoInts_Request.msg
[3.218s] -- Up-to-date symlink: /home/alexnew/bumperbot_ws/install/bumperbot_msgs/share/bumperbot_msgs/srv/AddTwoInts_Response.msg
[3.220s] -- Up-to-date symlink: /home/alexnew/bumperbot_ws/install/bumperbot_msgs/share/bumperbot_msgs/srv/GetTransform.srv
[3.221s] -- Up-to-date symlink: /home/alexnew/bumperbot_ws/install/bumperbot_msgs/share/bumperbot_msgs/srv/GetTransform_Request.msg
[3.221s] -- Up-to-date symlink: /home/alexnew/bumperbot_ws/install/bumperbot_msgs/share/bumperbot_msgs/srv/GetTransform_Response.msg
[3.221s] -- Up-to-date symlink: /home/alexnew/bumperbot_ws/install/bumperbot_msgs/share/ament_index/resource_index/package_run_dependencies/bumperbot_msgs
[3.222s] -- Up-to-date symlink: /home/alexnew/bumperbot_ws/install/bumperbot_msgs/share/ament_index/resource_index/parent_prefix_path/bumperbot_msgs
[3.223s] -- Up-to-date symlink: /home/alexnew/bumperbot_ws/install/bumperbot_msgs/share/bumperbot_msgs/environment/ament_prefix_path.sh
[3.223s] -- Up-to-date symlink: /home/alexnew/bumperbot_ws/install/bumperbot_msgs/share/bumperbot_msgs/environment/ament_prefix_path.dsv
[3.223s] -- Up-to-date symlink: /home/alexnew/bumperbot_ws/install/bumperbot_msgs/share/bumperbot_msgs/environment/path.sh
[3.223s] -- Up-to-date symlink: /home/alexnew/bumperbot_ws/install/bumperbot_msgs/share/bumperbot_msgs/environment/path.dsv
[3.223s] -- Up-to-date symlink: /home/alexnew/bumperbot_ws/install/bumperbot_msgs/share/bumperbot_msgs/local_setup.bash
[3.223s] -- Up-to-date symlink: /home/alexnew/bumperbot_ws/install/bumperbot_msgs/share/bumperbot_msgs/local_setup.sh
[3.223s] -- Up-to-date symlink: /home/alexnew/bumperbot_ws/install/bumperbot_msgs/share/bumperbot_msgs/local_setup.zsh
[3.223s] -- Up-to-date symlink: /home/alexnew/bumperbot_ws/install/bumperbot_msgs/share/bumperbot_msgs/local_setup.dsv
[3.224s] -- Symlinking: /home/alexnew/bumperbot_ws/install/bumperbot_msgs/share/bumperbot_msgs/package.dsv
[3.236s] -- Up-to-date symlink: /home/alexnew/bumperbot_ws/install/bumperbot_msgs/share/ament_index/resource_index/packages/bumperbot_msgs
[3.236s] -- Up-to-date symlink: /home/alexnew/bumperbot_ws/install/bumperbot_msgs/share/bumperbot_msgs/cmake/rosidl_cmake-extras.cmake
[3.236s] -- Up-to-date symlink: /home/alexnew/bumperbot_ws/install/bumperbot_msgs/share/bumperbot_msgs/cmake/ament_cmake_export_dependencies-extras.cmake
[3.237s] -- Up-to-date symlink: /home/alexnew/bumperbot_ws/install/bumperbot_msgs/share/bumperbot_msgs/cmake/ament_cmake_export_include_directories-extras.cmake
[3.237s] -- Up-to-date symlink: /home/alexnew/bumperbot_ws/install/bumperbot_msgs/share/bumperbot_msgs/cmake/ament_cmake_export_libraries-extras.cmake
[3.237s] -- Up-to-date symlink: /home/alexnew/bumperbot_ws/install/bumperbot_msgs/share/bumperbot_msgs/cmake/ament_cmake_export_targets-extras.cmake
[3.238s] -- Up-to-date symlink: /home/alexnew/bumperbot_ws/install/bumperbot_msgs/share/bumperbot_msgs/cmake/rosidl_cmake_export_typesupport_targets-extras.cmake
[3.238s] -- Up-to-date symlink: /home/alexnew/bumperbot_ws/install/bumperbot_msgs/share/bumperbot_msgs/cmake/rosidl_cmake_export_typesupport_libraries-extras.cmake
[3.239s] -- Up-to-date symlink: /home/alexnew/bumperbot_ws/install/bumperbot_msgs/share/bumperbot_msgs/cmake/bumperbot_msgsConfig.cmake
[3.239s] -- Up-to-date symlink: /home/alexnew/bumperbot_ws/install/bumperbot_msgs/share/bumperbot_msgs/cmake/bumperbot_msgsConfig-version.cmake
[3.239s] -- Up-to-date symlink: /home/alexnew/bumperbot_ws/install/bumperbot_msgs/share/bumperbot_msgs/package.xml
[3.239s] -- Up-to-date: /home/alexnew/bumperbot_ws/install/bumperbot_msgs/lib/libbumperbot_msgs__rosidl_generator_c.so
[3.240s] -- Up-to-date: /home/alexnew/bumperbot_ws/install/bumperbot_msgs/lib/libbumperbot_msgs__rosidl_typesupport_fastrtps_c.so
[3.240s] -- Up-to-date: /home/alexnew/bumperbot_ws/install/bumperbot_msgs/lib/libbumperbot_msgs__rosidl_typesupport_fastrtps_cpp.so
[3.241s] -- Up-to-date: /home/alexnew/bumperbot_ws/install/bumperbot_msgs/lib/libbumperbot_msgs__rosidl_typesupport_introspection_c.so
[3.241s] -- Up-to-date: /home/alexnew/bumperbot_ws/install/bumperbot_msgs/lib/libbumperbot_msgs__rosidl_typesupport_c.so
[3.242s] -- Up-to-date: /home/alexnew/bumperbot_ws/install/bumperbot_msgs/lib/libbumperbot_msgs__rosidl_typesupport_introspection_cpp.so
[3.242s] -- Up-to-date: /home/alexnew/bumperbot_ws/install/bumperbot_msgs/lib/libbumperbot_msgs__rosidl_typesupport_cpp.so
[3.282s] Listing '/home/alexnew/bumperbot_ws/install/bumperbot_msgs/local/lib/python3.10/dist-packages/bumperbot_msgs'...
[3.282s] Listing '/home/alexnew/bumperbot_ws/install/bumperbot_msgs/local/lib/python3.10/dist-packages/bumperbot_msgs/srv'...
[3.288s] -- Up-to-date: /home/alexnew/bumperbot_ws/install/bumperbot_msgs/lib/libbumperbot_msgs__rosidl_generator_py.so
[3.289s] -- Up-to-date: /home/alexnew/bumperbot_ws/install/bumperbot_msgs/share/bumperbot_msgs/cmake/export_bumperbot_msgs__rosidl_generator_cExport.cmake
[3.289s] -- Up-to-date: /home/alexnew/bumperbot_ws/install/bumperbot_msgs/share/bumperbot_msgs/cmake/export_bumperbot_msgs__rosidl_generator_cExport-noconfig.cmake
[3.289s] -- Up-to-date: /home/alexnew/bumperbot_ws/install/bumperbot_msgs/share/bumperbot_msgs/cmake/export_bumperbot_msgs__rosidl_typesupport_fastrtps_cExport.cmake
[3.290s] -- Up-to-date: /home/alexnew/bumperbot_ws/install/bumperbot_msgs/share/bumperbot_msgs/cmake/export_bumperbot_msgs__rosidl_typesupport_fastrtps_cExport-noconfig.cmake
[3.292s] -- Up-to-date: /home/alexnew/bumperbot_ws/install/bumperbot_msgs/share/bumperbot_msgs/cmake/export_bumperbot_msgs__rosidl_generator_cppExport.cmake
[3.292s] -- Up-to-date: /home/alexnew/bumperbot_ws/install/bumperbot_msgs/share/bumperbot_msgs/cmake/export_bumperbot_msgs__rosidl_typesupport_fastrtps_cppExport.cmake
[3.292s] -- Up-to-date: /home/alexnew/bumperbot_ws/install/bumperbot_msgs/share/bumperbot_msgs/cmake/export_bumperbot_msgs__rosidl_typesupport_fastrtps_cppExport-noconfig.cmake
[3.293s] -- Up-to-date: /home/alexnew/bumperbot_ws/install/bumperbot_msgs/share/bumperbot_msgs/cmake/bumperbot_msgs__rosidl_typesupport_introspection_cExport.cmake
[3.293s] -- Up-to-date: /home/alexnew/bumperbot_ws/install/bumperbot_msgs/share/bumperbot_msgs/cmake/bumperbot_msgs__rosidl_typesupport_introspection_cExport-noconfig.cmake
[3.293s] -- Up-to-date: /home/alexnew/bumperbot_ws/install/bumperbot_msgs/share/bumperbot_msgs/cmake/bumperbot_msgs__rosidl_typesupport_cExport.cmake
[3.293s] -- Up-to-date: /home/alexnew/bumperbot_ws/install/bumperbot_msgs/share/bumperbot_msgs/cmake/bumperbot_msgs__rosidl_typesupport_cExport-noconfig.cmake
[3.294s] -- Up-to-date: /home/alexnew/bumperbot_ws/install/bumperbot_msgs/share/bumperbot_msgs/cmake/bumperbot_msgs__rosidl_typesupport_introspection_cppExport.cmake
[3.294s] -- Up-to-date: /home/alexnew/bumperbot_ws/install/bumperbot_msgs/share/bumperbot_msgs/cmake/bumperbot_msgs__rosidl_typesupport_introspection_cppExport-noconfig.cmake
[3.294s] -- Up-to-date: /home/alexnew/bumperbot_ws/install/bumperbot_msgs/share/bumperbot_msgs/cmake/bumperbot_msgs__rosidl_typesupport_cppExport.cmake
[3.295s] -- Up-to-date: /home/alexnew/bumperbot_ws/install/bumperbot_msgs/share/bumperbot_msgs/cmake/bumperbot_msgs__rosidl_typesupport_cppExport-noconfig.cmake
[3.295s] -- Up-to-date: /home/alexnew/bumperbot_ws/install/bumperbot_msgs/share/bumperbot_msgs/cmake/export_bumperbot_msgs__rosidl_generator_pyExport.cmake
[3.295s] -- Up-to-date: /home/alexnew/bumperbot_ws/install/bumperbot_msgs/share/bumperbot_msgs/cmake/export_bumperbot_msgs__rosidl_generator_pyExport-noconfig.cmake
[3.299s] Invoked command in '/home/alexnew/bumperbot_ws/build/bumperbot_msgs' returned '0': CMAKE_PREFIX_PATH=${CMAKE_PREFIX_PATH}:/home/alexnew/bumperbot_ws/install/bumperbot_py_examples:/opt/ros/humble /usr/bin/cmake --install /home/alexnew/bumperbot_ws/build/bumperbot_msgs
