[0.029s] Invoking command in '/home/alexnew/bumperbot_ws/build/bumperbot_msgs': CMAKE_PREFIX_PATH=${CMAKE_PREFIX_PATH}:/home/alexnew/bumperbot_ws/install/bumperbot_py_examples:/opt/ros/humble /usr/bin/cmake /home/alexnew/bumperbot_ws/src/bumperbot_msgs -DAMENT_CMAKE_SYMLINK_INSTALL=1 -DCMAKE_INSTALL_PREFIX=/home/alexnew/bumperbot_ws/install/bumperbot_msgs
[0.268s] -- The C compiler identification is GNU 11.4.0
[0.479s] -- The CXX compiler identification is GNU 11.4.0
[0.499s] -- Detecting C compiler ABI info
[0.615s] -- Detecting C compiler ABI info - done
[0.630s] -- Check for working C compiler: /usr/bin/cc - skipped
[0.631s] -- Detecting C compile features
[0.633s] -- Detecting C compile features - done
[0.638s] -- Detecting CXX compiler ABI info
[0.776s] -- Detecting CXX compiler ABI info - done
[0.785s] -- Check for working CXX compiler: /usr/bin/c++ - skipped
[0.785s] -- Detecting CXX compile features
[0.785s] -- Detecting CXX compile features - done
[0.787s] -- Found ament_cmake: 1.3.14 (/opt/ros/humble/share/ament_cmake/cmake)
[0.938s] -- Found Python3: /usr/bin/python3 (found version "3.10.12") found components: Interpreter 
[0.991s] -- Override CMake install command with custom implementation using symlinks instead of copying resources
[1.019s] -- Found geometry_msgs: 4.9.1 (/opt/ros/humble/share/geometry_msgs/cmake)
[1.053s] -- Found rosidl_generator_c: 3.1.8 (/opt/ros/humble/share/rosidl_generator_c/cmake)
[1.058s] -- Found rosidl_adapter: 3.1.8 (/opt/ros/humble/share/rosidl_adapter/cmake)
[1.066s] -- Found rosidl_generator_cpp: 3.1.8 (/opt/ros/humble/share/rosidl_generator_cpp/cmake)
[1.077s] -- Using all available rosidl_typesupport_c: rosidl_typesupport_fastrtps_c;rosidl_typesupport_introspection_c
[1.090s] -- Using all available rosidl_typesupport_cpp: rosidl_typesupport_fastrtps_cpp;rosidl_typesupport_introspection_cpp
[1.123s] -- Found rosidl_default_generators: 1.2.1 (/opt/ros/humble/share/rosidl_default_generators/cmake)
[1.432s] -- Found ament_cmake_ros: 0.10.0 (/opt/ros/humble/share/ament_cmake_ros/cmake)
[1.954s] -- Using all available rosidl_typesupport_c: rosidl_typesupport_fastrtps_c;rosidl_typesupport_introspection_c
[2.171s] -- Using all available rosidl_typesupport_cpp: rosidl_typesupport_fastrtps_cpp;rosidl_typesupport_introspection_cpp
[2.180s] -- Found PythonInterp: /usr/bin/python3 (found suitable version "3.10.12", minimum required is "3.6") 
[2.181s] -- Found python_cmake_module: 0.10.0 (/opt/ros/humble/share/python_cmake_module/cmake)
[2.212s] -- Found PythonLibs: /usr/lib/x86_64-linux-gnu/libpython3.10.so (found suitable version "3.10.12", minimum required is "3.5") 
[2.213s] -- Using PYTHON_EXECUTABLE: /usr/bin/python3
[2.213s] -- Using PYTHON_INCLUDE_DIRS: /usr/include/python3.10
[2.213s] -- Using PYTHON_LIBRARIES: /usr/lib/x86_64-linux-gnu/libpython3.10.so
[2.253s] -- Found PythonExtra: .so  
[2.520s] -- Configuring done
[2.599s] -- Generating done
[2.621s] -- Build files have been written to: /home/alexnew/bumperbot_ws/build/bumperbot_msgs
[2.651s] Invoked command in '/home/alexnew/bumperbot_ws/build/bumperbot_msgs' returned '0': CMAKE_PREFIX_PATH=${CMAKE_PREFIX_PATH}:/home/alexnew/bumperbot_ws/install/bumperbot_py_examples:/opt/ros/humble /usr/bin/cmake /home/alexnew/bumperbot_ws/src/bumperbot_msgs -DAMENT_CMAKE_SYMLINK_INSTALL=1 -DCMAKE_INSTALL_PREFIX=/home/alexnew/bumperbot_ws/install/bumperbot_msgs
[2.651s] Invoking command in '/home/alexnew/bumperbot_ws/build/bumperbot_msgs': CMAKE_PREFIX_PATH=${CMAKE_PREFIX_PATH}:/home/alexnew/bumperbot_ws/install/bumperbot_py_examples:/opt/ros/humble /usr/bin/cmake --build /home/alexnew/bumperbot_ws/build/bumperbot_msgs -- -j4 -l4
[2.745s] [  2%] [34m[1mGenerating C code for ROS interfaces[0m
[2.788s] [  5%] [34m[1mGenerating C++ code for ROS interfaces[0m
[2.792s] [  7%] [34m[1mGenerating Rust code for ROS interfaces[0m
[2.803s] [  7%] Built target ament_cmake_python_symlink_bumperbot_msgs
[3.221s] running egg_info
[3.230s] creating bumperbot_msgs.egg-info
[3.231s] writing bumperbot_msgs.egg-info/PKG-INFO
[3.239s] writing dependency_links to bumperbot_msgs.egg-info/dependency_links.txt
[3.239s] writing top-level names to bumperbot_msgs.egg-info/top_level.txt
[3.239s] writing manifest file 'bumperbot_msgs.egg-info/SOURCES.txt'
[3.239s] reading manifest file 'bumperbot_msgs.egg-info/SOURCES.txt'
[3.239s] [  7%] Built target bumperbot_msgs__rs
[3.269s] writing manifest file 'bumperbot_msgs.egg-info/SOURCES.txt'
[3.293s] [  7%] Built target ament_cmake_python_build_bumperbot_msgs_egg
[3.517s] [ 10%] [32mBuilding C object CMakeFiles/bumperbot_msgs__rosidl_generator_c.dir/rosidl_generator_c/bumperbot_msgs/srv/detail/add_two_ints__functions.c.o[0m
[3.534s] [ 12%] [32mBuilding C object CMakeFiles/bumperbot_msgs__rosidl_generator_c.dir/rosidl_generator_c/bumperbot_msgs/srv/detail/get_transform__functions.c.o[0m
[3.657s] [ 12%] Built target bumperbot_msgs__cpp
[3.672s] [ 15%] [32m[1mLinking C shared library libbumperbot_msgs__rosidl_generator_c.so[0m
[3.722s] [ 17%] [34m[1mGenerating C++ type support for eProsima Fast-RTPS[0m
[3.724s] [ 20%] [34m[1mGenerating C++ type support dispatch for ROS interfaces[0m
[3.754s] [ 22%] [34m[1mGenerating C++ introspection for ROS interfaces[0m
[3.893s] [ 22%] Built target bumperbot_msgs__rosidl_generator_c
[4.046s] [ 25%] [34m[1mGenerating C type support for eProsima Fast-RTPS[0m
[4.148s] [ 27%] [32mBuilding CXX object CMakeFiles/bumperbot_msgs__rosidl_typesupport_cpp.dir/rosidl_typesupport_cpp/bumperbot_msgs/srv/add_two_ints__type_support.cpp.o[0m
[4.405s] [ 30%] [32mBuilding CXX object CMakeFiles/bumperbot_msgs__rosidl_typesupport_fastrtps_cpp.dir/rosidl_typesupport_fastrtps_cpp/bumperbot_msgs/srv/detail/dds_fastrtps/add_two_ints__type_support.cpp.o[0m
[4.515s] [ 32%] [32mBuilding CXX object CMakeFiles/bumperbot_msgs__rosidl_typesupport_introspection_cpp.dir/rosidl_typesupport_introspection_cpp/bumperbot_msgs/srv/detail/add_two_ints__type_support.cpp.o[0m
[4.560s] [ 35%] [32mBuilding CXX object CMakeFiles/bumperbot_msgs__rosidl_typesupport_cpp.dir/rosidl_typesupport_cpp/bumperbot_msgs/srv/get_transform__type_support.cpp.o[0m
[4.953s] [ 37%] [32mBuilding CXX object CMakeFiles/bumperbot_msgs__rosidl_typesupport_fastrtps_c.dir/rosidl_typesupport_fastrtps_c/bumperbot_msgs/srv/detail/add_two_ints__type_support_c.cpp.o[0m
[5.172s] [ 40%] [32mBuilding CXX object CMakeFiles/bumperbot_msgs__rosidl_typesupport_introspection_cpp.dir/rosidl_typesupport_introspection_cpp/bumperbot_msgs/srv/detail/get_transform__type_support.cpp.o[0m
[5.186s] [ 42%] [32mBuilding CXX object CMakeFiles/bumperbot_msgs__rosidl_typesupport_fastrtps_cpp.dir/rosidl_typesupport_fastrtps_cpp/bumperbot_msgs/srv/detail/dds_fastrtps/get_transform__type_support.cpp.o[0m
[5.528s] [ 45%] [32m[1mLinking CXX shared library libbumperbot_msgs__rosidl_typesupport_cpp.so[0m
[5.591s] [ 47%] [32m[1mLinking CXX shared library libbumperbot_msgs__rosidl_typesupport_introspection_cpp.so[0m
[5.599s] [ 50%] [32mBuilding CXX object CMakeFiles/bumperbot_msgs__rosidl_typesupport_fastrtps_c.dir/rosidl_typesupport_fastrtps_c/bumperbot_msgs/srv/detail/get_transform__type_support_c.cpp.o[0m
[5.630s] [ 50%] Built target bumperbot_msgs__rosidl_typesupport_cpp
[5.736s] [ 52%] [34m[1mGenerating C introspection for ROS interfaces[0m
[5.772s] [ 55%] [32m[1mLinking CXX shared library libbumperbot_msgs__rosidl_typesupport_fastrtps_cpp.so[0m
[5.782s] [ 55%] Built target bumperbot_msgs__rosidl_typesupport_introspection_cpp
[5.799s] [ 57%] [34m[1mGenerating C type support dispatch for ROS interfaces[0m
[5.930s] [ 57%] Built target bumperbot_msgs__rosidl_typesupport_fastrtps_cpp
[6.215s] [ 60%] [32m[1mLinking CXX shared library libbumperbot_msgs__rosidl_typesupport_fastrtps_c.so[0m
[6.258s] [ 62%] [32mBuilding CXX object CMakeFiles/bumperbot_msgs__rosidl_typesupport_c.dir/rosidl_typesupport_c/bumperbot_msgs/srv/add_two_ints__type_support.cpp.o[0m
[6.301s] [ 65%] [32mBuilding CXX object CMakeFiles/bumperbot_msgs__rosidl_typesupport_c.dir/rosidl_typesupport_c/bumperbot_msgs/srv/get_transform__type_support.cpp.o[0m
[6.319s] [ 67%] [32m[1mLinking CXX shared library libbumperbot_msgs__rosidl_typesupport_c.so[0m
[6.400s] [ 70%] [32mBuilding C object CMakeFiles/bumperbot_msgs__rosidl_typesupport_introspection_c.dir/rosidl_typesupport_introspection_c/bumperbot_msgs/srv/detail/add_two_ints__type_support.c.o[0m
[6.439s] [ 72%] [32mBuilding C object CMakeFiles/bumperbot_msgs__rosidl_typesupport_introspection_c.dir/rosidl_typesupport_introspection_c/bumperbot_msgs/srv/detail/get_transform__type_support.c.o[0m
[6.441s] [ 72%] Built target bumperbot_msgs__rosidl_typesupport_fastrtps_c
[6.596s] [ 72%] Built target bumperbot_msgs__rosidl_typesupport_c
[6.622s] [ 75%] [32m[1mLinking C shared library libbumperbot_msgs__rosidl_typesupport_introspection_c.so[0m
[6.662s] [ 75%] Built target bumperbot_msgs__rosidl_typesupport_introspection_c
[6.710s] [ 75%] Built target bumperbot_msgs
[6.821s] [ 77%] [34m[1mGenerating Python code for ROS interfaces[0m
[8.494s] [ 77%] Built target bumperbot_msgs__py
[8.747s] [ 80%] [32mBuilding C object CMakeFiles/bumperbot_msgs__rosidl_generator_py.dir/rosidl_generator_py/bumperbot_msgs/srv/_add_two_ints_s.c.o[0m
[8.773s] [ 82%] [32mBuilding C object CMakeFiles/bumperbot_msgs__rosidl_generator_py.dir/rosidl_generator_py/bumperbot_msgs/srv/_get_transform_s.c.o[0m
[9.927s] [ 85%] [32m[1mLinking C shared library rosidl_generator_py/bumperbot_msgs/libbumperbot_msgs__rosidl_generator_py.so[0m
[10.749s] [ 85%] Built target bumperbot_msgs__rosidl_generator_py
[10.865s] [ 87%] [32mBuilding C object CMakeFiles/bumperbot_msgs__rosidl_typesupport_c__pyext.dir/rosidl_generator_py/bumperbot_msgs/_bumperbot_msgs_s.ep.rosidl_typesupport_c.c.o[0m
[10.868s] [ 90%] [32mBuilding C object CMakeFiles/bumperbot_msgs__rosidl_typesupport_fastrtps_c__pyext.dir/rosidl_generator_py/bumperbot_msgs/_bumperbot_msgs_s.ep.rosidl_typesupport_fastrtps_c.c.o[0m
[10.896s] [ 92%] [32mBuilding C object CMakeFiles/bumperbot_msgs__rosidl_typesupport_introspection_c__pyext.dir/rosidl_generator_py/bumperbot_msgs/_bumperbot_msgs_s.ep.rosidl_typesupport_introspection_c.c.o[0m
[11.197s] [ 95%] [32m[1mLinking C shared library rosidl_generator_py/bumperbot_msgs/bumperbot_msgs_s__rosidl_typesupport_fastrtps_c.cpython-310-x86_64-linux-gnu.so[0m
[11.204s] [100%] [32m[1mLinking C shared library rosidl_generator_py/bumperbot_msgs/bumperbot_msgs_s__rosidl_typesupport_introspection_c.cpython-310-x86_64-linux-gnu.so[0m
[11.204s] [100%] [32m[1mLinking C shared library rosidl_generator_py/bumperbot_msgs/bumperbot_msgs_s__rosidl_typesupport_c.cpython-310-x86_64-linux-gnu.so[0m
[11.284s] [100%] Built target bumperbot_msgs__rosidl_typesupport_c__pyext
[11.289s] [100%] Built target bumperbot_msgs__rosidl_typesupport_introspection_c__pyext
[11.292s] [100%] Built target bumperbot_msgs__rosidl_typesupport_fastrtps_c__pyext
[11.323s] Invoked command in '/home/alexnew/bumperbot_ws/build/bumperbot_msgs' returned '0': CMAKE_PREFIX_PATH=${CMAKE_PREFIX_PATH}:/home/alexnew/bumperbot_ws/install/bumperbot_py_examples:/opt/ros/humble /usr/bin/cmake --build /home/alexnew/bumperbot_ws/build/bumperbot_msgs -- -j4 -l4
[11.538s] Invoking command in '/home/alexnew/bumperbot_ws/build/bumperbot_msgs': CMAKE_PREFIX_PATH=${CMAKE_PREFIX_PATH}:/home/alexnew/bumperbot_ws/install/bumperbot_py_examples:/opt/ros/humble /usr/bin/cmake --install /home/alexnew/bumperbot_ws/build/bumperbot_msgs
[11.578s] -- Install configuration: ""
[11.579s] -- Execute custom install script
[11.579s] -- Symlinking: /home/alexnew/bumperbot_ws/install/bumperbot_msgs/share/ament_index/resource_index/rosidl_interfaces/bumperbot_msgs
[11.579s] -- Symlinking: /home/alexnew/bumperbot_ws/install/bumperbot_msgs/include/bumperbot_msgs/bumperbot_msgs/msg/rosidl_generator_c__visibility_control.h
[11.595s] -- Symlinking: /home/alexnew/bumperbot_ws/install/bumperbot_msgs/include/bumperbot_msgs/bumperbot_msgs/srv/add_two_ints.h
[11.608s] -- Symlinking: /home/alexnew/bumperbot_ws/install/bumperbot_msgs/include/bumperbot_msgs/bumperbot_msgs/srv/detail/add_two_ints__functions.h
[11.617s] -- Symlinking: /home/alexnew/bumperbot_ws/install/bumperbot_msgs/include/bumperbot_msgs/bumperbot_msgs/srv/detail/add_two_ints__struct.h
[11.626s] -- Symlinking: /home/alexnew/bumperbot_ws/install/bumperbot_msgs/include/bumperbot_msgs/bumperbot_msgs/srv/detail/add_two_ints__type_support.h
[11.648s] -- Symlinking: /home/alexnew/bumperbot_ws/install/bumperbot_msgs/include/bumperbot_msgs/bumperbot_msgs/srv/detail/get_transform__functions.h
[11.704s] -- Symlinking: /home/alexnew/bumperbot_ws/install/bumperbot_msgs/include/bumperbot_msgs/bumperbot_msgs/srv/detail/get_transform__struct.h
[11.788s] -- Symlinking: /home/alexnew/bumperbot_ws/install/bumperbot_msgs/include/bumperbot_msgs/bumperbot_msgs/srv/detail/get_transform__type_support.h
[11.805s] -- Symlinking: /home/alexnew/bumperbot_ws/install/bumperbot_msgs/include/bumperbot_msgs/bumperbot_msgs/srv/get_transform.h
[11.816s] -- Symlinking: /home/alexnew/bumperbot_ws/install/bumperbot_msgs/share/bumperbot_msgs/environment/library_path.sh
[11.827s] -- Symlinking: /home/alexnew/bumperbot_ws/install/bumperbot_msgs/share/bumperbot_msgs/environment/library_path.dsv
[11.840s] -- Symlinking: /home/alexnew/bumperbot_ws/install/bumperbot_msgs/include/bumperbot_msgs/bumperbot_msgs/msg/rosidl_typesupport_fastrtps_c__visibility_control.h
[11.848s] -- Symlinking: /home/alexnew/bumperbot_ws/install/bumperbot_msgs/include/bumperbot_msgs/bumperbot_msgs/srv/detail/add_two_ints__rosidl_typesupport_fastrtps_c.h
[11.860s] -- Symlinking: /home/alexnew/bumperbot_ws/install/bumperbot_msgs/include/bumperbot_msgs/bumperbot_msgs/srv/detail/get_transform__rosidl_typesupport_fastrtps_c.h
[11.873s] -- Symlinking: /home/alexnew/bumperbot_ws/install/bumperbot_msgs/include/bumperbot_msgs/bumperbot_msgs/msg/rosidl_generator_cpp__visibility_control.hpp
[11.881s] -- Symlinking: /home/alexnew/bumperbot_ws/install/bumperbot_msgs/include/bumperbot_msgs/bumperbot_msgs/srv/add_two_ints.hpp
[11.891s] -- Symlinking: /home/alexnew/bumperbot_ws/install/bumperbot_msgs/include/bumperbot_msgs/bumperbot_msgs/srv/detail/add_two_ints__builder.hpp
[11.901s] -- Symlinking: /home/alexnew/bumperbot_ws/install/bumperbot_msgs/include/bumperbot_msgs/bumperbot_msgs/srv/detail/add_two_ints__struct.hpp
[11.912s] -- Symlinking: /home/alexnew/bumperbot_ws/install/bumperbot_msgs/include/bumperbot_msgs/bumperbot_msgs/srv/detail/add_two_ints__traits.hpp
[11.928s] -- Symlinking: /home/alexnew/bumperbot_ws/install/bumperbot_msgs/include/bumperbot_msgs/bumperbot_msgs/srv/detail/add_two_ints__type_support.hpp
[11.939s] -- Symlinking: /home/alexnew/bumperbot_ws/install/bumperbot_msgs/include/bumperbot_msgs/bumperbot_msgs/srv/detail/get_transform__builder.hpp
[11.950s] -- Symlinking: /home/alexnew/bumperbot_ws/install/bumperbot_msgs/include/bumperbot_msgs/bumperbot_msgs/srv/detail/get_transform__struct.hpp
[11.959s] -- Symlinking: /home/alexnew/bumperbot_ws/install/bumperbot_msgs/include/bumperbot_msgs/bumperbot_msgs/srv/detail/get_transform__traits.hpp
[11.970s] -- Symlinking: /home/alexnew/bumperbot_ws/install/bumperbot_msgs/include/bumperbot_msgs/bumperbot_msgs/srv/detail/get_transform__type_support.hpp
[11.979s] -- Symlinking: /home/alexnew/bumperbot_ws/install/bumperbot_msgs/include/bumperbot_msgs/bumperbot_msgs/srv/get_transform.hpp
[11.988s] -- Symlinking: /home/alexnew/bumperbot_ws/install/bumperbot_msgs/include/bumperbot_msgs/bumperbot_msgs/msg/rosidl_typesupport_fastrtps_cpp__visibility_control.h
[11.997s] -- Symlinking: /home/alexnew/bumperbot_ws/install/bumperbot_msgs/include/bumperbot_msgs/bumperbot_msgs/srv/detail/add_two_ints__rosidl_typesupport_fastrtps_cpp.hpp
[12.317s] -- Symlinking: /home/alexnew/bumperbot_ws/install/bumperbot_msgs/include/bumperbot_msgs/bumperbot_msgs/srv/detail/get_transform__rosidl_typesupport_fastrtps_cpp.hpp
[12.332s] -- Symlinking: /home/alexnew/bumperbot_ws/install/bumperbot_msgs/include/bumperbot_msgs/bumperbot_msgs/msg/rosidl_typesupport_introspection_c__visibility_control.h
[12.439s] -- Symlinking: /home/alexnew/bumperbot_ws/install/bumperbot_msgs/include/bumperbot_msgs/bumperbot_msgs/srv/detail/add_two_ints__rosidl_typesupport_introspection_c.h
[12.453s] -- Symlinking: /home/alexnew/bumperbot_ws/install/bumperbot_msgs/include/bumperbot_msgs/bumperbot_msgs/srv/detail/get_transform__rosidl_typesupport_introspection_c.h
[12.497s] -- Symlinking: /home/alexnew/bumperbot_ws/install/bumperbot_msgs/include/bumperbot_msgs/bumperbot_msgs/srv/detail/add_two_ints__rosidl_typesupport_introspection_cpp.hpp
[12.540s] -- Symlinking: /home/alexnew/bumperbot_ws/install/bumperbot_msgs/include/bumperbot_msgs/bumperbot_msgs/srv/detail/get_transform__rosidl_typesupport_introspection_cpp.hpp
[12.766s] -- Symlinking: /home/alexnew/bumperbot_ws/install/bumperbot_msgs/share/bumperbot_msgs/environment/pythonpath.sh
[12.790s] -- Symlinking: /home/alexnew/bumperbot_ws/install/bumperbot_msgs/share/bumperbot_msgs/environment/pythonpath.dsv
[12.811s] -- Symlinking: /home/alexnew/bumperbot_ws/install/bumperbot_msgs/local/lib/python3.10/dist-packages/bumperbot_msgs-0.0.0-py3.10.egg-info/PKG-INFO
[12.830s] -- Symlinking: /home/alexnew/bumperbot_ws/install/bumperbot_msgs/local/lib/python3.10/dist-packages/bumperbot_msgs-0.0.0-py3.10.egg-info/SOURCES.txt
[12.891s] -- Symlinking: /home/alexnew/bumperbot_ws/install/bumperbot_msgs/local/lib/python3.10/dist-packages/bumperbot_msgs-0.0.0-py3.10.egg-info/dependency_links.txt
[12.906s] -- Symlinking: /home/alexnew/bumperbot_ws/install/bumperbot_msgs/local/lib/python3.10/dist-packages/bumperbot_msgs-0.0.0-py3.10.egg-info/top_level.txt
[12.949s] -- Symlinking: /home/alexnew/bumperbot_ws/install/bumperbot_msgs/local/lib/python3.10/dist-packages/bumperbot_msgs/__init__.py
[12.997s] -- Symlinking: /home/alexnew/bumperbot_ws/install/bumperbot_msgs/local/lib/python3.10/dist-packages/bumperbot_msgs/_bumperbot_msgs_s.ep.rosidl_typesupport_c.c
[13.035s] -- Symlinking: /home/alexnew/bumperbot_ws/install/bumperbot_msgs/local/lib/python3.10/dist-packages/bumperbot_msgs/_bumperbot_msgs_s.ep.rosidl_typesupport_fastrtps_c.c
[13.095s] -- Symlinking: /home/alexnew/bumperbot_ws/install/bumperbot_msgs/local/lib/python3.10/dist-packages/bumperbot_msgs/_bumperbot_msgs_s.ep.rosidl_typesupport_introspection_c.c
[13.144s] -- Symlinking: /home/alexnew/bumperbot_ws/install/bumperbot_msgs/local/lib/python3.10/dist-packages/bumperbot_msgs/bumperbot_msgs_s__rosidl_typesupport_c.cpython-310-x86_64-linux-gnu.so
[13.198s] -- Symlinking: /home/alexnew/bumperbot_ws/install/bumperbot_msgs/local/lib/python3.10/dist-packages/bumperbot_msgs/bumperbot_msgs_s__rosidl_typesupport_fastrtps_c.cpython-310-x86_64-linux-gnu.so
[13.208s] -- Symlinking: /home/alexnew/bumperbot_ws/install/bumperbot_msgs/local/lib/python3.10/dist-packages/bumperbot_msgs/bumperbot_msgs_s__rosidl_typesupport_introspection_c.cpython-310-x86_64-linux-gnu.so
[13.222s] -- Symlinking: /home/alexnew/bumperbot_ws/install/bumperbot_msgs/local/lib/python3.10/dist-packages/bumperbot_msgs/libbumperbot_msgs__rosidl_generator_py.so
[13.271s] -- Symlinking: /home/alexnew/bumperbot_ws/install/bumperbot_msgs/local/lib/python3.10/dist-packages/bumperbot_msgs/srv/__init__.py
[13.284s] -- Symlinking: /home/alexnew/bumperbot_ws/install/bumperbot_msgs/local/lib/python3.10/dist-packages/bumperbot_msgs/srv/_add_two_ints.py
[13.295s] -- Symlinking: /home/alexnew/bumperbot_ws/install/bumperbot_msgs/local/lib/python3.10/dist-packages/bumperbot_msgs/srv/_add_two_ints_s.c
[13.324s] -- Symlinking: /home/alexnew/bumperbot_ws/install/bumperbot_msgs/local/lib/python3.10/dist-packages/bumperbot_msgs/srv/_get_transform.py
[13.480s] -- Symlinking: /home/alexnew/bumperbot_ws/install/bumperbot_msgs/local/lib/python3.10/dist-packages/bumperbot_msgs/srv/_get_transform_s.c
[13.509s] -- Up-to-date symlink: /home/alexnew/bumperbot_ws/install/bumperbot_msgs/local/lib/python3.10/dist-packages/bumperbot_msgs/bumperbot_msgs_s__rosidl_typesupport_fastrtps_c.cpython-310-x86_64-linux-gnu.so
[13.511s] -- Up-to-date symlink: /home/alexnew/bumperbot_ws/install/bumperbot_msgs/local/lib/python3.10/dist-packages/bumperbot_msgs/bumperbot_msgs_s__rosidl_typesupport_introspection_c.cpython-310-x86_64-linux-gnu.so
[13.511s] -- Up-to-date symlink: /home/alexnew/bumperbot_ws/install/bumperbot_msgs/local/lib/python3.10/dist-packages/bumperbot_msgs/bumperbot_msgs_s__rosidl_typesupport_c.cpython-310-x86_64-linux-gnu.so
[13.511s] -- Symlinking: /home/alexnew/bumperbot_ws/install/bumperbot_msgs/share/ament_index/resource_index/rust_packages/bumperbot_msgs
[13.521s] -- Symlinking: /home/alexnew/bumperbot_ws/install/bumperbot_msgs/share/bumperbot_msgs/rust/Cargo.toml
[13.554s] -- Symlinking: /home/alexnew/bumperbot_ws/install/bumperbot_msgs/share/bumperbot_msgs/rust/build.rs
[13.575s] -- Symlinking: /home/alexnew/bumperbot_ws/install/bumperbot_msgs/share/bumperbot_msgs/rust/src/lib.rs
[13.596s] -- Symlinking: /home/alexnew/bumperbot_ws/install/bumperbot_msgs/share/bumperbot_msgs/rust/src/srv.rs
[13.632s] -- Symlinking: /home/alexnew/bumperbot_ws/install/bumperbot_msgs/share/bumperbot_msgs/rust/src/srv/rmw.rs
[13.650s] -- Symlinking: /home/alexnew/bumperbot_ws/install/bumperbot_msgs/share/bumperbot_msgs/srv/AddTwoInts.idl
[13.667s] -- Symlinking: /home/alexnew/bumperbot_ws/install/bumperbot_msgs/share/bumperbot_msgs/srv/GetTransform.idl
[13.686s] -- Symlinking: /home/alexnew/bumperbot_ws/install/bumperbot_msgs/share/bumperbot_msgs/srv/AddTwoInts.srv
[13.711s] -- Symlinking: /home/alexnew/bumperbot_ws/install/bumperbot_msgs/share/bumperbot_msgs/srv/AddTwoInts_Request.msg
[13.735s] -- Symlinking: /home/alexnew/bumperbot_ws/install/bumperbot_msgs/share/bumperbot_msgs/srv/AddTwoInts_Response.msg
[13.757s] -- Symlinking: /home/alexnew/bumperbot_ws/install/bumperbot_msgs/share/bumperbot_msgs/srv/GetTransform.srv
[13.772s] -- Symlinking: /home/alexnew/bumperbot_ws/install/bumperbot_msgs/share/bumperbot_msgs/srv/GetTransform_Request.msg
[13.785s] -- Symlinking: /home/alexnew/bumperbot_ws/install/bumperbot_msgs/share/bumperbot_msgs/srv/GetTransform_Response.msg
[13.813s] -- Symlinking: /home/alexnew/bumperbot_ws/install/bumperbot_msgs/share/ament_index/resource_index/package_run_dependencies/bumperbot_msgs
[13.839s] -- Symlinking: /home/alexnew/bumperbot_ws/install/bumperbot_msgs/share/ament_index/resource_index/parent_prefix_path/bumperbot_msgs
[13.862s] -- Symlinking: /home/alexnew/bumperbot_ws/install/bumperbot_msgs/share/bumperbot_msgs/environment/ament_prefix_path.sh
[13.889s] -- Symlinking: /home/alexnew/bumperbot_ws/install/bumperbot_msgs/share/bumperbot_msgs/environment/ament_prefix_path.dsv
[13.914s] -- Symlinking: /home/alexnew/bumperbot_ws/install/bumperbot_msgs/share/bumperbot_msgs/environment/path.sh
[13.942s] -- Symlinking: /home/alexnew/bumperbot_ws/install/bumperbot_msgs/share/bumperbot_msgs/environment/path.dsv
[13.959s] -- Symlinking: /home/alexnew/bumperbot_ws/install/bumperbot_msgs/share/bumperbot_msgs/local_setup.bash
[13.971s] -- Symlinking: /home/alexnew/bumperbot_ws/install/bumperbot_msgs/share/bumperbot_msgs/local_setup.sh
[13.981s] -- Symlinking: /home/alexnew/bumperbot_ws/install/bumperbot_msgs/share/bumperbot_msgs/local_setup.zsh
[13.996s] -- Symlinking: /home/alexnew/bumperbot_ws/install/bumperbot_msgs/share/bumperbot_msgs/local_setup.dsv
[14.001s] -- Symlinking: /home/alexnew/bumperbot_ws/install/bumperbot_msgs/share/bumperbot_msgs/package.dsv
[14.012s] -- Symlinking: /home/alexnew/bumperbot_ws/install/bumperbot_msgs/share/ament_index/resource_index/packages/bumperbot_msgs
[14.025s] -- Symlinking: /home/alexnew/bumperbot_ws/install/bumperbot_msgs/share/bumperbot_msgs/cmake/rosidl_cmake-extras.cmake
[14.035s] -- Symlinking: /home/alexnew/bumperbot_ws/install/bumperbot_msgs/share/bumperbot_msgs/cmake/ament_cmake_export_dependencies-extras.cmake
[14.047s] -- Symlinking: /home/alexnew/bumperbot_ws/install/bumperbot_msgs/share/bumperbot_msgs/cmake/ament_cmake_export_include_directories-extras.cmake
[14.055s] -- Symlinking: /home/alexnew/bumperbot_ws/install/bumperbot_msgs/share/bumperbot_msgs/cmake/ament_cmake_export_libraries-extras.cmake
[14.067s] -- Symlinking: /home/alexnew/bumperbot_ws/install/bumperbot_msgs/share/bumperbot_msgs/cmake/ament_cmake_export_targets-extras.cmake
[14.079s] -- Symlinking: /home/alexnew/bumperbot_ws/install/bumperbot_msgs/share/bumperbot_msgs/cmake/rosidl_cmake_export_typesupport_targets-extras.cmake
[14.088s] -- Symlinking: /home/alexnew/bumperbot_ws/install/bumperbot_msgs/share/bumperbot_msgs/cmake/rosidl_cmake_export_typesupport_libraries-extras.cmake
[14.099s] -- Symlinking: /home/alexnew/bumperbot_ws/install/bumperbot_msgs/share/bumperbot_msgs/cmake/bumperbot_msgsConfig.cmake
[14.110s] -- Symlinking: /home/alexnew/bumperbot_ws/install/bumperbot_msgs/share/bumperbot_msgs/cmake/bumperbot_msgsConfig-version.cmake
[14.120s] -- Symlinking: /home/alexnew/bumperbot_ws/install/bumperbot_msgs/share/bumperbot_msgs/package.xml
[14.136s] -- Installing: /home/alexnew/bumperbot_ws/install/bumperbot_msgs/lib/libbumperbot_msgs__rosidl_generator_c.so
[14.137s] -- Set runtime path of "/home/alexnew/bumperbot_ws/install/bumperbot_msgs/lib/libbumperbot_msgs__rosidl_generator_c.so" to ""
[14.137s] -- Installing: /home/alexnew/bumperbot_ws/install/bumperbot_msgs/lib/libbumperbot_msgs__rosidl_typesupport_fastrtps_c.so
[14.138s] -- Set runtime path of "/home/alexnew/bumperbot_ws/install/bumperbot_msgs/lib/libbumperbot_msgs__rosidl_typesupport_fastrtps_c.so" to ""
[14.138s] -- Installing: /home/alexnew/bumperbot_ws/install/bumperbot_msgs/lib/libbumperbot_msgs__rosidl_typesupport_fastrtps_cpp.so
[14.138s] -- Set runtime path of "/home/alexnew/bumperbot_ws/install/bumperbot_msgs/lib/libbumperbot_msgs__rosidl_typesupport_fastrtps_cpp.so" to ""
[14.138s] -- Installing: /home/alexnew/bumperbot_ws/install/bumperbot_msgs/lib/libbumperbot_msgs__rosidl_typesupport_introspection_c.so
[14.138s] -- Set runtime path of "/home/alexnew/bumperbot_ws/install/bumperbot_msgs/lib/libbumperbot_msgs__rosidl_typesupport_introspection_c.so" to ""
[14.138s] -- Installing: /home/alexnew/bumperbot_ws/install/bumperbot_msgs/lib/libbumperbot_msgs__rosidl_typesupport_c.so
[14.139s] -- Set runtime path of "/home/alexnew/bumperbot_ws/install/bumperbot_msgs/lib/libbumperbot_msgs__rosidl_typesupport_c.so" to ""
[14.139s] -- Installing: /home/alexnew/bumperbot_ws/install/bumperbot_msgs/lib/libbumperbot_msgs__rosidl_typesupport_introspection_cpp.so
[14.139s] -- Set runtime path of "/home/alexnew/bumperbot_ws/install/bumperbot_msgs/lib/libbumperbot_msgs__rosidl_typesupport_introspection_cpp.so" to ""
[14.139s] -- Installing: /home/alexnew/bumperbot_ws/install/bumperbot_msgs/lib/libbumperbot_msgs__rosidl_typesupport_cpp.so
[14.139s] -- Set runtime path of "/home/alexnew/bumperbot_ws/install/bumperbot_msgs/lib/libbumperbot_msgs__rosidl_typesupport_cpp.so" to ""
[14.208s] Listing '/home/alexnew/bumperbot_ws/install/bumperbot_msgs/local/lib/python3.10/dist-packages/bumperbot_msgs'...
[14.208s] Compiling '/home/alexnew/bumperbot_ws/install/bumperbot_msgs/local/lib/python3.10/dist-packages/bumperbot_msgs/__init__.py'...
[14.208s] Listing '/home/alexnew/bumperbot_ws/install/bumperbot_msgs/local/lib/python3.10/dist-packages/bumperbot_msgs/srv'...
[14.208s] Compiling '/home/alexnew/bumperbot_ws/install/bumperbot_msgs/local/lib/python3.10/dist-packages/bumperbot_msgs/srv/__init__.py'...
[14.208s] Compiling '/home/alexnew/bumperbot_ws/install/bumperbot_msgs/local/lib/python3.10/dist-packages/bumperbot_msgs/srv/_add_two_ints.py'...
[14.208s] Compiling '/home/alexnew/bumperbot_ws/install/bumperbot_msgs/local/lib/python3.10/dist-packages/bumperbot_msgs/srv/_get_transform.py'...
[14.222s] -- Installing: /home/alexnew/bumperbot_ws/install/bumperbot_msgs/lib/libbumperbot_msgs__rosidl_generator_py.so
[14.223s] -- Set runtime path of "/home/alexnew/bumperbot_ws/install/bumperbot_msgs/lib/libbumperbot_msgs__rosidl_generator_py.so" to ""
[14.223s] -- Installing: /home/alexnew/bumperbot_ws/install/bumperbot_msgs/share/bumperbot_msgs/cmake/export_bumperbot_msgs__rosidl_generator_cExport.cmake
[14.224s] -- Installing: /home/alexnew/bumperbot_ws/install/bumperbot_msgs/share/bumperbot_msgs/cmake/export_bumperbot_msgs__rosidl_generator_cExport-noconfig.cmake
[14.224s] -- Installing: /home/alexnew/bumperbot_ws/install/bumperbot_msgs/share/bumperbot_msgs/cmake/export_bumperbot_msgs__rosidl_typesupport_fastrtps_cExport.cmake
[14.224s] -- Installing: /home/alexnew/bumperbot_ws/install/bumperbot_msgs/share/bumperbot_msgs/cmake/export_bumperbot_msgs__rosidl_typesupport_fastrtps_cExport-noconfig.cmake
[14.225s] -- Installing: /home/alexnew/bumperbot_ws/install/bumperbot_msgs/share/bumperbot_msgs/cmake/export_bumperbot_msgs__rosidl_generator_cppExport.cmake
[14.225s] -- Installing: /home/alexnew/bumperbot_ws/install/bumperbot_msgs/share/bumperbot_msgs/cmake/export_bumperbot_msgs__rosidl_typesupport_fastrtps_cppExport.cmake
[14.225s] -- Installing: /home/alexnew/bumperbot_ws/install/bumperbot_msgs/share/bumperbot_msgs/cmake/export_bumperbot_msgs__rosidl_typesupport_fastrtps_cppExport-noconfig.cmake
[14.225s] -- Installing: /home/alexnew/bumperbot_ws/install/bumperbot_msgs/share/bumperbot_msgs/cmake/bumperbot_msgs__rosidl_typesupport_introspection_cExport.cmake
[14.225s] -- Installing: /home/alexnew/bumperbot_ws/install/bumperbot_msgs/share/bumperbot_msgs/cmake/bumperbot_msgs__rosidl_typesupport_introspection_cExport-noconfig.cmake
[14.225s] -- Installing: /home/alexnew/bumperbot_ws/install/bumperbot_msgs/share/bumperbot_msgs/cmake/bumperbot_msgs__rosidl_typesupport_cExport.cmake
[14.229s] -- Installing: /home/alexnew/bumperbot_ws/install/bumperbot_msgs/share/bumperbot_msgs/cmake/bumperbot_msgs__rosidl_typesupport_cExport-noconfig.cmake
[14.229s] -- Installing: /home/alexnew/bumperbot_ws/install/bumperbot_msgs/share/bumperbot_msgs/cmake/bumperbot_msgs__rosidl_typesupport_introspection_cppExport.cmake
[14.230s] -- Installing: /home/alexnew/bumperbot_ws/install/bumperbot_msgs/share/bumperbot_msgs/cmake/bumperbot_msgs__rosidl_typesupport_introspection_cppExport-noconfig.cmake
[14.233s] -- Installing: /home/alexnew/bumperbot_ws/install/bumperbot_msgs/share/bumperbot_msgs/cmake/bumperbot_msgs__rosidl_typesupport_cppExport.cmake
[14.235s] -- Installing: /home/alexnew/bumperbot_ws/install/bumperbot_msgs/share/bumperbot_msgs/cmake/bumperbot_msgs__rosidl_typesupport_cppExport-noconfig.cmake
[14.236s] -- Installing: /home/alexnew/bumperbot_ws/install/bumperbot_msgs/share/bumperbot_msgs/cmake/export_bumperbot_msgs__rosidl_generator_pyExport.cmake
[14.237s] -- Installing: /home/alexnew/bumperbot_ws/install/bumperbot_msgs/share/bumperbot_msgs/cmake/export_bumperbot_msgs__rosidl_generator_pyExport-noconfig.cmake
[14.241s] Invoked command in '/home/alexnew/bumperbot_ws/build/bumperbot_msgs' returned '0': CMAKE_PREFIX_PATH=${CMAKE_PREFIX_PATH}:/home/alexnew/bumperbot_ws/install/bumperbot_py_examples:/opt/ros/humble /usr/bin/cmake --install /home/alexnew/bumperbot_ws/build/bumperbot_msgs
